Microsoft Windows [Version 10.0.22621.3155]
(c) Microsoft Corporation. All rights reserved.

C:\Users\anilk>mongosh
Current Mongosh Log ID: 660d14d454cf913e506e7c2c
Connecting to:          mongodb://127.0.0.1:27017/?directConnection=true&serverSelectionTimeoutMS=2000&appName=mongosh+2.0.1
Using MongoDB:          7.0.2
Using Mongosh:          2.0.1
mongosh 2.2.2 is available for download: https://www.mongodb.com/try/download/shell

For mongosh info see: https://docs.mongodb.com/mongodb-shell/

------
   The server generated these startup warnings when booting
   2024-03-26T08:22:59.719+05:30: Access control is not enabled for the database. Read and write access to data and configuration is unrestricted
------

Warning: Found ~/.mongorc.js, but not ~/.mongoshrc.js. ~/.mongorc.js will not be loaded.
  You may want to copy or rename ~/.mongorc.js to ~/.mongoshrc.js.
test> use iacsd0324
switched to db iacsd0324
iacsd0324> show collections
movie
restaurent
iacsd0324> db.restaurent.findOne();
{
  _id: ObjectId("660c16cb5857a2881c46dc60"),
  address: {
    building: '8825',
    coord: [ -73.8803827, 40.7643124 ],
    street: 'Astoria Boulevard',
    zipcode: '11369'
  },
  borough: 'Queens',
  cuisine: 'American',
  grades: [
    {
      date: ISODate("2014-11-15T00:00:00.000Z"),
      grade: 'Z',
      score: 38
    },
    {
      date: ISODate("2014-05-02T00:00:00.000Z"),
      grade: 'A',
      score: 10
    },
    { date: ISODate("2013-03-02T00:00:00.000Z"), grade: 'A', score: 7 },
iacsd0324>
      date: ISODate("2012-02-10T00:00:00.000Z"),
      grade: 'A',
      score: 13
    }
  ],
  name: 'Brunos On The Boulevard',
  restaurant_id: '40356151'
}
iacsd0324> db.movie.find({price:{$in:[200,310,500]}});
[
  {
    _id: ObjectId("5aaa31a2639395f86922a87e"),
    name: 'kahani',
    actor: [ 'aaaa', 'bbbb', 'karan', 'karri', 'vidya' ],
    ticket_no: 420,
    price: 200,
    ac7tors: [ 'bbbb' ],
    rating: 8,
    lastmodified: ISODate("2019-04-07T11:25:40.634Z")
  },
  {
    _id: ObjectId("5ca47ef82952ebdd7ae2a932"),
    name: 'newton',
    ticket_no: 690,
    actor: [ 'Rajkumar Rao', 'Pankaj Tripathi' ],
    price: 310,
    lastmodified: ISODate("2019-09-28T14:47:49.204Z")
  },
  {
    _id: ObjectId("5aab6da4639395f86922a883"),
    name: 'kahani 2',
    ticket_no: 820,
    actor: [
      'vidya',  'Arjun',
      'Jonny',  'nawaz',
      'prasad', 'Shreyas',
      'Jonny',  'yash'
    ],
    rating: 5,
    price: 200
  },
  {
    _id: ObjectId("5aaa31ee639395f86922a87f"),
    name: '3 idiots',
    actor: [ 'Kareena Kapoor', 'amir', 'kareena', 'mahadavan', 'sharman' ],
    rating: 3,
    ticket_no: 150,
    price: 200
  }
]
iacsd0324> db.movie.find({rating:null});
[
  {
    _id: ObjectId("5ca47ef82952ebdd7ae2a932"),
    name: 'newton',
    ticket_no: 690,
    actor: [ 'Rajkumar Rao', 'Pankaj Tripathi' ],
    price: 310,
    lastmodified: ISODate("2019-09-28T14:47:49.204Z")
  },
  {
    _id: ObjectId("5d8f51ce065d3e2aa902aa22"),
    name: 'dream girl',
    actor: [ 'ayushman', 'nushrat bharucha' ],
    price: 250,
    rating: null
  },
  { _id: ObjectId("5d8f6eec620d2353221b91dd"), price: 280 },
  {
    _id: ObjectId("660c29e847e155487f7cc956"),
    name: 'titanic',
    price: 220,
    ticket_num: 456,
    release_date: ISODate("1997-03-02T00:00:00.000Z")
  }
]
iacsd0324> db.movie.find({rating:{$exists:false}})
[
  {
    _id: ObjectId("5ca47ef82952ebdd7ae2a932"),
    name: 'newton',
    ticket_no: 690,
    actor: [ 'Rajkumar Rao', 'Pankaj Tripathi' ],
    price: 310,
    lastmodified: ISODate("2019-09-28T14:47:49.204Z")
  },
  { _id: ObjectId("5d8f6eec620d2353221b91dd"), price: 280 },
  {
    _id: ObjectId("660c29e847e155487f7cc956"),
    name: 'titanic',
    price: 220,
    ticket_num: 456,
    release_date: ISODate("1997-03-02T00:00:00.000Z")
  }
]
iacsd0324> db.movie.find({actor:'Amitabh'})
[
  {
    _id: ObjectId("5aaa3334639395f86922a881"),
    name: 'sholay',
    actor: [
      'Dharamendra',
      'Amitabh',
      'Sachin Pilgaokar',
      'Dharamendra',
      'Dharamendra',
      'Mr. Khote',
      'jaya bacchan',
      'sanjiv kapoor'
    ],
    rating: 6,
    ticket_no: 550,
    price: 350,
    position: [ 2, 2 ]
  },
  {
    _id: ObjectId("5ca456072952ebdd7ae2a930"),
    name: 'paa',
    actor: [ 'Amitabh', 'vidya balan', 'Abhishek' ],
    rating: 2,
    price: 270,
    ticket_no: 210,
    rdate: ISODate("2019-01-23T00:00:00.000Z"),
    others: { director: 'R Balki', songs: 'Amit trivedi' }
  }
]
iacsd0324> db.movie.find({actor:'amitabh'})
[
  {
    _id: ObjectId("5aaa3334639395f86922a882"),
    name: 'aradhana',
    actor: [ 'amitabh', 'prem', 'rajesh khanna' ],
    rating: 3,
    ticket_no: 550,
    price: 260
  }
]
iacsd0324> db.movie.find({'actor.0':'Amitabh'})
[
  {
    _id: ObjectId("5ca456072952ebdd7ae2a930"),
    name: 'paa',
    actor: [ 'Amitabh', 'vidya balan', 'Abhishek' ],
    rating: 2,
    price: 270,
    ticket_no: 210,
    rdate: ISODate("2019-01-23T00:00:00.000Z"),
    others: { director: 'R Balki', songs: 'Amit trivedi' }
  }
]
iacsd0324> db.movie.find({'actor.1':'Amitabh'})
[
  {
    _id: ObjectId("5aaa3334639395f86922a881"),
    name: 'sholay',
    actor: [
      'Dharamendra',
      'Amitabh',
      'Sachin Pilgaokar',
      'Dharamendra',
      'Dharamendra',
      'Mr. Khote',
      'jaya bacchan',
      'sanjiv kapoor'
    ],
    rating: 6,
    ticket_no: 550,
    price: 350,
    position: [ 2, 2 ]
  }
]
iacsd0324> db.movie.find({actor:{$size:3}})
[
  {
    _id: ObjectId("5c8283789eb55675f0272933"),
    name: 'uri',
    rating: 5,
    actor: [ 'vicky kaushal', 'yami', 'Paresh Rawal' ]
  },
  {
    _id: ObjectId("5ca456072952ebdd7ae2a930"),
    name: 'paa',
    actor: [ 'Amitabh', 'vidya balan', 'Abhishek' ],
    rating: 2,
    price: 270,
    ticket_no: 210,
    rdate: ISODate("2019-01-23T00:00:00.000Z"),
    others: { director: 'R Balki', songs: 'Amit trivedi' }
  },
  {
    _id: ObjectId("5aaa3334639395f86922a882"),
    name: 'aradhana',
    actor: [ 'amitabh', 'prem', 'rajesh khanna' ],
    rating: 3,
    ticket_no: 550,
    price: 260
  }
]
iacsd0324> db.movie.find({rating:{$type,'string'}})
Uncaught:
SyntaxError: Unexpected token (1:37)

> 1 | db.movie.find({rating:{$type,'string'}})
    |                                      ^
  2 |

iacsd0324> db.movie.find({rating:{$type:'string'}})

iacsd0324> db.movie.insert({name:'rrr',rating:'three',price:300})
DeprecationWarning: Collection.insert() is deprecated. Use insertOne, insertMany, or bulkWrite.
{
  acknowledged: true,
  insertedIds: { '0': ObjectId("660d20bf54cf913e506e7c2d") }
}
iacsd0324> db.movie.find()
[
  {
    _id: ObjectId("5c865923d82c19b8ed996550"),
    name: 'Dil dhadakane do',
    rating: 3,
    price: 340,
    actor: "['Anil kapoor']"
  },
  {
    _id: ObjectId("5aaa31a2639395f86922a87e"),
    name: 'kahani',
    actor: [ 'aaaa', 'bbbb', 'karan', 'karri', 'vidya' ],
    ticket_no: 420,
    price: 200,
    ac7tors: [ 'bbbb' ],
    rating: 8,
    lastmodified: ISODate("2019-04-07T11:25:40.634Z")
  },
  {
    _id: ObjectId("5ca47ef82952ebdd7ae2a932"),
    name: 'newton',
    ticket_no: 690,
    actor: [ 'Rajkumar Rao', 'Pankaj Tripathi' ],
    price: 310,
    lastmodified: ISODate("2019-09-28T14:47:49.204Z")
  },
  {
    _id: ObjectId("5d6935a3470e2bef2a82cdfa"),
    name: 'mission mangal',
    price: 350,
    actor: [ 'Sonakshi', 'Vidya Balan' ],
    rating: 6
  },
  {
    _id: ObjectId("5ca47e5b2952ebdd7ae2a931"),
    name: 'padmavat',
    rating: 4,
    price: 250,
    ticket_no: 300,
    actor: [
      'Deepika',
      'shahid kapoor',
      'ranveer singh',
      'aditi Rao',
      'aaaaa'
    ],
    cancellation: { date: Timestamp({ t: 1567175239, i: 1 }) }
  },
  {
    _id: ObjectId("5d8f51ce065d3e2aa902aa22"),
    name: 'dream girl',
    actor: [ 'ayushman', 'nushrat bharucha' ],
    price: 250,
    rating: null
  },
  {
    _id: ObjectId("5d89e9adfd4adc2f84279f43"),
    name: 'chichore',
    price: 274,
    rating: 4.3,
    actor: [ 'sushant', 'shradha kapoor', 'zzz', 'harshal' ]
  },
  { _id: ObjectId("5d8f6eec620d2353221b91dd"), price: 280 },
  {
    _id: ObjectId("5bf6a38c57b2d4cc676c7a96"),
    name: 'Andhadhund',
    price: null,
    actor: [ 'Tabbu' ],
    rating: 4
  },
  {
    _id: ObjectId("5aaa3334639395f86922a881"),
    name: 'sholay',
    actor: [
      'Dharamendra',
      'Amitabh',
      'Sachin Pilgaokar',
      'Dharamendra',
      'Dharamendra',
      'Mr. Khote',
      'jaya bacchan',
      'sanjiv kapoor'
    ],
    rating: 6,
    ticket_no: 550,
    price: 350,
    position: [ 2, 2 ]
  },
  {
    _id: ObjectId("5aaa3334639395f86922a880"),
    name: 'lagaan',
    actor: [ 'amir', 'angraz' ],
    rating: 6,
    ticket_no: 410,
    price: 350,
    cancellation: {
      date: Timestamp({ t: 1554356003, i: 1 }),
      reason: 'user request'
    },
    lastModified: ISODate("2019-04-04T05:33:23.022Z")
  },
  {
    _id: ObjectId("5c8283789eb55675f0272933"),
    name: 'uri',
    rating: 5,
    actor: [ 'vicky kaushal', 'yami', 'Paresh Rawal' ]
  },
  {
    _id: ObjectId("5ca456072952ebdd7ae2a930"),
    name: 'paa',
    actor: [ 'Amitabh', 'vidya balan', 'Abhishek' ],
    rating: 2,
    price: 270,
    ticket_no: 210,
    rdate: ISODate("2019-01-23T00:00:00.000Z"),
    others: { director: 'R Balki', songs: 'Amit trivedi' }
  },
  {
    _id: ObjectId("5aaa3334639395f86922a882"),
    name: 'aradhana',
    actor: [ 'amitabh', 'prem', 'rajesh khanna' ],
    rating: 3,
    ticket_no: 550,
    price: 260
  },
  {
    _id: ObjectId("5aab6da4639395f86922a883"),
    name: 'kahani 2',
    ticket_no: 820,
    actor: [
      'vidya',  'Arjun',
      'Jonny',  'nawaz',
      'prasad', 'Shreyas',
      'Jonny',  'yash'
    ],
    rating: 5,
    price: 200
  },
  {
    _id: ObjectId("5ca453ef2952ebdd7ae2a92f"),
    name: 'Kesari',
    actor: [ 'Akshay Kumar', 'Pariniti chopra' ],
    rating: 6,
    price: 350,
    ticket_no: 270,
    rdate: ISODate("2019-01-23T00:00:00.000Z")
  },
  {
    _id: ObjectId("5bf6a36f57b2d4cc676c7a95"),
    name: 'Andhadhund',
    price: 400,
    actor: [ 'Ayushman', 'radhika' ],
    rating: 4
  },
  {
    _id: ObjectId("5aaa31ee639395f86922a87f"),
    name: '3 idiots',
    actor: [ 'Kareena Kapoor', 'amir', 'kareena', 'mahadavan', 'sharman' ],
    rating: 3,
    ticket_no: 150,
    price: 200
  },
  {
    _id: ObjectId("660c29e847e155487f7cc956"),
    name: 'titanic',
    price: 220,
    ticket_num: 456,
    release_date: ISODate("1997-03-02T00:00:00.000Z")
  },
  {
    _id: ObjectId("660d20bf54cf913e506e7c2d"),
    name: 'rrr',
    rating: 'three',
    price: 300
  }
]
Type "it" for more
iacsd0324> db.movie.find({rating:{$type:'string'}})
[
  {
    _id: ObjectId("660d20bf54cf913e506e7c2d"),
    name: 'rrr',
    rating: 'three',
    price: 300
  }
]
iacsd0324> db.movie.find({rating:{$not:{$type:'string'}}})
[
  {
    _id: ObjectId("5c865923d82c19b8ed996550"),
    name: 'Dil dhadakane do',
    rating: 3,
    price: 340,
    actor: "['Anil kapoor']"
  },
  {
    _id: ObjectId("5aaa31a2639395f86922a87e"),
    name: 'kahani',
    actor: [ 'aaaa', 'bbbb', 'karan', 'karri', 'vidya' ],
    ticket_no: 420,
    price: 200,
    ac7tors: [ 'bbbb' ],
    rating: 8,
    lastmodified: ISODate("2019-04-07T11:25:40.634Z")
  },
  {
    _id: ObjectId("5ca47ef82952ebdd7ae2a932"),
    name: 'newton',
    ticket_no: 690,
    actor: [ 'Rajkumar Rao', 'Pankaj Tripathi' ],
    price: 310,
    lastmodified: ISODate("2019-09-28T14:47:49.204Z")
  },
  {
    _id: ObjectId("5d6935a3470e2bef2a82cdfa"),
    name: 'mission mangal',
    price: 350,
    actor: [ 'Sonakshi', 'Vidya Balan' ],
    rating: 6
  },
  {
    _id: ObjectId("5ca47e5b2952ebdd7ae2a931"),
    name: 'padmavat',
    rating: 4,
    price: 250,
    ticket_no: 300,
    actor: [
      'Deepika',
      'shahid kapoor',
      'ranveer singh',
      'aditi Rao',
      'aaaaa'
    ],
    cancellation: { date: Timestamp({ t: 1567175239, i: 1 }) }
  },
  {
    _id: ObjectId("5d8f51ce065d3e2aa902aa22"),
    name: 'dream girl',
    actor: [ 'ayushman', 'nushrat bharucha' ],
    price: 250,
    rating: null
  },
  {
    _id: ObjectId("5d89e9adfd4adc2f84279f43"),
    name: 'chichore',
    price: 274,
    rating: 4.3,
    actor: [ 'sushant', 'shradha kapoor', 'zzz', 'harshal' ]
  },
  { _id: ObjectId("5d8f6eec620d2353221b91dd"), price: 280 },
  {
    _id: ObjectId("5bf6a38c57b2d4cc676c7a96"),
    name: 'Andhadhund',
    price: null,
    actor: [ 'Tabbu' ],
    rating: 4
  },
  {
    _id: ObjectId("5aaa3334639395f86922a881"),
    name: 'sholay',
    actor: [
      'Dharamendra',
      'Amitabh',
      'Sachin Pilgaokar',
      'Dharamendra',
      'Dharamendra',
      'Mr. Khote',
      'jaya bacchan',
      'sanjiv kapoor'
    ],
    rating: 6,
    ticket_no: 550,
    price: 350,
    position: [ 2, 2 ]
  },
  {
    _id: ObjectId("5aaa3334639395f86922a880"),
    name: 'lagaan',
    actor: [ 'amir', 'angraz' ],
    rating: 6,
    ticket_no: 410,
    price: 350,
    cancellation: {
      date: Timestamp({ t: 1554356003, i: 1 }),
      reason: 'user request'
    },
    lastModified: ISODate("2019-04-04T05:33:23.022Z")
  },
  {
    _id: ObjectId("5c8283789eb55675f0272933"),
    name: 'uri',
    rating: 5,
    actor: [ 'vicky kaushal', 'yami', 'Paresh Rawal' ]
  },
  {
    _id: ObjectId("5ca456072952ebdd7ae2a930"),
    name: 'paa',
    actor: [ 'Amitabh', 'vidya balan', 'Abhishek' ],
    rating: 2,
    price: 270,
    ticket_no: 210,
    rdate: ISODate("2019-01-23T00:00:00.000Z"),
    others: { director: 'R Balki', songs: 'Amit trivedi' }
  },
  {
    _id: ObjectId("5aaa3334639395f86922a882"),
    name: 'aradhana',
    actor: [ 'amitabh', 'prem', 'rajesh khanna' ],
    rating: 3,
    ticket_no: 550,
    price: 260
  },
  {
    _id: ObjectId("5aab6da4639395f86922a883"),
    name: 'kahani 2',
    ticket_no: 820,
    actor: [
      'vidya',  'Arjun',
      'Jonny',  'nawaz',
      'prasad', 'Shreyas',
      'Jonny',  'yash'
    ],
    rating: 5,
    price: 200
  },
  {
    _id: ObjectId("5ca453ef2952ebdd7ae2a92f"),
    name: 'Kesari',
    actor: [ 'Akshay Kumar', 'Pariniti chopra' ],
    rating: 6,
    price: 350,
    ticket_no: 270,
    rdate: ISODate("2019-01-23T00:00:00.000Z")
  },
  {
    _id: ObjectId("5bf6a36f57b2d4cc676c7a95"),
    name: 'Andhadhund',
    price: 400,
    actor: [ 'Ayushman', 'radhika' ],
    rating: 4
  },
  {
    _id: ObjectId("5aaa31ee639395f86922a87f"),
    name: '3 idiots',
    actor: [ 'Kareena Kapoor', 'amir', 'kareena', 'mahadavan', 'sharman' ],
    rating: 3,
    ticket_no: 150,
    price: 200
  },
  {
    _id: ObjectId("660c29e847e155487f7cc956"),
    name: 'titanic',
    price: 220,
    ticket_num: 456,
    release_date: ISODate("1997-03-02T00:00:00.000Z")
  }
]
iacsd0324> db.movie.find({ "$expr": { "$eq": [{ "$year": "$release_date" },
...
...                                                      2016] } });

iacsd0324> db.movie.find({ "$expr": { "$eq": [{ "$year": "$release_date" }, 1997] } });
[
  {
    _id: ObjectId("660c29e847e155487f7cc956"),
    name: 'titanic',
    price: 220,
    ticket_num: 456,
    release_date: ISODate("1997-03-02T00:00:00.000Z")
  }
]
iacsd0324> db.restaurent.findOne();
{
  _id: ObjectId("660c16cb5857a2881c46dc60"),
  address: {
    building: '8825',
    coord: [ -73.8803827, 40.7643124 ],
    street: 'Astoria Boulevard',
    zipcode: '11369'
  },
  borough: 'Queens',
  cuisine: 'American',
  grades: [
    {
      date: ISODate("2014-11-15T00:00:00.000Z"),
      grade: 'Z',
      score: 38
    },
    {
      date: ISODate("2014-05-02T00:00:00.000Z"),
      grade: 'A',
      score: 10
    },
    { date: ISODate("2013-03-02T00:00:00.000Z"), grade: 'A', score: 7 },
    {
      date: ISODate("2012-02-10T00:00:00.000Z"),
      grade: 'A',
      score: 13
    }
  ],
  name: 'Brunos On The Boulevard',
  restaurant_id: '40356151'
}
iacsd0324> db.restaurent.find({'address.coord.1':{$gt:40}})
[
  {
    _id: ObjectId("660c16cb5857a2881c46dc60"),
    address: {
      building: '8825',
      coord: [ -73.8803827, 40.7643124 ],
      street: 'Astoria Boulevard',
      zipcode: '11369'
    },
    borough: 'Queens',
    cuisine: 'American',
    grades: [
      {
        date: ISODate("2014-11-15T00:00:00.000Z"),
        grade: 'Z',
        score: 38
      },
      {
        date: ISODate("2014-05-02T00:00:00.000Z"),
        grade: 'A',
        score: 10
      },
      {
        date: ISODate("2013-03-02T00:00:00.000Z"),
        grade: 'A',
        score: 7
      },
      {
        date: ISODate("2012-02-10T00:00:00.000Z"),
        grade: 'A',
        score: 13
      }
    ],
    name: 'Brunos On The Boulevard',
    restaurant_id: '40356151'
  },
  {
    _id: ObjectId("660c16cb5857a2881c46dc61"),
    address: {
      building: '7114',
      coord: [ -73.9068506, 40.6199034 ],
      street: 'Avenue U',
      zipcode: '11234'
    },
    borough: 'Brooklyn',
    cuisine: 'Delicatessen',
    grades: [
      {
        date: ISODate("2014-05-29T00:00:00.000Z"),
        grade: 'A',
        score: 10
      },
      {
        date: ISODate("2014-01-14T00:00:00.000Z"),
        grade: 'A',
        score: 10
      },
      {
        date: ISODate("2013-08-03T00:00:00.000Z"),
        grade: 'A',
        score: 8
      },
      {
        date: ISODate("2012-07-18T00:00:00.000Z"),
        grade: 'A',
        score: 10
      },
      {
        date: ISODate("2012-03-09T00:00:00.000Z"),
        grade: 'A',
        score: 13
      },
      {
        date: ISODate("2011-10-14T00:00:00.000Z"),
        grade: 'A',
        score: 9
      }
    ],
    name: "Wilken'S Fine Food",
    restaurant_id: '40356483'
  },
  {
    _id: ObjectId("660c16cb5857a2881c46dc62"),
    address: {
      building: '1269',
      coord: [ -73.871194, 40.6730975 ],
      street: 'Sutter Avenue',
      zipcode: '11208'
    },
    borough: 'Brooklyn',
    cuisine: 'Chinese',
    grades: [
      {
        date: ISODate("2014-09-16T00:00:00.000Z"),
        grade: 'B',
        score: 21
      },
      {
        date: ISODate("2013-08-28T00:00:00.000Z"),
        grade: 'A',
        score: 7
      },
      {
        date: ISODate("2013-04-02T00:00:00.000Z"),
        grade: 'C',
        score: 56
      },
      {
        date: ISODate("2012-08-15T00:00:00.000Z"),
        grade: 'B',
        score: 27
      },
      {
        date: ISODate("2012-03-28T00:00:00.000Z"),
        grade: 'B',
        score: 27
      }
    ],
    name: 'May May Kitchen',
    restaurant_id: '40358429'
  },
  {
    _id: ObjectId("660c16cb5857a2881c46dc63"),
    address: {
      building: '1',
      coord: [ -73.96926909999999, 40.7685235 ],
      street: 'East   66 Street',
      zipcode: '10065'
    },
    borough: 'Manhattan',
    cuisine: 'American',
    grades: [
      {
        date: ISODate("2014-05-07T00:00:00.000Z"),
        grade: 'A',
        score: 3
      },
      {
        date: ISODate("2013-05-03T00:00:00.000Z"),
        grade: 'A',
        score: 4
      },
      {
        date: ISODate("2012-04-30T00:00:00.000Z"),
        grade: 'A',
        score: 6
      },
      {
        date: ISODate("2011-12-27T00:00:00.000Z"),
        grade: 'A',
        score: 0
      }
    ],
    name: '1 East 66Th Street Kitchen',
    restaurant_id: '40359480'
  },
  {
    _id: ObjectId("660c16cb5857a2881c46dc64"),
    address: {
      building: '705',
      coord: [ -73.9653967, 40.6064339 ],
      street: 'Kings Highway',
      zipcode: '11223'
    },
    borough: 'Brooklyn',
    cuisine: 'Jewish/Kosher',
    grades: [
      {
        date: ISODate("2014-11-10T00:00:00.000Z"),
        grade: 'A',
        score: 11
      },
      {
        date: ISODate("2013-10-10T00:00:00.000Z"),
        grade: 'A',
        score: 13
      },
      {
        date: ISODate("2012-10-04T00:00:00.000Z"),
        grade: 'A',
        score: 7
      },
      {
        date: ISODate("2012-05-21T00:00:00.000Z"),
        grade: 'A',
        score: 9
      },
      {
        date: ISODate("2011-12-30T00:00:00.000Z"),
        grade: 'B',
        score: 19
      }
    ],
    name: 'Seuda Foods',
    restaurant_id: '40360045'
  },
  {
    _id: ObjectId("660c16cb5857a2881c46dc65"),
    address: {
      building: '203',
      coord: [ -73.97822040000001, 40.6435254 ],
      street: 'Church Avenue',
      zipcode: '11218'
    },
    borough: 'Brooklyn',
    cuisine: 'Ice Cream, Gelato, Yogurt, Ices',
    grades: [
      {
        date: ISODate("2014-02-10T00:00:00.000Z"),
        grade: 'A',
        score: 2
      },
      {
        date: ISODate("2013-01-02T00:00:00.000Z"),
        grade: 'A',
        score: 13
      },
      {
        date: ISODate("2012-01-09T00:00:00.000Z"),
        grade: 'A',
        score: 3
      },
      {
        date: ISODate("2011-11-07T00:00:00.000Z"),
        grade: 'P',
        score: 12
      },
      {
        date: ISODate("2011-07-21T00:00:00.000Z"),
        grade: 'A',
        score: 13
      }
    ],
    name: 'Carvel Ice Cream',
    restaurant_id: '40360076'
  },
  {
    _id: ObjectId("660c16cb5857a2881c46dc66"),
    address: {
      building: '265-15',
      coord: [ -73.7032601, 40.7386417 ],
      street: 'Hillside Avenue',
      zipcode: '11004'
    },
    borough: 'Queens',
    cuisine: 'Ice Cream, Gelato, Yogurt, Ices',
    grades: [
      {
        date: ISODate("2014-10-28T00:00:00.000Z"),
        grade: 'A',
        score: 9
      },
      {
        date: ISODate("2013-09-18T00:00:00.000Z"),
        grade: 'A',
        score: 10
      },
      {
        date: ISODate("2012-09-20T00:00:00.000Z"),
        grade: 'A',
        score: 13
      }
    ],
    name: 'Carvel Ice Cream',
    restaurant_id: '40361322'
  },
  {
    _id: ObjectId("660c16cb5857a2881c46dc67"),
    address: {
      building: '6909',
      coord: [ -74.0259567, 40.6353674 ],
      street: '3 Avenue',
      zipcode: '11209'
    },
    borough: 'Brooklyn',
    cuisine: 'Delicatessen',
    grades: [
      {
        date: ISODate("2014-08-21T00:00:00.000Z"),
        grade: 'A',
        score: 4
      },
      {
        date: ISODate("2014-03-05T00:00:00.000Z"),
        grade: 'A',
        score: 3
      },
      {
        date: ISODate("2013-01-10T00:00:00.000Z"),
        grade: 'A',
        score: 10
      }
    ],
    name: 'Nordic Delicacies',
    restaurant_id: '40361390'
  },
  {
    _id: ObjectId("660c16cb5857a2881c46dc68"),
    address: {
      building: '522',
      coord: [ -73.95171, 40.767461 ],
      street: 'East   74 Street',
      zipcode: '10021'
    },
    borough: 'Manhattan',
    cuisine: 'American',
    grades: [
      {
        date: ISODate("2014-09-02T00:00:00.000Z"),
        grade: 'A',
        score: 12
      },
      {
        date: ISODate("2013-12-19T00:00:00.000Z"),
        grade: 'B',
        score: 16
      },
      {
        date: ISODate("2013-05-28T00:00:00.000Z"),
        grade: 'A',
        score: 9
      },
      {
        date: ISODate("2012-12-07T00:00:00.000Z"),
        grade: 'A',
        score: 13
      },
      {
        date: ISODate("2012-03-29T00:00:00.000Z"),
        grade: 'A',
        score: 11
      }
    ],
    name: 'Glorious Food',
    restaurant_id: '40361521'
  },
  {
    _id: ObjectId("660c16cb5857a2881c46dc69"),
    address: {
      building: '129-08',
      coord: [ -73.839297, 40.78147 ],
      street: '20 Avenue',
      zipcode: '11356'
    },
    borough: 'Queens',
    cuisine: 'Delicatessen',
    grades: [
      {
        date: ISODate("2014-08-16T00:00:00.000Z"),
        grade: 'A',
        score: 12
      },
      {
        date: ISODate("2013-08-27T00:00:00.000Z"),
        grade: 'A',
        score: 9
      },
      {
        date: ISODate("2012-09-20T00:00:00.000Z"),
        grade: 'A',
        score: 7
      },
      {
        date: ISODate("2011-09-29T00:00:00.000Z"),
        grade: 'A',
        score: 10
      }
    ],
    name: "Sal'S Deli",
    restaurant_id: '40361618'
  },
  {
    _id: ObjectId("660c16cb5857a2881c46dc6a"),
    address: {
      building: '284',
      coord: [ -73.9829239, 40.6580753 ],
      street: 'Prospect Park West',
      zipcode: '11215'
    },
    borough: 'Brooklyn',
    cuisine: 'American',
    grades: [
      {
        date: ISODate("2014-11-19T00:00:00.000Z"),
        grade: 'A',
        score: 11
      },
      {
        date: ISODate("2013-11-14T00:00:00.000Z"),
        grade: 'A',
        score: 2
      },
      {
        date: ISODate("2012-12-05T00:00:00.000Z"),
        grade: 'A',
        score: 13
      },
      {
        date: ISODate("2012-05-17T00:00:00.000Z"),
        grade: 'A',
        score: 11
      }
    ],
    name: 'The Movable Feast',
    restaurant_id: '40361606'
  },
  {
    _id: ObjectId("660c16cb5857a2881c46dc6b"),
    address: {
      building: '3406',
      coord: [ -73.94024739999999, 40.7623288 ],
      street: '10 Street',
      zipcode: '11106'
    },
    borough: 'Queens',
    cuisine: 'Delicatessen',
    grades: [
      {
        date: ISODate("2014-03-19T00:00:00.000Z"),
        grade: 'A',
        score: 3
      },
      {
        date: ISODate("2013-03-13T00:00:00.000Z"),
        grade: 'A',
        score: 12
      },
      {
        date: ISODate("2012-03-27T00:00:00.000Z"),
        grade: 'A',
        score: 8
      },
      {
        date: ISODate("2011-04-05T00:00:00.000Z"),
        grade: 'A',
        score: 7
      }
    ],
    name: "Steve Chu'S Deli & Grocery",
    restaurant_id: '40361998'
  },
  {
    _id: ObjectId("660c16cb5857a2881c46dc6c"),
    address: {
      building: '1839',
      coord: [ -73.9482609, 40.6408271 ],
      street: 'Nostrand Avenue',
      zipcode: '11226'
    },
    borough: 'Brooklyn',
    cuisine: 'Ice Cream, Gelato, Yogurt, Ices',
    grades: [
      {
        date: ISODate("2014-07-14T00:00:00.000Z"),
        grade: 'A',
        score: 12
      },
      {
        date: ISODate("2013-07-10T00:00:00.000Z"),
        grade: 'A',
        score: 8
      },
      {
        date: ISODate("2012-07-11T00:00:00.000Z"),
        grade: 'A',
        score: 5
      },
      {
        date: ISODate("2012-02-23T00:00:00.000Z"),
        grade: 'A',
        score: 8
      }
    ],
    name: 'Taste The Tropics Ice Cream',
    restaurant_id: '40356731'
  },
  {
    _id: ObjectId("660c16cb5857a2881c46dc6d"),
    address: {
      building: '730',
      coord: [ -73.96805719999999, 40.7925587 ],
      street: 'Columbus Avenue',
      zipcode: '10025'
    },
    borough: 'Manhattan',
    cuisine: 'American',
    grades: [
      {
        date: ISODate("2014-09-12T00:00:00.000Z"),
        grade: 'B',
        score: 26
      },
      {
        date: ISODate("2013-08-28T00:00:00.000Z"),
        grade: 'A',
        score: 9
      },
      {
        date: ISODate("2013-03-25T00:00:00.000Z"),
        grade: 'B',
        score: 20
      },
      {
        date: ISODate("2012-02-14T00:00:00.000Z"),
        grade: 'A',
        score: 12
      }
    ],
    name: 'P & S Deli Grocery',
    restaurant_id: '40362264'
  },
  {
    _id: ObjectId("660c16cb5857a2881c46dc6e"),
    address: {
      building: '502',
      coord: [ -73.976112, 40.786714 ],
      street: 'Amsterdam Avenue',
      zipcode: '10024'
    },
    borough: 'Manhattan',
    cuisine: 'Chicken',
    grades: [
      {
        date: ISODate("2014-09-15T00:00:00.000Z"),
        grade: 'A',
        score: 10
      },
      {
        date: ISODate("2014-03-04T00:00:00.000Z"),
        grade: 'A',
        score: 13
      },
      {
        date: ISODate("2013-07-18T00:00:00.000Z"),
        grade: 'A',
        score: 13
      },
      {
        date: ISODate("2013-01-09T00:00:00.000Z"),
        grade: 'A',
        score: 11
      },
      {
        date: ISODate("2012-04-10T00:00:00.000Z"),
        grade: 'A',
        score: 10
      },
      {
        date: ISODate("2011-11-15T00:00:00.000Z"),
        grade: 'A',
        score: 7
      }
    ],
    name: "Harriet'S Kitchen",
    restaurant_id: '40362098'
  },
  {
    _id: ObjectId("660c16cb5857a2881c46dc6f"),
    address: {
      building: '2300',
      coord: [ -73.8786113, 40.8502883 ],
      street: 'Southern Boulevard',
      zipcode: '10460'
    },
    borough: 'Bronx',
    cuisine: 'American',
    grades: [
      {
        date: ISODate("2014-05-28T00:00:00.000Z"),
        grade: 'A',
        score: 11
      },
      {
        date: ISODate("2013-06-19T00:00:00.000Z"),
        grade: 'A',
        score: 4
      },
      {
        date: ISODate("2012-06-15T00:00:00.000Z"),
        grade: 'A',
        score: 3
      }
    ],
    name: 'Wild Asia',
    restaurant_id: '40357217'
  },
  {
    _id: ObjectId("660c16cb5857a2881c46dc70"),
    address: {
      building: '6409',
      coord: [ -74.00528899999999, 40.628886 ],
      street: '11 Avenue',
      zipcode: '11219'
    },
    borough: 'Brooklyn',
    cuisine: 'American',
    grades: [
      {
        date: ISODate("2014-07-18T00:00:00.000Z"),
        grade: 'A',
        score: 12
      },
      {
        date: ISODate("2013-07-30T00:00:00.000Z"),
        grade: 'A',
        score: 12
      },
      {
        date: ISODate("2013-02-13T00:00:00.000Z"),
        grade: 'A',
        score: 11
      },
      {
        date: ISODate("2012-08-16T00:00:00.000Z"),
        grade: 'A',
        score: 2
      },
      {
        date: ISODate("2011-08-17T00:00:00.000Z"),
        grade: 'A',
        score: 11
      }
    ],
    name: 'Regina Caterers',
    restaurant_id: '40356649'
  },
  {
    _id: ObjectId("660c16cb5857a2881c46dc71"),
    address: {
      building: '2780',
      coord: [ -73.98241999999999, 40.579505 ],
      street: 'Stillwell Avenue',
      zipcode: '11224'
    },
    borough: 'Brooklyn',
    cuisine: 'American',
    grades: [
      {
        date: ISODate("2014-06-10T00:00:00.000Z"),
        grade: 'A',
        score: 5
      },
      {
        date: ISODate("2013-06-05T00:00:00.000Z"),
        grade: 'A',
        score: 7
      },
      {
        date: ISODate("2012-04-13T00:00:00.000Z"),
        grade: 'A',
        score: 12
      },
      {
        date: ISODate("2011-10-12T00:00:00.000Z"),
        grade: 'A',
        score: 12
      }
    ],
    name: 'Riviera Caterer',
    restaurant_id: '40356018'
  },
  {
    _id: ObjectId("660c16cb5857a2881c46dc72"),
    address: {
      building: '469',
      coord: [ -73.961704, 40.662942 ],
      street: 'Flatbush Avenue',
      zipcode: '11225'
    },
    borough: 'Brooklyn',
    cuisine: 'Hamburgers',
    grades: [
      {
        date: ISODate("2014-12-30T00:00:00.000Z"),
        grade: 'A',
        score: 8
      },
      {
        date: ISODate("2014-07-01T00:00:00.000Z"),
        grade: 'B',
        score: 23
      },
      {
        date: ISODate("2013-04-30T00:00:00.000Z"),
        grade: 'A',
        score: 12
      },
      {
        date: ISODate("2012-05-08T00:00:00.000Z"),
        grade: 'A',
        score: 12
      }
    ],
    name: "Wendy'S",
    restaurant_id: '30112340'
  },
  {
    _id: ObjectId("660c16cb5857a2881c46dc73"),
    address: {
      building: '351',
      coord: [ -73.98513559999999, 40.7676919 ],
      street: 'West   57 Street',
      zipcode: '10019'
    },
    borough: 'Manhattan',
    cuisine: 'Irish',
    grades: [
      {
        date: ISODate("2014-09-06T00:00:00.000Z"),
        grade: 'A',
        score: 2
      },
      {
        date: ISODate("2013-07-22T00:00:00.000Z"),
        grade: 'A',
        score: 11
      },
      {
        date: ISODate("2012-07-31T00:00:00.000Z"),
        grade: 'A',
        score: 12
      },
      {
        date: ISODate("2011-12-29T00:00:00.000Z"),
        grade: 'A',
        score: 12
      }
    ],
    name: 'Dj Reynolds Pub And Restaurant',
    restaurant_id: '30191841'
  }
]
Type "it" for more
iacsd0324> it
[
  {
    _id: ObjectId("660c16cb5857a2881c46dc74"),
    address: {
      building: '1007',
      coord: [ -73.856077, 40.848447 ],
      street: 'Morris Park Ave',
      zipcode: '10462'
    },
    borough: 'Bronx',
    cuisine: 'Bakery',
    grades: [
      {
        date: ISODate("2014-03-03T00:00:00.000Z"),
        grade: 'A',
        score: 2
      },
      {
        date: ISODate("2013-09-11T00:00:00.000Z"),
        grade: 'A',
        score: 6
      },
      {
        date: ISODate("2013-01-24T00:00:00.000Z"),
        grade: 'A',
        score: 10
      },
      {
        date: ISODate("2011-11-23T00:00:00.000Z"),
        grade: 'A',
        score: 9
      },
      {
        date: ISODate("2011-03-10T00:00:00.000Z"),
        grade: 'B',
        score: 14
      }
    ],
    name: 'Morris Park Bake Shop',
    restaurant_id: '30075445'
  },
  {
    _id: ObjectId("660c16cb5857a2881c46dc75"),
    address: {
      building: '7715',
      coord: [ -73.9973325, 40.61174889999999 ],
      street: '18 Avenue',
      zipcode: '11214'
    },
    borough: 'Brooklyn',
    cuisine: 'American',
    grades: [
      {
        date: ISODate("2014-04-16T00:00:00.000Z"),
        grade: 'A',
        score: 5
      },
      {
        date: ISODate("2013-04-23T00:00:00.000Z"),
        grade: 'A',
        score: 2
      },
      {
        date: ISODate("2012-04-24T00:00:00.000Z"),
        grade: 'A',
        score: 5
      },
      {
        date: ISODate("2011-12-16T00:00:00.000Z"),
        grade: 'A',
        score: 2
      }
    ],
    name: 'C & C Catering Service',
    restaurant_id: '40357437'
  },
  {
    _id: ObjectId("660c16cb5857a2881c46dc76"),
    address: {
      building: '2206',
      coord: [ -74.1377286, 40.6119572 ],
      street: 'Victory Boulevard',
      zipcode: '10314'
    },
    borough: 'Staten Island',
    cuisine: 'Jewish/Kosher',
    grades: [
      {
        date: ISODate("2014-10-06T00:00:00.000Z"),
        grade: 'A',
        score: 9
      },
      {
        date: ISODate("2014-05-20T00:00:00.000Z"),
        grade: 'A',
        score: 12
      },
      {
        date: ISODate("2013-04-04T00:00:00.000Z"),
        grade: 'A',
        score: 12
      },
      {
        date: ISODate("2012-01-24T00:00:00.000Z"),
        grade: 'A',
        score: 9
      }
    ],
    name: 'Kosher Island',
    restaurant_id: '40356442'
  },
  {
    _id: ObjectId("660c16cb5857a2881c46dc77"),
    address: {
      building: '97-22',
      coord: [ -73.8601152, 40.7311739 ],
      street: '63 Road',
      zipcode: '11374'
    },
    borough: 'Queens',
    cuisine: 'Jewish/Kosher',
    grades: [
      {
        date: ISODate("2014-11-24T00:00:00.000Z"),
        grade: 'Z',
        score: 20
      },
      {
        date: ISODate("2013-01-17T00:00:00.000Z"),
        grade: 'A',
        score: 13
      },
      {
        date: ISODate("2012-08-02T00:00:00.000Z"),
        grade: 'A',
        score: 13
      },
      {
        date: ISODate("2011-12-15T00:00:00.000Z"),
        grade: 'B',
        score: 25
      }
    ],
    name: 'Tov Kosher Kitchen',
    restaurant_id: '40356068'
  },
  {
    _id: ObjectId("660c16cb5857a2881c46dc78"),
    address: {
      building: '60',
      coord: [ -74.0085357, 40.70620539999999 ],
      street: 'Wall Street',
      zipcode: '10005'
    },
    borough: 'Manhattan',
    cuisine: 'Turkish',
    grades: [
      {
        date: ISODate("2014-09-26T00:00:00.000Z"),
        grade: 'A',
        score: 9
      },
      {
        date: ISODate("2013-09-18T00:00:00.000Z"),
        grade: 'A',
        score: 13
      },
      {
        date: ISODate("2012-09-21T00:00:00.000Z"),
        grade: 'A',
        score: 9
      },
      {
        date: ISODate("2012-05-09T00:00:00.000Z"),
        grade: 'A',
        score: 11
      }
    ],
    name: 'The Country Cafe',
    restaurant_id: '40362715'
  },
  {
    _id: ObjectId("660c16cb5857a2881c46dc79"),
    address: {
      building: '195',
      coord: [ -73.9246028, 40.6522396 ],
      street: 'East   56 Street',
      zipcode: '11203'
    },
    borough: 'Brooklyn',
    cuisine: 'Caribbean',
    grades: [
      {
        date: ISODate("2014-05-13T00:00:00.000Z"),
        grade: 'A',
        score: 2
      },
      {
        date: ISODate("2013-05-08T00:00:00.000Z"),
        grade: 'A',
        score: 7
      },
      {
        date: ISODate("2012-09-22T00:00:00.000Z"),
        grade: 'A',
        score: 11
      },
      {
        date: ISODate("2011-06-06T00:00:00.000Z"),
        grade: 'A',
        score: 12
      }
    ],
    name: "Shashemene Int'L Restaura",
    restaurant_id: '40362869'
  },
  {
    _id: ObjectId("660c16cb5857a2881c46dc7a"),
    address: {
      building: '107',
      coord: [ -74.00920839999999, 40.7132925 ],
      street: 'Church Street',
      zipcode: '10007'
    },
    borough: 'Manhattan',
    cuisine: 'American',
    grades: [
      {
        date: ISODate("2014-07-18T00:00:00.000Z"),
        grade: 'A',
        score: 12
      },
      {
        date: ISODate("2014-02-26T00:00:00.000Z"),
        grade: 'A',
        score: 9
      },
      {
        date: ISODate("2013-08-26T00:00:00.000Z"),
        grade: 'A',
        score: 9
      },
      {
        date: ISODate("2013-02-01T00:00:00.000Z"),
        grade: 'A',
        score: 12
      },
      {
        date: ISODate("2012-01-17T00:00:00.000Z"),
        grade: 'A',
        score: 13
      },
      {
        date: ISODate("2011-10-18T00:00:00.000Z"),
        grade: 'A',
        score: 11
      }
    ],
    name: 'Downtown Deli',
    restaurant_id: '40363021'
  },
  {
    _id: ObjectId("660c16cb5857a2881c46dc7b"),
    address: {
      building: '1006',
      coord: [ -73.84856870000002, 40.8903781 ],
      street: 'East 233 Street',
      zipcode: '10466'
    },
    borough: 'Bronx',
    cuisine: 'Ice Cream, Gelato, Yogurt, Ices',
    grades: [
      {
        date: ISODate("2014-04-24T00:00:00.000Z"),
        grade: 'A',
        score: 10
      },
      {
        date: ISODate("2013-09-05T00:00:00.000Z"),
        grade: 'A',
        score: 10
      },
      {
        date: ISODate("2013-02-21T00:00:00.000Z"),
        grade: 'A',
        score: 9
      },
      {
        date: ISODate("2012-07-03T00:00:00.000Z"),
        grade: 'A',
        score: 11
      },
      {
        date: ISODate("2011-07-11T00:00:00.000Z"),
        grade: 'A',
        score: 5
      }
    ],
    name: 'Carvel Ice Cream',
    restaurant_id: '40363093'
  },
  {
    _id: ObjectId("660c16cb5857a2881c46dc7c"),
    address: {
      building: '56',
      coord: [ -73.991495, 40.692273 ],
      street: 'Court Street',
      zipcode: '11201'
    },
    borough: 'Brooklyn',
    cuisine: 'Donuts',
    grades: [
      {
        date: ISODate("2014-12-30T00:00:00.000Z"),
        grade: 'A',
        score: 8
      },
      {
        date: ISODate("2014-01-15T00:00:00.000Z"),
        grade: 'A',
        score: 9
      },
      {
        date: ISODate("2013-01-08T00:00:00.000Z"),
        grade: 'A',
        score: 11
      },
      {
        date: ISODate("2012-01-19T00:00:00.000Z"),
        grade: 'A',
        score: 10
      }
    ],
    name: "Dunkin' Donuts",
    restaurant_id: '40363098'
  },
  {
    _id: ObjectId("660c16cb5857a2881c46dc7d"),
    address: {
      building: '7615',
      coord: [ -74.0228449, 40.6281815 ],
      street: '5 Avenue',
      zipcode: '11209'
    },
    borough: 'Brooklyn',
    cuisine: 'American',
    grades: [
      {
        date: ISODate("2014-12-04T00:00:00.000Z"),
        grade: 'A',
        score: 10
      },
      {
        date: ISODate("2013-10-24T00:00:00.000Z"),
        grade: 'A',
        score: 11
      },
      {
        date: ISODate("2013-04-18T00:00:00.000Z"),
        grade: 'A',
        score: 5
      },
      {
        date: ISODate("2012-04-05T00:00:00.000Z"),
        grade: 'A',
        score: 13
      }
    ],
    name: 'Mejlander & Mulgannon',
    restaurant_id: '40363117'
  },
  {
    _id: ObjectId("660c16cb5857a2881c46dc7e"),
    address: {
      building: '120',
      coord: [ -73.9998042, 40.7251256 ],
      street: 'Prince Street',
      zipcode: '10012'
    },
    borough: 'Manhattan',
    cuisine: 'Bakery',
    grades: [
      {
        date: ISODate("2014-10-17T00:00:00.000Z"),
        grade: 'A',
        score: 11
      },
      {
        date: ISODate("2013-09-18T00:00:00.000Z"),
        grade: 'A',
        score: 13
      },
      {
        date: ISODate("2013-04-30T00:00:00.000Z"),
        grade: 'A',
        score: 7
      },
      {
        date: ISODate("2012-04-20T00:00:00.000Z"),
        grade: 'A',
        score: 7
      },
      {
        date: ISODate("2011-12-19T00:00:00.000Z"),
        grade: 'A',
        score: 3
      }
    ],
    name: "Olive'S",
    restaurant_id: '40363151'
  },
  {
    _id: ObjectId("660c16cb5857a2881c46dc7f"),
    address: {
      building: '1236',
      coord: [ -73.8893654, 40.81376179999999 ],
      street: '238 Spofford Ave',
      zipcode: '10474'
    },
    borough: 'Bronx',
    cuisine: 'Chinese',
    grades: [
      {
        date: ISODate("2013-12-30T00:00:00.000Z"),
        grade: 'A',
        score: 8
      },
      {
        date: ISODate("2013-01-08T00:00:00.000Z"),
        grade: 'A',
        score: 10
      },
      {
        date: ISODate("2012-06-12T00:00:00.000Z"),
        grade: 'B',
        score: 15
      }
    ],
    name: 'Happy Garden',
    restaurant_id: '40363289'
  },
  {
    _id: ObjectId("660c16cb5857a2881c46dc80"),
    address: {
      building: '625',
      coord: [ -73.990494, 40.7569545 ],
      street: '8 Avenue',
      zipcode: '10018'
    },
    borough: 'Manhattan',
    cuisine: 'American',
    grades: [
      {
        date: ISODate("2014-06-09T00:00:00.000Z"),
        grade: 'A',
        score: 12
      },
      {
        date: ISODate("2014-01-10T00:00:00.000Z"),
        grade: 'A',
        score: 9
      },
      {
        date: ISODate("2012-12-07T00:00:00.000Z"),
        grade: 'A',
        score: 4
      },
      {
        date: ISODate("2011-12-13T00:00:00.000Z"),
        grade: 'A',
        score: 9
      },
      {
        date: ISODate("2011-09-09T00:00:00.000Z"),
        grade: 'A',
        score: 13
      }
    ],
    name: 'Cafe Metro',
    restaurant_id: '40363298'
  },
  {
    _id: ObjectId("660c16cb5857a2881c46dc81"),
    address: {
      building: '1069',
      coord: [ -73.902463, 40.694924 ],
      street: 'Wyckoff Avenue',
      zipcode: '11385'
    },
    borough: 'Queens',
    cuisine: 'Delicatessen',
    grades: [
      {
        date: ISODate("2014-05-08T00:00:00.000Z"),
        grade: 'A',
        score: 11
      },
      {
        date: ISODate("2013-12-12T00:00:00.000Z"),
        grade: 'A',
        score: 8
      },
      {
        date: ISODate("2013-06-21T00:00:00.000Z"),
        grade: 'A',
        score: 12
      },
      {
        date: ISODate("2012-12-24T00:00:00.000Z"),
        grade: 'B',
        score: 25
      },
      {
        date: ISODate("2011-10-19T00:00:00.000Z"),
        grade: 'A',
        score: 11
      },
      {
        date: ISODate("2011-06-15T00:00:00.000Z"),
        grade: 'A',
        score: 10
      }
    ],
    name: "Tony'S Deli",
    restaurant_id: '40363333'
  },
  {
    _id: ObjectId("660c16cb5857a2881c46dc82"),
    address: {
      building: '2491',
      coord: [ -74.1459332, 40.6103714 ],
      street: 'Victory Boulevard',
      zipcode: '10314'
    },
    borough: 'Staten Island',
    cuisine: 'Delicatessen',
    grades: [
      {
        date: ISODate("2015-01-09T00:00:00.000Z"),
        grade: 'A',
        score: 3
      },
      {
        date: ISODate("2013-12-05T00:00:00.000Z"),
        grade: 'A',
        score: 10
      },
      {
        date: ISODate("2013-06-19T00:00:00.000Z"),
        grade: 'A',
        score: 10
      },
      {
        date: ISODate("2013-01-08T00:00:00.000Z"),
        grade: 'A',
        score: 11
      }
    ],
    name: 'Bagels N Buns',
    restaurant_id: '40363427'
  },
  {
    _id: ObjectId("660c16cb5857a2881c46dc83"),
    address: {
      building: '405',
      coord: [ -73.97534999999999, 40.7516269 ],
      street: 'Lexington Avenue',
      zipcode: '10174'
    },
    borough: 'Manhattan',
    cuisine: 'Sandwiches/Salads/Mixed Buffet',
    grades: [
      {
        date: ISODate("2014-02-21T00:00:00.000Z"),
        grade: 'A',
        score: 3
      },
      {
        date: ISODate("2013-09-13T00:00:00.000Z"),
        grade: 'A',
        score: 3
      },
      {
        date: ISODate("2012-08-28T00:00:00.000Z"),
        grade: 'A',
        score: 0
      },
      {
        date: ISODate("2011-09-13T00:00:00.000Z"),
        grade: 'A',
        score: 12
      },
      {
        date: ISODate("2011-05-03T00:00:00.000Z"),
        grade: 'A',
        score: 5
      }
    ],
    name: 'Lexler Deli',
    restaurant_id: '40363426'
  },
  {
    _id: ObjectId("660c16cb5857a2881c46dc84"),
    address: {
      building: '7905',
      coord: [ -73.8740217, 40.7135015 ],
      street: 'Metropolitan Avenue',
      zipcode: '11379'
    },
    borough: 'Queens',
    cuisine: 'Bagels/Pretzels',
    grades: [
      {
        date: ISODate("2014-09-17T00:00:00.000Z"),
        grade: 'A',
        score: 10
      },
      {
        date: ISODate("2014-01-16T00:00:00.000Z"),
        grade: 'B',
        score: 23
      },
      {
        date: ISODate("2013-08-07T00:00:00.000Z"),
        grade: 'A',
        score: 10
      },
      {
        date: ISODate("2013-02-21T00:00:00.000Z"),
        grade: 'B',
        score: 27
      },
      {
        date: ISODate("2012-06-20T00:00:00.000Z"),
        grade: 'B',
        score: 27
      },
      {
        date: ISODate("2012-01-31T00:00:00.000Z"),
        grade: 'B',
        score: 18
      }
    ],
    name: 'Hot Bagels',
    restaurant_id: '40363565'
  },
  {
    _id: ObjectId("660c16cb5857a2881c46dc85"),
    address: {
      building: '87-69',
      coord: [ -73.8309503, 40.7001121 ],
      street: 'Lefferts Boulevard',
      zipcode: '11418'
    },
    borough: 'Queens',
    cuisine: 'American',
    grades: [
      {
        date: ISODate("2014-02-25T00:00:00.000Z"),
        grade: 'A',
        score: 7
      },
      {
        date: ISODate("2013-08-14T00:00:00.000Z"),
        grade: 'A',
        score: 11
      },
      {
        date: ISODate("2012-08-07T00:00:00.000Z"),
        grade: 'A',
        score: 7
      },
      {
        date: ISODate("2012-03-26T00:00:00.000Z"),
        grade: 'A',
        score: 10
      },
      {
        date: ISODate("2011-11-04T00:00:00.000Z"),
        grade: 'A',
        score: 0
      },
      {
        date: ISODate("2011-06-29T00:00:00.000Z"),
        grade: 'A',
        score: 4
      }
    ],
    name: 'Snack Time Grill',
    restaurant_id: '40363590'
  },
  {
    _id: ObjectId("660c16cb5857a2881c46dc86"),
    address: {
      building: '759',
      coord: [ -73.9925306, 40.7309346 ],
      street: 'Broadway',
      zipcode: '10003'
    },
    borough: 'Manhattan',
    cuisine: 'Delicatessen',
    grades: [
      {
        date: ISODate("2014-01-21T00:00:00.000Z"),
        grade: 'A',
        score: 12
      },
      {
        date: ISODate("2013-01-04T00:00:00.000Z"),
        grade: 'A',
        score: 11
      },
      {
        date: ISODate("2012-06-07T00:00:00.000Z"),
        grade: 'A',
        score: 6
      },
      {
        date: ISODate("2012-01-17T00:00:00.000Z"),
        grade: 'A',
        score: 8
      }
    ],
    name: "Bully'S Deli",
    restaurant_id: '40361708'
  },
  {
    _id: ObjectId("660c16cb5857a2881c46dc87"),
    address: {
      building: '531',
      coord: [ -73.9634876, 40.6940001 ],
      street: 'Myrtle Avenue',
      zipcode: '11205'
    },
    borough: 'Brooklyn',
    cuisine: 'Hamburgers',
    grades: [
      {
        date: ISODate("2014-03-18T00:00:00.000Z"),
        grade: 'A',
        score: 8
      },
      {
        date: ISODate("2013-03-18T00:00:00.000Z"),
        grade: 'A',
        score: 8
      },
      {
        date: ISODate("2012-10-10T00:00:00.000Z"),
        grade: 'A',
        score: 7
      },
      {
        date: ISODate("2011-09-22T00:00:00.000Z"),
        grade: 'A',
        score: 2
      }
    ],
    name: 'White Castle',
    restaurant_id: '40362344'
  }
]
Type "it" for more
iacsd0324> db.restaurent.find({'address.coord.1':{$gt:40}}).count()
25265
iacsd0324> db.restaurent.find().count();
25359
iacsd0324> db.restaurent.find().skip(20000).limit(2).sort({name:-1})
[
  {
    _id: ObjectId("660c16cb5857a2881c46e365"),
    address: {
      building: '481',
      coord: [ -73.9934785, 40.7527038 ],
      street: '8 Avenue',
      zipcode: '10001'
    },
    borough: 'Manhattan',
    cuisine: 'American',
    grades: [
      {
        date: ISODate("2014-08-15T00:00:00.000Z"),
        grade: 'A',
        score: 11
      },
      {
        date: ISODate("2013-08-29T00:00:00.000Z"),
        grade: 'A',
        score: 12
      },
      {
        date: ISODate("2012-09-05T00:00:00.000Z"),
        grade: 'A',
        score: 10
      },
      {
        date: ISODate("2012-04-17T00:00:00.000Z"),
        grade: 'A',
        score: 12
      },
      {
        date: ISODate("2011-11-28T00:00:00.000Z"),
        grade: 'A',
        score: 12
      }
    ],
    name: 'Coopers Tavern',
    restaurant_id: '40559636'
  },
  {
    _id: ObjectId("660c16cc5857a2881c473b5b"),
    address: {
      building: '169',
      coord: [ -74.000776, 40.742705 ],
      street: '8 Avenue',
      zipcode: '10011'
    },
    borough: 'Manhattan',
    cuisine: 'Other',
    grades: [],
    name: 'Coopers Craft And Kitchen',
    restaurant_id: '50016569'
  }
]
iacsd0324> db.movie.find({rating:{$gt:4}}).limit(3)
[
  {
    _id: ObjectId("5aaa31a2639395f86922a87e"),
    name: 'kahani',
    actor: [ 'aaaa', 'bbbb', 'karan', 'karri', 'vidya' ],
    ticket_no: 420,
    price: 200,
    ac7tors: [ 'bbbb' ],
    rating: 8,
    lastmodified: ISODate("2019-04-07T11:25:40.634Z")
  },
  {
    _id: ObjectId("5d6935a3470e2bef2a82cdfa"),
    name: 'mission mangal',
    price: 350,
    actor: [ 'Sonakshi', 'Vidya Balan' ],
    rating: 6
  },
  {
    _id: ObjectId("5d89e9adfd4adc2f84279f43"),
    name: 'chichore',
    price: 274,
    rating: 4.3,
    actor: [ 'sushant', 'shradha kapoor', 'zzz', 'harshal' ]
  }
]
iacsd0324> db.movie.find({rating:{$gt:4}}).limit(3).skip(2)
[
  {
    _id: ObjectId("5d89e9adfd4adc2f84279f43"),
    name: 'chichore',
    price: 274,
    rating: 4.3,
    actor: [ 'sushant', 'shradha kapoor', 'zzz', 'harshal' ]
  },
  {
    _id: ObjectId("5aaa3334639395f86922a881"),
    name: 'sholay',
    actor: [
      'Dharamendra',
      'Amitabh',
      'Sachin Pilgaokar',
      'Dharamendra',
      'Dharamendra',
      'Mr. Khote',
      'jaya bacchan',
      'sanjiv kapoor'
    ],
    rating: 6,
    ticket_no: 550,
    price: 350,
    position: [ 2, 2 ]
  },
  {
    _id: ObjectId("5aaa3334639395f86922a880"),
    name: 'lagaan',
    actor: [ 'amir', 'angraz' ],
    rating: 6,
    ticket_no: 410,
    price: 350,
    cancellation: {
      date: Timestamp({ t: 1554356003, i: 1 }),
      reason: 'user request'
    },
    lastModified: ISODate("2019-04-04T05:33:23.022Z")
  }
]
iacsd0324> db.movie.find({rating:{$gt:4}}).limit(3).skip(2).sort({rating:1})
[
  {
    _id: ObjectId("5c8283789eb55675f0272933"),
    name: 'uri',
    rating: 5,
    actor: [ 'vicky kaushal', 'yami', 'Paresh Rawal' ]
  },
  {
    _id: ObjectId("5d6935a3470e2bef2a82cdfa"),
    name: 'mission mangal',
    price: 350,
    actor: [ 'Sonakshi', 'Vidya Balan' ],
    rating: 6
  },
  {
    _id: ObjectId("5aaa3334639395f86922a881"),
    name: 'sholay',
    actor: [
      'Dharamendra',
      'Amitabh',
      'Sachin Pilgaokar',
      'Dharamendra',
      'Dharamendra',
      'Mr. Khote',
      'jaya bacchan',
      'sanjiv kapoor'
    ],
    rating: 6,
    ticket_no: 550,
    price: 350,
    position: [ 2, 2 ]
  }
]
iacsd0324> db.movie.find({rating:{$gt:4}}).sort({rating:1}).limit(3).skip(2)
[
  {
    _id: ObjectId("5c8283789eb55675f0272933"),
    name: 'uri',
    rating: 5,
    actor: [ 'vicky kaushal', 'yami', 'Paresh Rawal' ]
  },
  {
    _id: ObjectId("5d6935a3470e2bef2a82cdfa"),
    name: 'mission mangal',
    price: 350,
    actor: [ 'Sonakshi', 'Vidya Balan' ],
    rating: 6
  },
  {
    _id: ObjectId("5aaa3334639395f86922a881"),
    name: 'sholay',
    actor: [
      'Dharamendra',
      'Amitabh',
      'Sachin Pilgaokar',
      'Dharamendra',
      'Dharamendra',
      'Mr. Khote',
      'jaya bacchan',
      'sanjiv kapoor'
    ],
    rating: 6,
    ticket_no: 550,
    price: 350,
    position: [ 2, 2 ]
  }
]
iacsd0324> db.movie.find({rating:{$gt:4}}).sort({rating:-1,name:1})
[
  {
    _id: ObjectId("5aaa31a2639395f86922a87e"),
    name: 'kahani',
    actor: [ 'aaaa', 'bbbb', 'karan', 'karri', 'vidya' ],
    ticket_no: 420,
    price: 200,
    ac7tors: [ 'bbbb' ],
    rating: 8,
    lastmodified: ISODate("2019-04-07T11:25:40.634Z")
  },
  {
    _id: ObjectId("5ca453ef2952ebdd7ae2a92f"),
    name: 'Kesari',
    actor: [ 'Akshay Kumar', 'Pariniti chopra' ],
    rating: 6,
    price: 350,
    ticket_no: 270,
    rdate: ISODate("2019-01-23T00:00:00.000Z")
  },
  {
    _id: ObjectId("5aaa3334639395f86922a880"),
    name: 'lagaan',
    actor: [ 'amir', 'angraz' ],
    rating: 6,
    ticket_no: 410,
    price: 350,
    cancellation: {
      date: Timestamp({ t: 1554356003, i: 1 }),
      reason: 'user request'
    },
    lastModified: ISODate("2019-04-04T05:33:23.022Z")
  },
  {
    _id: ObjectId("5d6935a3470e2bef2a82cdfa"),
    name: 'mission mangal',
    price: 350,
    actor: [ 'Sonakshi', 'Vidya Balan' ],
    rating: 6
  },
  {
    _id: ObjectId("5aaa3334639395f86922a881"),
    name: 'sholay',
    actor: [
      'Dharamendra',
      'Amitabh',
      'Sachin Pilgaokar',
      'Dharamendra',
      'Dharamendra',
      'Mr. Khote',
      'jaya bacchan',
      'sanjiv kapoor'
    ],
    rating: 6,
    ticket_no: 550,
    price: 350,
    position: [ 2, 2 ]
  },
  {
    _id: ObjectId("5aab6da4639395f86922a883"),
    name: 'kahani 2',
    ticket_no: 820,
    actor: [
      'vidya',  'Arjun',
      'Jonny',  'nawaz',
      'prasad', 'Shreyas',
      'Jonny',  'yash'
    ],
    rating: 5,
    price: 200
  },
  {
    _id: ObjectId("5c8283789eb55675f0272933"),
    name: 'uri',
    rating: 5,
    actor: [ 'vicky kaushal', 'yami', 'Paresh Rawal' ]
  },
  {
    _id: ObjectId("5d89e9adfd4adc2f84279f43"),
    name: 'chichore',
    price: 274,
    rating: 4.3,
    actor: [ 'sushant', 'shradha kapoor', 'zzz', 'harshal' ]
  }
]
iacsd0324> db.restaurent.findOne();
{
  _id: ObjectId("660c16cb5857a2881c46dc60"),
  address: {
    building: '8825',
    coord: [ -73.8803827, 40.7643124 ],
    street: 'Astoria Boulevard',
    zipcode: '11369'
  },
  borough: 'Queens',
  cuisine: 'American',
  grades: [
    {
      date: ISODate("2014-11-15T00:00:00.000Z"),
      grade: 'Z',
      score: 38
    },
    {
      date: ISODate("2014-05-02T00:00:00.000Z"),
      grade: 'A',
      score: 10
    },
    { date: ISODate("2013-03-02T00:00:00.000Z"), grade: 'A', score: 7 },
    {
      date: ISODate("2012-02-10T00:00:00.000Z"),
      grade: 'A',
      score: 13
    }
  ],
  name: 'Brunos On The Boulevard',
  restaurant_id: '40356151'
}
iacsd0324> db.restaurent.find({'grade.score':38})

iacsd0324> db.restaurent.findOne()
{
  _id: ObjectId("660c16cb5857a2881c46dc60"),
  address: {
    building: '8825',
    coord: [ -73.8803827, 40.7643124 ],
    street: 'Astoria Boulevard',
    zipcode: '11369'
  },
  borough: 'Queens',
  cuisine: 'American',
  grades: [
    {
      date: ISODate("2014-11-15T00:00:00.000Z"),
      grade: 'Z',
      score: 38
    },
    {
      date: ISODate("2014-05-02T00:00:00.000Z"),
      grade: 'A',
      score: 10
    },
    { date: ISODate("2013-03-02T00:00:00.000Z"), grade: 'A', score: 7 },
    {
      date: ISODate("2012-02-10T00:00:00.000Z"),
      grade: 'A',
      score: 13
    }
  ],
  name: 'Brunos On The Boulevard',
  restaurant_id: '40356151'
}
iacsd0324> db.restaurent.find({'grades.score':38})
[
  {
    _id: ObjectId("660c16cb5857a2881c46dc60"),
    address: {
      building: '8825',
      coord: [ -73.8803827, 40.7643124 ],
      street: 'Astoria Boulevard',
      zipcode: '11369'
    },
    borough: 'Queens',
    cuisine: 'American',
    grades: [
      {
        date: ISODate("2014-11-15T00:00:00.000Z"),
        grade: 'Z',
        score: 38
      },
      {
        date: ISODate("2014-05-02T00:00:00.000Z"),
        grade: 'A',
        score: 10
      },
      {
        date: ISODate("2013-03-02T00:00:00.000Z"),
        grade: 'A',
        score: 7
      },
      {
        date: ISODate("2012-02-10T00:00:00.000Z"),
        grade: 'A',
        score: 13
      }
    ],
    name: 'Brunos On The Boulevard',
    restaurant_id: '40356151'
  },
  {
    _id: ObjectId("660c16cb5857a2881c46ddc8"),
    address: {
      building: '79',
      coord: [ -74.0018619, 40.7288849 ],
      street: 'Mac Dougal Street',
      zipcode: '10012'
    },
    borough: 'Manhattan',
    cuisine: 'Italian',
    grades: [
      {
        date: ISODate("2014-12-12T00:00:00.000Z"),
        grade: 'Z',
        score: 17
      },
      {
        date: ISODate("2014-07-08T00:00:00.000Z"),
        grade: 'C',
        score: 38
      },
      {
        date: ISODate("2013-03-25T00:00:00.000Z"),
        grade: 'A',
        score: 13
      },
      {
        date: ISODate("2012-02-29T00:00:00.000Z"),
        grade: 'A',
        score: 13
      }
    ],
    name: 'Caffe Dante',
    restaurant_id: '40373149'
  },
  {
    _id: ObjectId("660c16cb5857a2881c46de9a"),
    address: {
      building: '4415',
      coord: [ -73.8324138, 40.75341179999999 ],
      street: 'College Point Boulevard',
      zipcode: '11355'
    },
    borough: 'Queens',
    cuisine: 'American',
    grades: [
      {
        date: ISODate("2014-05-08T00:00:00.000Z"),
        grade: 'A',
        score: 12
      },
      {
        date: ISODate("2013-04-10T00:00:00.000Z"),
        grade: 'A',
        score: 12
      },
      {
        date: ISODate("2012-09-04T00:00:00.000Z"),
        grade: 'B',
        score: 17
      },
      {
        date: ISODate("2012-04-10T00:00:00.000Z"),
        grade: 'C',
        score: 38
      },
      {
        date: ISODate("2011-11-21T00:00:00.000Z"),
        grade: 'B',
        score: 15
      },
      {
        date: ISODate("2011-07-07T00:00:00.000Z"),
        grade: 'B',
        score: 23
      }
    ],
    name: 'Kanes Deli Diner',
    restaurant_id: '40384525'
  },
  {
    _id: ObjectId("660c16cb5857a2881c46df90"),
    address: {
      building: '2788',
      coord: [ -73.9673998, 40.802516 ],
      street: 'Broadway',
      zipcode: '10025'
    },
    borough: 'Manhattan',
    cuisine: 'Bagels/Pretzels',
    grades: [
      {
        date: ISODate("2014-06-28T00:00:00.000Z"),
        grade: 'A',
        score: 12
      },
      {
        date: ISODate("2013-12-20T00:00:00.000Z"),
        grade: 'A',
        score: 10
      },
      {
        date: ISODate("2013-07-08T00:00:00.000Z"),
        grade: 'A',
        score: 12
      },
      {
        date: ISODate("2013-02-20T00:00:00.000Z"),
        grade: 'A',
        score: 12
      },
      {
        date: ISODate("2013-01-22T00:00:00.000Z"),
        grade: 'P',
        score: 7
      },
      {
        date: ISODate("2012-08-21T00:00:00.000Z"),
        grade: 'C',
        score: 38
      },
      {
        date: ISODate("2011-09-15T00:00:00.000Z"),
        grade: 'A',
        score: 9
      }
    ],
    name: 'Absolute Bagels',
    restaurant_id: '40392339'
  },
  {
    _id: ObjectId("660c16cb5857a2881c46dfea"),
    address: {
      building: '621',
      coord: [ -74.0058124, 40.7380446 ],
      street: 'Hudson Street',
      zipcode: '10014'
    },
    borough: 'Manhattan',
    cuisine: 'Italian',
    grades: [
      {
        date: ISODate("2014-09-16T00:00:00.000Z"),
        grade: 'A',
        score: 10
      },
      {
        date: ISODate("2013-09-17T00:00:00.000Z"),
        grade: 'A',
        score: 11
      },
      {
        date: ISODate("2012-08-17T00:00:00.000Z"),
        grade: 'A',
        score: 10
      },
      {
        date: ISODate("2012-02-09T00:00:00.000Z"),
        grade: 'A',
        score: 13
      },
      {
        date: ISODate("2011-09-22T00:00:00.000Z"),
        grade: 'C',
        score: 38
      }
    ],
    name: 'Piccolo Angolo',
    restaurant_id: '40394392'
  },
  {
    _id: ObjectId("660c16cb5857a2881c46e107"),
    address: {
      building: '69',
      coord: [ -74.00327, 40.724487 ],
      street: 'Thompson Street',
      zipcode: '10012'
    },
    borough: 'Manhattan',
    cuisine: 'French',
    grades: [
      {
        date: ISODate("2014-11-05T00:00:00.000Z"),
        grade: 'B',
        score: 14
      },
      {
        date: ISODate("2014-07-02T00:00:00.000Z"),
        grade: 'C',
        score: 28
      },
      {
        date: ISODate("2014-01-31T00:00:00.000Z"),
        grade: 'A',
        score: 10
      },
      {
        date: ISODate("2013-07-26T00:00:00.000Z"),
        grade: 'A',
        score: 12
      },
      {
        date: ISODate("2012-12-12T00:00:00.000Z"),
        grade: 'C',
        score: 38
      }
    ],
    name: 'Vin Et Fleurs',
    restaurant_id: '40400366'
  },
  {
    _id: ObjectId("660c16cb5857a2881c46e120"),
    address: {
      building: '1975',
      coord: [ -74.129932, 40.612816 ],
      street: 'Victory Boulevard',
      zipcode: '10314'
    },
    borough: 'Staten Island',
    cuisine: 'American',
    grades: [
      {
        date: ISODate("2014-11-06T00:00:00.000Z"),
        grade: 'Z',
        score: 38
      },
      {
        date: ISODate("2013-08-17T00:00:00.000Z"),
        grade: 'A',
        score: 13
      },
      {
        date: ISODate("2012-07-17T00:00:00.000Z"),
        grade: 'A',
        score: 12
      },
      {
        date: ISODate("2012-03-10T00:00:00.000Z"),
        grade: 'A',
        score: 10
      }
    ],
    name: "Legend'S Pub",
    restaurant_id: '40400556'
  },
  {
    _id: ObjectId("660c16cb5857a2881c46e136"),
    address: {
      building: '1020',
      coord: [ -73.96396419999999, 40.8032642 ],
      street: 'Amsterdam Avenue',
      zipcode: '10025'
    },
    borough: 'Manhattan',
    cuisine: 'American',
    grades: [
      {
        date: ISODate("2014-06-26T00:00:00.000Z"),
        grade: 'A',
        score: 10
      },
      {
        date: ISODate("2013-06-19T00:00:00.000Z"),
        grade: 'A',
        score: 7
      },
      {
        date: ISODate("2012-12-27T00:00:00.000Z"),
        grade: 'C',
        score: 38
      }
    ],
    name: '1020 Bar',
    restaurant_id: '40401104'
  },
  {
    _id: ObjectId("660c16cb5857a2881c46e151"),
    address: {
      building: '243-03',
      coord: [ -73.72977399999999, 40.674417 ],
      street: 'Merrick Boulevard',
      zipcode: '11422'
    },
    borough: 'Queens',
    cuisine: 'American',
    grades: [
      {
        date: ISODate("2014-08-25T00:00:00.000Z"),
        grade: 'B',
        score: 22
      },
      {
        date: ISODate("2013-12-30T00:00:00.000Z"),
        grade: 'B',
        score: 21
      },
      {
        date: ISODate("2013-07-10T00:00:00.000Z"),
        grade: 'B',
        score: 18
      },
      {
        date: ISODate("2013-01-14T00:00:00.000Z"),
        grade: 'B',
        score: 16
      },
      {
        date: ISODate("2012-07-31T00:00:00.000Z"),
        grade: 'C',
        score: 29
      },
      {
        date: ISODate("2012-02-15T00:00:00.000Z"),
        grade: 'C',
        score: 38
      },
      {
        date: ISODate("2011-10-12T00:00:00.000Z"),
        grade: 'B',
        score: 17
      }
    ],
    name: 'Usa Diner',
    restaurant_id: '40401543'
  },
  {
    _id: ObjectId("660c16cb5857a2881c46e1df"),
    address: {
      building: '125',
      coord: [ -73.9971473, 40.71819740000001 ],
      street: 'Mott Street',
      zipcode: '10013'
    },
    borough: 'Manhattan',
    cuisine: 'Bakery',
    grades: [
      {
        date: ISODate("2014-10-20T00:00:00.000Z"),
        grade: 'A',
        score: 11
      },
      {
        date: ISODate("2014-04-16T00:00:00.000Z"),
        grade: 'B',
        score: 26
      },
      {
        date: ISODate("2013-10-31T00:00:00.000Z"),
        grade: 'C',
        score: 38
      },
      {
        date: ISODate("2013-05-20T00:00:00.000Z"),
        grade: 'A',
        score: 12
      },
      {
        date: ISODate("2012-12-12T00:00:00.000Z"),
        grade: 'B',
        score: 26
      },
      {
        date: ISODate("2011-11-14T00:00:00.000Z"),
        grade: 'A',
        score: 12
      }
    ],
    name: 'Manna House',
    restaurant_id: '40424633'
  },
  {
    _id: ObjectId("660c16cb5857a2881c46e324"),
    address: {
      building: '9017',
      coord: [ -73.82020299999999, 40.6984054 ],
      street: '130 Street',
      zipcode: '11418'
    },
    borough: 'Queens',
    cuisine: 'American',
    grades: [
      {
        date: ISODate("2014-12-19T00:00:00.000Z"),
        grade: 'Z',
        score: 21
      },
      {
        date: ISODate("2014-06-26T00:00:00.000Z"),
        grade: 'A',
        score: 9
      },
      {
        date: ISODate("2013-12-26T00:00:00.000Z"),
        grade: 'A',
        score: 9
      },
      {
        date: ISODate("2013-07-26T00:00:00.000Z"),
        grade: 'A',
        score: 13
      },
      {
        date: ISODate("2012-12-20T00:00:00.000Z"),
        grade: 'B',
        score: 21
      },
      {
        date: ISODate("2012-05-21T00:00:00.000Z"),
        grade: 'B',
        score: 20
      },
      {
        date: ISODate("2012-01-05T00:00:00.000Z"),
        grade: 'C',
        score: 38
      }
    ],
    name: 'Nix Mix Coffee Shop',
    restaurant_id: '40544044'
  },
  {
    _id: ObjectId("660c16cb5857a2881c46e406"),
    address: {
      building: '44',
      coord: [ -74.00838759999999, 40.7402558 ],
      street: 'Little West   12 Street',
      zipcode: '10014'
    },
    borough: 'Manhattan',
    cuisine: 'American',
    grades: [
      {
        date: ISODate("2014-11-05T00:00:00.000Z"),
        grade: 'Z',
        score: 17
      },
      {
        date: ISODate("2014-06-17T00:00:00.000Z"),
        grade: 'A',
        score: 12
      },
      {
        date: ISODate("2013-04-26T00:00:00.000Z"),
        grade: 'A',
        score: 12
      },
      {
        date: ISODate("2012-10-02T00:00:00.000Z"),
        grade: 'A',
        score: 13
      },
      {
        date: ISODate("2012-04-30T00:00:00.000Z"),
        grade: 'C',
        score: 38
      }
    ],
    name: "Hector'S Cafe & Diner",
    restaurant_id: '40576260'
  },
  {
    _id: ObjectId("660c16cb5857a2881c46e62e"),
    address: {
      building: '240',
      coord: [ -73.9832105, 40.7642063 ],
      street: 'West   54 Street',
      zipcode: '10019'
    },
    borough: 'Manhattan',
    cuisine: 'Mexican',
    grades: [
      {
        date: ISODate("2015-01-10T00:00:00.000Z"),
        grade: 'A',
        score: 12
      },
      {
        date: ISODate("2014-07-18T00:00:00.000Z"),
        grade: 'A',
        score: 13
      },
      {
        date: ISODate("2014-02-21T00:00:00.000Z"),
        grade: 'C',
        score: 38
      },
      {
        date: ISODate("2013-05-03T00:00:00.000Z"),
        grade: 'B',
        score: 16
      },
      {
        date: ISODate("2012-08-16T00:00:00.000Z"),
        grade: 'A',
        score: 12
      },
      {
        date: ISODate("2012-02-06T00:00:00.000Z"),
        grade: 'A',
        score: 11
      }
    ],
    name: 'Iguana Restaurant',
    restaurant_id: '40676801'
  },
  {
    _id: ObjectId("660c16cb5857a2881c46e6b4"),
    address: {
      building: '4231',
      coord: [ -73.7698111, 40.7618378 ],
      street: 'Bell Boulevard',
      zipcode: '11361'
    },
    borough: 'Queens',
    cuisine: 'Thai',
    grades: [
      {
        date: ISODate("2014-11-26T00:00:00.000Z"),
        grade: 'Z',
        score: 23
      },
      {
        date: ISODate("2014-01-23T00:00:00.000Z"),
        grade: 'A',
        score: 3
      },
      {
        date: ISODate("2013-04-09T00:00:00.000Z"),
        grade: 'A',
        score: 12
      },
      {
        date: ISODate("2012-09-27T00:00:00.000Z"),
        grade: 'C',
        score: 38
      }
    ],
    name: 'Erawan Thai Cuisine',
    restaurant_id: '40704155'
  },
  {
    _id: ObjectId("660c16cb5857a2881c46e8a6"),
    address: {
      building: '1485',
      coord: [ -73.9561148, 40.7723585 ],
      street: '2 Avenue',
      zipcode: '10075'
    },
    borough: 'Manhattan',
    cuisine: 'Barbecue',
    grades: [
      {
        date: ISODate("2014-11-24T00:00:00.000Z"),
        grade: 'Z',
        score: 38
      },
      {
        date: ISODate("2014-02-20T00:00:00.000Z"),
        grade: 'A',
        score: 10
      },
      {
        date: ISODate("2013-04-24T00:00:00.000Z"),
        grade: 'A',
        score: 13
      },
      {
        date: ISODate("2012-08-28T00:00:00.000Z"),
        grade: 'A',
        score: 12
      }
    ],
    name: "Brother Jimmy'S Bbq",
    restaurant_id: '40790974'
  },
  {
    _id: ObjectId("660c16cb5857a2881c46e913"),
    address: {
      building: '330',
      coord: [ -73.98361059999999, 40.7676901 ],
      street: 'West   58 Street',
      zipcode: '10019'
    },
    borough: 'Manhattan',
    cuisine: 'Japanese',
    grades: [
      {
        date: ISODate("2014-12-10T00:00:00.000Z"),
        grade: 'A',
        score: 12
      },
      {
        date: ISODate("2014-04-28T00:00:00.000Z"),
        grade: 'A',
        score: 7
      },
      {
        date: ISODate("2013-10-17T00:00:00.000Z"),
        grade: 'C',
        score: 48
      },
      {
        date: ISODate("2013-03-28T00:00:00.000Z"),
        grade: 'C',
        score: 38
      },
      {
        date: ISODate("2012-08-06T00:00:00.000Z"),
        grade: 'C',
        score: 29
      },
      {
        date: ISODate("2012-03-20T00:00:00.000Z"),
        grade: 'A',
        score: 12
      }
    ],
    name: 'Sushi Damo',
    restaurant_id: '40812483'
  },
  {
    _id: ObjectId("660c16cb5857a2881c46ea8f"),
    address: {
      building: '104512',
      coord: [ -73.88541699999999, 40.82766 ],
      street: 'Westchester Avenue',
      zipcode: '10459'
    },
    borough: 'Bronx',
    cuisine: 'Bakery',
    grades: [
      {
        date: ISODate("2014-10-30T00:00:00.000Z"),
        grade: 'A',
        score: 12
      },
      {
        date: ISODate("2014-06-17T00:00:00.000Z"),
        grade: 'A',
        score: 8
      },
      {
        date: ISODate("2013-12-23T00:00:00.000Z"),
        grade: 'A',
        score: 7
      },
      {
        date: ISODate("2013-08-19T00:00:00.000Z"),
        grade: 'C',
        score: 38
      },
      {
        date: ISODate("2013-01-15T00:00:00.000Z"),
        grade: 'A',
        score: 6
      },
      {
        date: ISODate("2011-12-29T00:00:00.000Z"),
        grade: 'A',
        score: 7
      }
    ],
    name: 'La Nueva Giralda Bakery',
    restaurant_id: '40877421'
  },
  {
    _id: ObjectId("660c16cb5857a2881c46ead3"),
    address: {
      building: '3048',
      coord: [ -73.8442761, 40.86981919999999 ],
      street: 'Fenton Avenue',
      zipcode: '10469'
    },
    borough: 'Bronx',
    cuisine: 'Caribbean',
    grades: [
      {
        date: ISODate("2013-11-25T00:00:00.000Z"),
        grade: 'A',
        score: 7
      },
      {
        date: ISODate("2013-07-09T00:00:00.000Z"),
        grade: 'C',
        score: 38
      },
      {
        date: ISODate("2013-06-24T00:00:00.000Z"),
        grade: 'P',
        score: 5
      },
      {
        date: ISODate("2012-11-30T00:00:00.000Z"),
        grade: 'A',
        score: 13
      }
    ],
    name: 'Memories Lounge',
    restaurant_id: '40883866'
  },
  {
    _id: ObjectId("660c16cb5857a2881c46eada"),
    address: {
      building: '412',
      coord: [ -73.9171896, 40.8158252 ],
      street: 'East  149 Street',
      zipcode: '10455'
    },
    borough: 'Bronx',
    cuisine: 'Pizza',
    grades: [
      {
        date: ISODate("2014-09-10T00:00:00.000Z"),
        grade: 'A',
        score: 0
      },
      {
        date: ISODate("2014-05-05T00:00:00.000Z"),
        grade: 'B',
        score: 25
      },
      {
        date: ISODate("2013-10-28T00:00:00.000Z"),
        grade: 'A',
        score: 10
      },
      {
        date: ISODate("2013-04-08T00:00:00.000Z"),
        grade: 'A',
        score: 3
      },
      {
        date: ISODate("2012-10-16T00:00:00.000Z"),
        grade: 'A',
        score: 9
      },
      {
        date: ISODate("2012-04-10T00:00:00.000Z"),
        grade: 'C',
        score: 38
      },
      {
        date: ISODate("2011-11-03T00:00:00.000Z"),
        grade: 'B',
        score: 26
      },
      {
        date: ISODate("2011-09-28T00:00:00.000Z"),
        grade: 'P',
        score: 13
      }
    ],
    name: 'The Best Italian Pizza',
    restaurant_id: '40886422'
  },
  {
    _id: ObjectId("660c16cb5857a2881c46ec5f"),
    address: {
      building: '422',
      coord: [ -73.9938754, 40.7586513 ],
      street: 'West   42 Street',
      zipcode: '10036'
    },
    borough: 'Manhattan',
    cuisine: 'American',
    grades: [
      {
        date: ISODate("2013-12-21T00:00:00.000Z"),
        grade: 'C',
        score: 38
      },
      {
        date: ISODate("2012-07-17T00:00:00.000Z"),
        grade: 'A',
        score: 8
      }
    ],
    name: 'Little Shubert Theatre',
    restaurant_id: '40944945'
  }
]
Type "it" for more
iacsd0324> db.restaurent.find({'grades.0.score':38})
[
  {
    _id: ObjectId("660c16cb5857a2881c46dc60"),
    address: {
      building: '8825',
      coord: [ -73.8803827, 40.7643124 ],
      street: 'Astoria Boulevard',
      zipcode: '11369'
    },
    borough: 'Queens',
    cuisine: 'American',
    grades: [
      {
        date: ISODate("2014-11-15T00:00:00.000Z"),
        grade: 'Z',
        score: 38
      },
      {
        date: ISODate("2014-05-02T00:00:00.000Z"),
        grade: 'A',
        score: 10
      },
      {
        date: ISODate("2013-03-02T00:00:00.000Z"),
        grade: 'A',
        score: 7
      },
      {
        date: ISODate("2012-02-10T00:00:00.000Z"),
        grade: 'A',
        score: 13
      }
    ],
    name: 'Brunos On The Boulevard',
    restaurant_id: '40356151'
  },
  {
    _id: ObjectId("660c16cb5857a2881c46e120"),
    address: {
      building: '1975',
      coord: [ -74.129932, 40.612816 ],
      street: 'Victory Boulevard',
      zipcode: '10314'
    },
    borough: 'Staten Island',
    cuisine: 'American',
    grades: [
      {
        date: ISODate("2014-11-06T00:00:00.000Z"),
        grade: 'Z',
        score: 38
      },
      {
        date: ISODate("2013-08-17T00:00:00.000Z"),
        grade: 'A',
        score: 13
      },
      {
        date: ISODate("2012-07-17T00:00:00.000Z"),
        grade: 'A',
        score: 12
      },
      {
        date: ISODate("2012-03-10T00:00:00.000Z"),
        grade: 'A',
        score: 10
      }
    ],
    name: "Legend'S Pub",
    restaurant_id: '40400556'
  },
  {
    _id: ObjectId("660c16cb5857a2881c46e8a6"),
    address: {
      building: '1485',
      coord: [ -73.9561148, 40.7723585 ],
      street: '2 Avenue',
      zipcode: '10075'
    },
    borough: 'Manhattan',
    cuisine: 'Barbecue',
    grades: [
      {
        date: ISODate("2014-11-24T00:00:00.000Z"),
        grade: 'Z',
        score: 38
      },
      {
        date: ISODate("2014-02-20T00:00:00.000Z"),
        grade: 'A',
        score: 10
      },
      {
        date: ISODate("2013-04-24T00:00:00.000Z"),
        grade: 'A',
        score: 13
      },
      {
        date: ISODate("2012-08-28T00:00:00.000Z"),
        grade: 'A',
        score: 12
      }
    ],
    name: "Brother Jimmy'S Bbq",
    restaurant_id: '40790974'
  },
  {
    _id: ObjectId("660c16cb5857a2881c46ec5f"),
    address: {
      building: '422',
      coord: [ -73.9938754, 40.7586513 ],
      street: 'West   42 Street',
      zipcode: '10036'
    },
    borough: 'Manhattan',
    cuisine: 'American',
    grades: [
      {
        date: ISODate("2013-12-21T00:00:00.000Z"),
        grade: 'C',
        score: 38
      },
      {
        date: ISODate("2012-07-17T00:00:00.000Z"),
        grade: 'A',
        score: 8
      }
    ],
    name: 'Little Shubert Theatre',
    restaurant_id: '40944945'
  },
  {
    _id: ObjectId("660c16cb5857a2881c46ee91"),
    address: {
      building: '40-10',
      coord: [ -73.8692402, 40.7488564 ],
      street: 'Junction Boulevard',
      zipcode: '11368'
    },
    borough: 'Queens',
    cuisine: 'Mexican',
    grades: [
      {
        date: ISODate("2014-12-01T00:00:00.000Z"),
        grade: 'C',
        score: 38
      },
      {
        date: ISODate("2014-06-27T00:00:00.000Z"),
        grade: 'A',
        score: 12
      },
      {
        date: ISODate("2013-05-17T00:00:00.000Z"),
        grade: 'A',
        score: 12
      },
      {
        date: ISODate("2012-12-13T00:00:00.000Z"),
        grade: 'A',
        score: 9
      },
      {
        date: ISODate("2012-06-29T00:00:00.000Z"),
        grade: 'A',
        score: 11
      }
    ],
    name: 'Tulcingo Deli 111',
    restaurant_id: '41010172'
  },
  {
    _id: ObjectId("660c16cb5857a2881c46efa2"),
    address: {
      building: '1435',
      coord: [ -73.987034, 40.754712 ],
      street: 'Broadway',
      zipcode: '10018'
    },
    borough: 'Manhattan',
    cuisine: 'Pizza/Italian',
    grades: [
      {
        date: ISODate("2014-12-29T00:00:00.000Z"),
        grade: 'Z',
        score: 38
      },
      {
        date: ISODate("2014-04-23T00:00:00.000Z"),
        grade: 'A',
        score: 12
      },
      {
        date: ISODate("2013-10-29T00:00:00.000Z"),
        grade: 'A',
        score: 8
      },
      {
        date: ISODate("2013-05-21T00:00:00.000Z"),
        grade: 'A',
        score: 12
      },
      {
        date: ISODate("2012-04-27T00:00:00.000Z"),
        grade: 'A',
        score: 12
      }
    ],
    name: "Abitino'S Pizza",
    restaurant_id: '41038749'
  },
  {
    _id: ObjectId("660c16cb5857a2881c46f817"),
    address: {
      building: '1415',
      coord: [ -73.94627899999999, 40.800386 ],
      street: '5 Avenue',
      zipcode: '10029'
    },
    borough: 'Manhattan',
    cuisine: 'Chinese',
    grades: [
      {
        date: ISODate("2015-01-06T00:00:00.000Z"),
        grade: 'Z',
        score: 38
      },
      {
        date: ISODate("2014-06-11T00:00:00.000Z"),
        grade: 'A',
        score: 10
      },
      {
        date: ISODate("2013-10-29T00:00:00.000Z"),
        grade: 'A',
        score: 9
      },
      {
        date: ISODate("2013-02-15T00:00:00.000Z"),
        grade: 'B',
        score: 26
      },
      {
        date: ISODate("2012-06-05T00:00:00.000Z"),
        grade: 'A',
        score: 11
      }
    ],
    name: 'Empire Corner Ii',
    restaurant_id: '41243535'
  },
  {
    _id: ObjectId("660c16cb5857a2881c46fa94"),
    address: {
      building: '123',
      coord: [ -73.98868150000001, 40.71972299999999 ],
      street: 'Ludlow Street',
      zipcode: '10002'
    },
    borough: 'Manhattan',
    cuisine: 'Thai',
    grades: [
      {
        date: ISODate("2014-10-28T00:00:00.000Z"),
        grade: 'C',
        score: 38
      },
      {
        date: ISODate("2014-05-05T00:00:00.000Z"),
        grade: 'A',
        score: 12
      },
      {
        date: ISODate("2013-09-12T00:00:00.000Z"),
        grade: 'A',
        score: 10
      },
      {
        date: ISODate("2013-03-12T00:00:00.000Z"),
        grade: 'A',
        score: 9
      },
      {
        date: ISODate("2012-08-28T00:00:00.000Z"),
        grade: 'A',
        score: 13
      },
      {
        date: ISODate("2012-03-21T00:00:00.000Z"),
        grade: 'A',
        score: 9
      }
    ],
    name: 'Hi Thai',
    restaurant_id: '41288951'
  },
  {
    _id: ObjectId("660c16cb5857a2881c46ffa7"),
    address: {
      building: '620',
      coord: [ -73.9899143, 40.7562054 ],
      street: '8 Avenue',
      zipcode: '10018'
    },
    borough: 'Manhattan',
    cuisine: 'American',
    grades: [
      {
        date: ISODate("2014-10-10T00:00:00.000Z"),
        grade: 'C',
        score: 38
      },
      {
        date: ISODate("2014-03-11T00:00:00.000Z"),
        grade: 'B',
        score: 16
      },
      {
        date: ISODate("2013-09-09T00:00:00.000Z"),
        grade: 'A',
        score: 8
      },
      {
        date: ISODate("2013-03-21T00:00:00.000Z"),
        grade: 'B',
        score: 27
      },
      {
        date: ISODate("2012-09-10T00:00:00.000Z"),
        grade: 'B',
        score: 27
      }
    ],
    name: 'Dean & Deluca',
    restaurant_id: '41371241'
  },
  {
    _id: ObjectId("660c16cb5857a2881c4707a7"),
    address: {
      building: '6007',
      coord: [ -74.0162424, 40.63913549999999 ],
      street: '5 Avenue',
      zipcode: '11220'
    },
    borough: 'Brooklyn',
    cuisine: 'Mexican',
    grades: [
      {
        date: ISODate("2014-09-23T00:00:00.000Z"),
        grade: 'C',
        score: 38
      },
      {
        date: ISODate("2014-03-27T00:00:00.000Z"),
        grade: 'A',
        score: 9
      },
      {
        date: ISODate("2014-03-06T00:00:00.000Z"),
        grade: 'P',
        score: 2
      },
      {
        date: ISODate("2013-02-26T00:00:00.000Z"),
        grade: 'A',
        score: 9
      },
      {
        date: ISODate("2012-09-27T00:00:00.000Z"),
        grade: 'A',
        score: 9
      }
    ],
    name: 'Casa Vieja Restaurant',
    restaurant_id: '41467407'
  },
  {
    _id: ObjectId("660c16cb5857a2881c470b39"),
    address: {
      building: '205',
      coord: [ -73.9600906, 40.7142145 ],
      street: 'Grand Street',
      zipcode: '11211'
    },
    borough: 'Brooklyn',
    cuisine: 'Japanese',
    grades: [
      {
        date: ISODate("2014-12-09T00:00:00.000Z"),
        grade: 'Z',
        score: 38
      },
      {
        date: ISODate("2014-05-13T00:00:00.000Z"),
        grade: 'A',
        score: 12
      },
      {
        date: ISODate("2013-04-10T00:00:00.000Z"),
        grade: 'A',
        score: 13
      },
      {
        date: ISODate("2012-09-21T00:00:00.000Z"),
        grade: 'A',
        score: 5
      }
    ],
    name: 'Samurai Mama',
    restaurant_id: '41512984'
  },
  {
    _id: ObjectId("660c16cb5857a2881c471042"),
    address: {
      building: '1250',
      coord: [ -74.0842335, 40.597161 ],
      street: 'Hylan Boulevard',
      zipcode: '10305'
    },
    borough: 'Staten Island',
    cuisine: 'Pizza/Italian',
    grades: [
      {
        date: ISODate("2014-10-28T00:00:00.000Z"),
        grade: 'Z',
        score: 38
      },
      {
        date: ISODate("2014-04-24T00:00:00.000Z"),
        grade: 'B',
        score: 27
      },
      {
        date: ISODate("2013-08-08T00:00:00.000Z"),
        grade: 'B',
        score: 16
      },
      {
        date: ISODate("2012-07-30T00:00:00.000Z"),
        grade: 'A',
        score: 13
      },
      {
        date: ISODate("2011-12-08T00:00:00.000Z"),
        grade: 'B',
        score: 22
      }
    ],
    name: 'Brooklyns Finest Pizza & Restaurant',
    restaurant_id: '41572685'
  },
  {
    _id: ObjectId("660c16cb5857a2881c471a58"),
    address: {
      building: '219',
      coord: [ -73.9272113, 40.86592599999999 ],
      street: 'Dyckman Street',
      zipcode: '10034'
    },
    borough: 'Manhattan',
    cuisine: 'American',
    grades: [
      {
        date: ISODate("2015-01-05T00:00:00.000Z"),
        grade: 'Z',
        score: 38
      },
      {
        date: ISODate("2012-05-15T00:00:00.000Z"),
        grade: 'A',
        score: 12
      }
    ],
    name: 'The Park View',
    restaurant_id: '41653831'
  },
  {
    _id: ObjectId("660c16cb5857a2881c471b11"),
    address: {
      building: '1191',
      coord: [ -73.953931, 40.68096 ],
      street: 'Fulton Street',
      zipcode: '11216'
    },
    borough: 'Brooklyn',
    cuisine: 'African',
    grades: [
      {
        date: ISODate("2015-01-07T00:00:00.000Z"),
        grade: 'Z',
        score: 38
      },
      {
        date: ISODate("2014-06-26T00:00:00.000Z"),
        grade: 'A',
        score: 9
      },
      {
        date: ISODate("2013-12-26T00:00:00.000Z"),
        grade: 'A',
        score: 9
      },
      {
        date: ISODate("2013-12-02T00:00:00.000Z"),
        grade: 'P',
        score: 4
      },
      {
        date: ISODate("2013-06-13T00:00:00.000Z"),
        grade: 'B',
        score: 16
      },
      {
        date: ISODate("2013-01-03T00:00:00.000Z"),
        grade: 'C',
        score: 58
      },
      {
        date: ISODate("2012-05-24T00:00:00.000Z"),
        grade: 'C',
        score: 78
      }
    ],
    name: 'Cheikh Umar Futiyu Restaurant',
    restaurant_id: '41660581'
  },
  {
    _id: ObjectId("660c16cb5857a2881c471b40"),
    address: {
      building: '26',
      coord: [ -73.986533, 40.7483755 ],
      street: 'West   33 Street',
      zipcode: '10001'
    },
    borough: 'Manhattan',
    cuisine: 'American',
    grades: [
      {
        date: ISODate("2014-12-16T00:00:00.000Z"),
        grade: 'Z',
        score: 38
      },
      {
        date: ISODate("2013-12-06T00:00:00.000Z"),
        grade: 'A',
        score: 13
      },
      {
        date: ISODate("2012-12-06T00:00:00.000Z"),
        grade: 'A',
        score: 11
      },
      {
        date: ISODate("2012-07-27T00:00:00.000Z"),
        grade: 'A',
        score: 13
      }
    ],
    name: "Rae'S Deli",
    restaurant_id: '41662401'
  },
  {
    _id: ObjectId("660c16cb5857a2881c471bfc"),
    address: {
      building: '94-20',
      coord: [ -73.78724749999999, 40.6910547 ],
      street: 'Guy R Brewer Boulevard',
      zipcode: '11433'
    },
    borough: 'Queens',
    cuisine: 'American',
    grades: [
      {
        date: ISODate("2015-01-14T00:00:00.000Z"),
        grade: 'Z',
        score: 38
      },
      {
        date: ISODate("2013-12-16T00:00:00.000Z"),
        grade: 'A',
        score: 13
      },
      {
        date: ISODate("2013-07-10T00:00:00.000Z"),
        grade: 'A',
        score: 2
      },
      {
        date: ISODate("2012-07-09T00:00:00.000Z"),
        grade: 'A',
        score: 9
      }
    ],
    name: 'York College Cafeteria',
    restaurant_id: '41669951'
  },
  {
    _id: ObjectId("660c16cb5857a2881c471c0b"),
    address: {
      building: '984',
      coord: [ -73.9673814, 40.63341399999999 ],
      street: 'Coney Island Avenue',
      zipcode: '11230'
    },
    borough: 'Brooklyn',
    cuisine: 'Afghan',
    grades: [
      {
        date: ISODate("2014-09-19T00:00:00.000Z"),
        grade: 'C',
        score: 38
      },
      {
        date: ISODate("2014-03-27T00:00:00.000Z"),
        grade: 'A',
        score: 12
      },
      {
        date: ISODate("2014-02-12T00:00:00.000Z"),
        grade: 'P',
        score: 6
      },
      {
        date: ISODate("2013-06-18T00:00:00.000Z"),
        grade: 'A',
        score: 10
      },
      {
        date: ISODate("2012-06-05T00:00:00.000Z"),
        grade: 'A',
        score: 6
      }
    ],
    name: 'Bahar Masala',
    restaurant_id: '41670224'
  },
  {
    _id: ObjectId("660c16cb5857a2881c471c7b"),
    address: {
      building: '349',
      coord: [ -73.98380399999999, 40.730374 ],
      street: 'East 12 Street',
      zipcode: '10003'
    },
    borough: 'Manhattan',
    cuisine: 'Thai',
    grades: [
      {
        date: ISODate("2014-08-20T00:00:00.000Z"),
        grade: 'C',
        score: 38
      },
      {
        date: ISODate("2014-03-04T00:00:00.000Z"),
        grade: 'C',
        score: 33
      },
      {
        date: ISODate("2013-07-09T00:00:00.000Z"),
        grade: 'A',
        score: 10
      },
      {
        date: ISODate("2013-04-26T00:00:00.000Z"),
        grade: 'P',
        score: 2
      },
      {
        date: ISODate("2012-08-08T00:00:00.000Z"),
        grade: 'B',
        score: 25
      }
    ],
    name: 'Thai Terminal',
    restaurant_id: '41673898'
  },
  {
    _id: ObjectId("660c16cc5857a2881c471f8b"),
    address: {
      building: '274',
      coord: [ -73.98448069999999, 40.6759631 ],
      street: '4 Avenue',
      zipcode: '11215'
    },
    borough: 'Brooklyn',
    cuisine: 'American',
    grades: [
      {
        date: ISODate("2014-08-20T00:00:00.000Z"),
        grade: 'C',
        score: 38
      },
      {
        date: ISODate("2013-12-17T00:00:00.000Z"),
        grade: 'A',
        score: 4
      }
    ],
    name: 'Breuckelen Colony',
    restaurant_id: '41696147'
  },
  {
    _id: ObjectId("660c16cc5857a2881c4721dc"),
    address: {
      building: '311',
      coord: [ -73.9802091, 40.7802668 ],
      street: 'Amsterdam Avenue',
      zipcode: '10023'
    },
    borough: 'Manhattan',
    cuisine: 'Japanese',
    grades: [
      {
        date: ISODate("2014-12-16T00:00:00.000Z"),
        grade: 'Z',
        score: 38
      },
      {
        date: ISODate("2014-05-21T00:00:00.000Z"),
        grade: 'A',
        score: 11
      },
      {
        date: ISODate("2013-08-19T00:00:00.000Z"),
        grade: 'B',
        score: 17
      },
      {
        date: ISODate("2013-02-27T00:00:00.000Z"),
        grade: 'A',
        score: 12
      }
    ],
    name: 'Fusha',
    restaurant_id: '41706500'
  }
]
Type "it" for more
iacsd0324> db.restaurent.find({'grades.0.score':38})
[
  {
    _id: ObjectId("660c16cb5857a2881c46dc60"),
    address: {
      building: '8825',
      coord: [ -73.8803827, 40.7643124 ],
      street: 'Astoria Boulevard',
      zipcode: '11369'
    },
    borough: 'Queens',
    cuisine: 'American',
    grades: [
      {
        date: ISODate("2014-11-15T00:00:00.000Z"),
        grade: 'Z',
        score: 38
      },
      {
        date: ISODate("2014-05-02T00:00:00.000Z"),
        grade: 'A',
        score: 10
      },
      {
        date: ISODate("2013-03-02T00:00:00.000Z"),
        grade: 'A',
        score: 7
      },
      {
        date: ISODate("2012-02-10T00:00:00.000Z"),
        grade: 'A',
        score: 13
      }
    ],
    name: 'Brunos On The Boulevard',
    restaurant_id: '40356151'
  },
  {
    _id: ObjectId("660c16cb5857a2881c46e120"),
    address: {
      building: '1975',
      coord: [ -74.129932, 40.612816 ],
      street: 'Victory Boulevard',
      zipcode: '10314'
    },
    borough: 'Staten Island',
    cuisine: 'American',
    grades: [
      {
        date: ISODate("2014-11-06T00:00:00.000Z"),
        grade: 'Z',
        score: 38
      },
      {
        date: ISODate("2013-08-17T00:00:00.000Z"),
        grade: 'A',
        score: 13
      },
      {
        date: ISODate("2012-07-17T00:00:00.000Z"),
        grade: 'A',
        score: 12
      },
      {
        date: ISODate("2012-03-10T00:00:00.000Z"),
        grade: 'A',
        score: 10
      }
    ],
    name: "Legend'S Pub",
    restaurant_id: '40400556'
  },
  {
    _id: ObjectId("660c16cb5857a2881c46e8a6"),
    address: {
      building: '1485',
      coord: [ -73.9561148, 40.7723585 ],
      street: '2 Avenue',
      zipcode: '10075'
    },
    borough: 'Manhattan',
    cuisine: 'Barbecue',
    grades: [
      {
        date: ISODate("2014-11-24T00:00:00.000Z"),
        grade: 'Z',
        score: 38
      },
      {
        date: ISODate("2014-02-20T00:00:00.000Z"),
        grade: 'A',
        score: 10
      },
      {
        date: ISODate("2013-04-24T00:00:00.000Z"),
        grade: 'A',
        score: 13
      },
      {
        date: ISODate("2012-08-28T00:00:00.000Z"),
        grade: 'A',
        score: 12
      }
    ],
    name: "Brother Jimmy'S Bbq",
    restaurant_id: '40790974'
  },
  {
    _id: ObjectId("660c16cb5857a2881c46ec5f"),
    address: {
      building: '422',
      coord: [ -73.9938754, 40.7586513 ],
      street: 'West   42 Street',
      zipcode: '10036'
    },
    borough: 'Manhattan',
    cuisine: 'American',
    grades: [
      {
        date: ISODate("2013-12-21T00:00:00.000Z"),
        grade: 'C',
        score: 38
      },
      {
        date: ISODate("2012-07-17T00:00:00.000Z"),
        grade: 'A',
        score: 8
      }
    ],
    name: 'Little Shubert Theatre',
    restaurant_id: '40944945'
  },
  {
    _id: ObjectId("660c16cb5857a2881c46ee91"),
    address: {
      building: '40-10',
      coord: [ -73.8692402, 40.7488564 ],
      street: 'Junction Boulevard',
      zipcode: '11368'
    },
    borough: 'Queens',
    cuisine: 'Mexican',
    grades: [
      {
        date: ISODate("2014-12-01T00:00:00.000Z"),
        grade: 'C',
        score: 38
      },
      {
        date: ISODate("2014-06-27T00:00:00.000Z"),
        grade: 'A',
        score: 12
      },
      {
        date: ISODate("2013-05-17T00:00:00.000Z"),
        grade: 'A',
        score: 12
      },
      {
        date: ISODate("2012-12-13T00:00:00.000Z"),
        grade: 'A',
        score: 9
      },
      {
        date: ISODate("2012-06-29T00:00:00.000Z"),
        grade: 'A',
        score: 11
      }
    ],
    name: 'Tulcingo Deli 111',
    restaurant_id: '41010172'
  },
  {
    _id: ObjectId("660c16cb5857a2881c46efa2"),
    address: {
      building: '1435',
      coord: [ -73.987034, 40.754712 ],
      street: 'Broadway',
      zipcode: '10018'
    },
    borough: 'Manhattan',
    cuisine: 'Pizza/Italian',
    grades: [
      {
        date: ISODate("2014-12-29T00:00:00.000Z"),
        grade: 'Z',
        score: 38
      },
      {
        date: ISODate("2014-04-23T00:00:00.000Z"),
        grade: 'A',
        score: 12
      },
      {
        date: ISODate("2013-10-29T00:00:00.000Z"),
        grade: 'A',
        score: 8
      },
      {
        date: ISODate("2013-05-21T00:00:00.000Z"),
        grade: 'A',
        score: 12
      },
      {
        date: ISODate("2012-04-27T00:00:00.000Z"),
        grade: 'A',
        score: 12
      }
    ],
    name: "Abitino'S Pizza",
    restaurant_id: '41038749'
  },
  {
    _id: ObjectId("660c16cb5857a2881c46f817"),
    address: {
      building: '1415',
      coord: [ -73.94627899999999, 40.800386 ],
      street: '5 Avenue',
      zipcode: '10029'
    },
    borough: 'Manhattan',
    cuisine: 'Chinese',
    grades: [
      {
        date: ISODate("2015-01-06T00:00:00.000Z"),
        grade: 'Z',
        score: 38
      },
      {
        date: ISODate("2014-06-11T00:00:00.000Z"),
        grade: 'A',
        score: 10
      },
      {
        date: ISODate("2013-10-29T00:00:00.000Z"),
        grade: 'A',
        score: 9
      },
      {
        date: ISODate("2013-02-15T00:00:00.000Z"),
        grade: 'B',
        score: 26
      },
      {
        date: ISODate("2012-06-05T00:00:00.000Z"),
        grade: 'A',
        score: 11
      }
    ],
    name: 'Empire Corner Ii',
    restaurant_id: '41243535'
  },
  {
    _id: ObjectId("660c16cb5857a2881c46fa94"),
    address: {
      building: '123',
      coord: [ -73.98868150000001, 40.71972299999999 ],
      street: 'Ludlow Street',
      zipcode: '10002'
    },
    borough: 'Manhattan',
    cuisine: 'Thai',
    grades: [
      {
        date: ISODate("2014-10-28T00:00:00.000Z"),
        grade: 'C',
        score: 38
      },
      {
        date: ISODate("2014-05-05T00:00:00.000Z"),
        grade: 'A',
        score: 12
      },
      {
        date: ISODate("2013-09-12T00:00:00.000Z"),
        grade: 'A',
        score: 10
      },
      {
        date: ISODate("2013-03-12T00:00:00.000Z"),
        grade: 'A',
        score: 9
      },
      {
        date: ISODate("2012-08-28T00:00:00.000Z"),
        grade: 'A',
        score: 13
      },
      {
        date: ISODate("2012-03-21T00:00:00.000Z"),
        grade: 'A',
        score: 9
      }
    ],
    name: 'Hi Thai',
    restaurant_id: '41288951'
  },
  {
    _id: ObjectId("660c16cb5857a2881c46ffa7"),
    address: {
      building: '620',
      coord: [ -73.9899143, 40.7562054 ],
      street: '8 Avenue',
      zipcode: '10018'
    },
    borough: 'Manhattan',
    cuisine: 'American',
    grades: [
      {
        date: ISODate("2014-10-10T00:00:00.000Z"),
        grade: 'C',
        score: 38
      },
      {
        date: ISODate("2014-03-11T00:00:00.000Z"),
        grade: 'B',
        score: 16
      },
      {
        date: ISODate("2013-09-09T00:00:00.000Z"),
        grade: 'A',
        score: 8
      },
      {
        date: ISODate("2013-03-21T00:00:00.000Z"),
        grade: 'B',
        score: 27
      },
      {
        date: ISODate("2012-09-10T00:00:00.000Z"),
        grade: 'B',
        score: 27
      }
    ],
    name: 'Dean & Deluca',
    restaurant_id: '41371241'
  },
  {
    _id: ObjectId("660c16cb5857a2881c4707a7"),
    address: {
      building: '6007',
      coord: [ -74.0162424, 40.63913549999999 ],
      street: '5 Avenue',
      zipcode: '11220'
    },
    borough: 'Brooklyn',
    cuisine: 'Mexican',
    grades: [
      {
        date: ISODate("2014-09-23T00:00:00.000Z"),
        grade: 'C',
        score: 38
      },
      {
        date: ISODate("2014-03-27T00:00:00.000Z"),
        grade: 'A',
        score: 9
      },
      {
        date: ISODate("2014-03-06T00:00:00.000Z"),
        grade: 'P',
        score: 2
      },
      {
        date: ISODate("2013-02-26T00:00:00.000Z"),
        grade: 'A',
        score: 9
      },
      {
        date: ISODate("2012-09-27T00:00:00.000Z"),
        grade: 'A',
        score: 9
      }
    ],
    name: 'Casa Vieja Restaurant',
    restaurant_id: '41467407'
  },
  {
    _id: ObjectId("660c16cb5857a2881c470b39"),
    address: {
      building: '205',
      coord: [ -73.9600906, 40.7142145 ],
      street: 'Grand Street',
      zipcode: '11211'
    },
    borough: 'Brooklyn',
    cuisine: 'Japanese',
    grades: [
      {
        date: ISODate("2014-12-09T00:00:00.000Z"),
        grade: 'Z',
        score: 38
      },
      {
        date: ISODate("2014-05-13T00:00:00.000Z"),
        grade: 'A',
        score: 12
      },
      {
        date: ISODate("2013-04-10T00:00:00.000Z"),
        grade: 'A',
        score: 13
      },
      {
        date: ISODate("2012-09-21T00:00:00.000Z"),
        grade: 'A',
        score: 5
      }
    ],
    name: 'Samurai Mama',
    restaurant_id: '41512984'
  },
  {
    _id: ObjectId("660c16cb5857a2881c471042"),
    address: {
      building: '1250',
      coord: [ -74.0842335, 40.597161 ],
      street: 'Hylan Boulevard',
      zipcode: '10305'
    },
    borough: 'Staten Island',
    cuisine: 'Pizza/Italian',
    grades: [
      {
        date: ISODate("2014-10-28T00:00:00.000Z"),
        grade: 'Z',
        score: 38
      },
      {
        date: ISODate("2014-04-24T00:00:00.000Z"),
        grade: 'B',
        score: 27
      },
      {
        date: ISODate("2013-08-08T00:00:00.000Z"),
        grade: 'B',
        score: 16
      },
      {
        date: ISODate("2012-07-30T00:00:00.000Z"),
        grade: 'A',
        score: 13
      },
      {
        date: ISODate("2011-12-08T00:00:00.000Z"),
        grade: 'B',
        score: 22
      }
    ],
    name: 'Brooklyns Finest Pizza & Restaurant',
    restaurant_id: '41572685'
  },
  {
    _id: ObjectId("660c16cb5857a2881c471a58"),
    address: {
      building: '219',
      coord: [ -73.9272113, 40.86592599999999 ],
      street: 'Dyckman Street',
      zipcode: '10034'
    },
    borough: 'Manhattan',
    cuisine: 'American',
    grades: [
      {
        date: ISODate("2015-01-05T00:00:00.000Z"),
        grade: 'Z',
        score: 38
      },
      {
        date: ISODate("2012-05-15T00:00:00.000Z"),
        grade: 'A',
        score: 12
      }
    ],
    name: 'The Park View',
    restaurant_id: '41653831'
  },
  {
    _id: ObjectId("660c16cb5857a2881c471b11"),
    address: {
      building: '1191',
      coord: [ -73.953931, 40.68096 ],
      street: 'Fulton Street',
      zipcode: '11216'
    },
    borough: 'Brooklyn',
    cuisine: 'African',
    grades: [
      {
        date: ISODate("2015-01-07T00:00:00.000Z"),
        grade: 'Z',
        score: 38
      },
      {
        date: ISODate("2014-06-26T00:00:00.000Z"),
        grade: 'A',
        score: 9
      },
      {
        date: ISODate("2013-12-26T00:00:00.000Z"),
        grade: 'A',
        score: 9
      },
      {
        date: ISODate("2013-12-02T00:00:00.000Z"),
        grade: 'P',
        score: 4
      },
      {
        date: ISODate("2013-06-13T00:00:00.000Z"),
        grade: 'B',
        score: 16
      },
      {
        date: ISODate("2013-01-03T00:00:00.000Z"),
        grade: 'C',
        score: 58
      },
      {
        date: ISODate("2012-05-24T00:00:00.000Z"),
        grade: 'C',
        score: 78
      }
    ],
    name: 'Cheikh Umar Futiyu Restaurant',
    restaurant_id: '41660581'
  },
  {
    _id: ObjectId("660c16cb5857a2881c471b40"),
    address: {
      building: '26',
      coord: [ -73.986533, 40.7483755 ],
      street: 'West   33 Street',
      zipcode: '10001'
    },
    borough: 'Manhattan',
    cuisine: 'American',
    grades: [
      {
        date: ISODate("2014-12-16T00:00:00.000Z"),
        grade: 'Z',
        score: 38
      },
      {
        date: ISODate("2013-12-06T00:00:00.000Z"),
        grade: 'A',
        score: 13
      },
      {
        date: ISODate("2012-12-06T00:00:00.000Z"),
        grade: 'A',
        score: 11
      },
      {
        date: ISODate("2012-07-27T00:00:00.000Z"),
        grade: 'A',
        score: 13
      }
    ],
    name: "Rae'S Deli",
    restaurant_id: '41662401'
  },
  {
    _id: ObjectId("660c16cb5857a2881c471bfc"),
    address: {
      building: '94-20',
      coord: [ -73.78724749999999, 40.6910547 ],
      street: 'Guy R Brewer Boulevard',
      zipcode: '11433'
    },
    borough: 'Queens',
    cuisine: 'American',
    grades: [
      {
        date: ISODate("2015-01-14T00:00:00.000Z"),
        grade: 'Z',
        score: 38
      },
      {
        date: ISODate("2013-12-16T00:00:00.000Z"),
        grade: 'A',
        score: 13
      },
      {
        date: ISODate("2013-07-10T00:00:00.000Z"),
        grade: 'A',
        score: 2
      },
      {
        date: ISODate("2012-07-09T00:00:00.000Z"),
        grade: 'A',
        score: 9
      }
    ],
    name: 'York College Cafeteria',
    restaurant_id: '41669951'
  },
  {
    _id: ObjectId("660c16cb5857a2881c471c0b"),
    address: {
      building: '984',
      coord: [ -73.9673814, 40.63341399999999 ],
      street: 'Coney Island Avenue',
      zipcode: '11230'
    },
    borough: 'Brooklyn',
    cuisine: 'Afghan',
    grades: [
      {
        date: ISODate("2014-09-19T00:00:00.000Z"),
        grade: 'C',
        score: 38
      },
      {
        date: ISODate("2014-03-27T00:00:00.000Z"),
        grade: 'A',
        score: 12
      },
      {
        date: ISODate("2014-02-12T00:00:00.000Z"),
        grade: 'P',
        score: 6
      },
      {
        date: ISODate("2013-06-18T00:00:00.000Z"),
        grade: 'A',
        score: 10
      },
      {
        date: ISODate("2012-06-05T00:00:00.000Z"),
        grade: 'A',
        score: 6
      }
    ],
    name: 'Bahar Masala',
    restaurant_id: '41670224'
  },
  {
    _id: ObjectId("660c16cb5857a2881c471c7b"),
    address: {
      building: '349',
      coord: [ -73.98380399999999, 40.730374 ],
      street: 'East 12 Street',
      zipcode: '10003'
    },
    borough: 'Manhattan',
    cuisine: 'Thai',
    grades: [
      {
        date: ISODate("2014-08-20T00:00:00.000Z"),
        grade: 'C',
        score: 38
      },
      {
        date: ISODate("2014-03-04T00:00:00.000Z"),
        grade: 'C',
        score: 33
      },
      {
        date: ISODate("2013-07-09T00:00:00.000Z"),
        grade: 'A',
        score: 10
      },
      {
        date: ISODate("2013-04-26T00:00:00.000Z"),
        grade: 'P',
        score: 2
      },
      {
        date: ISODate("2012-08-08T00:00:00.000Z"),
        grade: 'B',
        score: 25
      }
    ],
    name: 'Thai Terminal',
    restaurant_id: '41673898'
  },
  {
    _id: ObjectId("660c16cc5857a2881c471f8b"),
    address: {
      building: '274',
      coord: [ -73.98448069999999, 40.6759631 ],
      street: '4 Avenue',
      zipcode: '11215'
    },
    borough: 'Brooklyn',
    cuisine: 'American',
    grades: [
      {
        date: ISODate("2014-08-20T00:00:00.000Z"),
        grade: 'C',
        score: 38
      },
      {
        date: ISODate("2013-12-17T00:00:00.000Z"),
        grade: 'A',
        score: 4
      }
    ],
    name: 'Breuckelen Colony',
    restaurant_id: '41696147'
  },
  {
    _id: ObjectId("660c16cc5857a2881c4721dc"),
    address: {
      building: '311',
      coord: [ -73.9802091, 40.7802668 ],
      street: 'Amsterdam Avenue',
      zipcode: '10023'
    },
    borough: 'Manhattan',
    cuisine: 'Japanese',
    grades: [
      {
        date: ISODate("2014-12-16T00:00:00.000Z"),
        grade: 'Z',
        score: 38
      },
      {
        date: ISODate("2014-05-21T00:00:00.000Z"),
        grade: 'A',
        score: 11
      },
      {
        date: ISODate("2013-08-19T00:00:00.000Z"),
        grade: 'B',
        score: 17
      },
      {
        date: ISODate("2013-02-27T00:00:00.000Z"),
        grade: 'A',
        score: 12
      }
    ],
    name: 'Fusha',
    restaurant_id: '41706500'
  }
]
Type "it" for more
iacsd0324> db.restaurent.find({'grades.score':38,'grades.grade':'A'})
[
  {
    _id: ObjectId("660c16cb5857a2881c46dc60"),
    address: {
      building: '8825',
      coord: [ -73.8803827, 40.7643124 ],
      street: 'Astoria Boulevard',
      zipcode: '11369'
    },
    borough: 'Queens',
    cuisine: 'American',
    grades: [
      {
        date: ISODate("2014-11-15T00:00:00.000Z"),
        grade: 'Z',
        score: 38
      },
      {
        date: ISODate("2014-05-02T00:00:00.000Z"),
        grade: 'A',
        score: 10
      },
      {
        date: ISODate("2013-03-02T00:00:00.000Z"),
        grade: 'A',
        score: 7
      },
      {
        date: ISODate("2012-02-10T00:00:00.000Z"),
        grade: 'A',
        score: 13
      }
    ],
    name: 'Brunos On The Boulevard',
    restaurant_id: '40356151'
  },
  {
    _id: ObjectId("660c16cb5857a2881c46ddc8"),
    address: {
      building: '79',
      coord: [ -74.0018619, 40.7288849 ],
      street: 'Mac Dougal Street',
      zipcode: '10012'
    },
    borough: 'Manhattan',
    cuisine: 'Italian',
    grades: [
      {
        date: ISODate("2014-12-12T00:00:00.000Z"),
        grade: 'Z',
        score: 17
      },
      {
        date: ISODate("2014-07-08T00:00:00.000Z"),
        grade: 'C',
        score: 38
      },
      {
        date: ISODate("2013-03-25T00:00:00.000Z"),
        grade: 'A',
        score: 13
      },
      {
        date: ISODate("2012-02-29T00:00:00.000Z"),
        grade: 'A',
        score: 13
      }
    ],
    name: 'Caffe Dante',
    restaurant_id: '40373149'
  },
  {
    _id: ObjectId("660c16cb5857a2881c46de9a"),
    address: {
      building: '4415',
      coord: [ -73.8324138, 40.75341179999999 ],
      street: 'College Point Boulevard',
      zipcode: '11355'
    },
    borough: 'Queens',
    cuisine: 'American',
    grades: [
      {
        date: ISODate("2014-05-08T00:00:00.000Z"),
        grade: 'A',
        score: 12
      },
      {
        date: ISODate("2013-04-10T00:00:00.000Z"),
        grade: 'A',
        score: 12
      },
      {
        date: ISODate("2012-09-04T00:00:00.000Z"),
        grade: 'B',
        score: 17
      },
      {
        date: ISODate("2012-04-10T00:00:00.000Z"),
        grade: 'C',
        score: 38
      },
      {
        date: ISODate("2011-11-21T00:00:00.000Z"),
        grade: 'B',
        score: 15
      },
      {
        date: ISODate("2011-07-07T00:00:00.000Z"),
        grade: 'B',
        score: 23
      }
    ],
    name: 'Kanes Deli Diner',
    restaurant_id: '40384525'
  },
  {
    _id: ObjectId("660c16cb5857a2881c46df90"),
    address: {
      building: '2788',
      coord: [ -73.9673998, 40.802516 ],
      street: 'Broadway',
      zipcode: '10025'
    },
    borough: 'Manhattan',
    cuisine: 'Bagels/Pretzels',
    grades: [
      {
        date: ISODate("2014-06-28T00:00:00.000Z"),
        grade: 'A',
        score: 12
      },
      {
        date: ISODate("2013-12-20T00:00:00.000Z"),
        grade: 'A',
        score: 10
      },
      {
        date: ISODate("2013-07-08T00:00:00.000Z"),
        grade: 'A',
        score: 12
      },
      {
        date: ISODate("2013-02-20T00:00:00.000Z"),
        grade: 'A',
        score: 12
      },
      {
        date: ISODate("2013-01-22T00:00:00.000Z"),
        grade: 'P',
        score: 7
      },
      {
        date: ISODate("2012-08-21T00:00:00.000Z"),
        grade: 'C',
        score: 38
      },
      {
        date: ISODate("2011-09-15T00:00:00.000Z"),
        grade: 'A',
        score: 9
      }
    ],
    name: 'Absolute Bagels',
    restaurant_id: '40392339'
  },
  {
    _id: ObjectId("660c16cb5857a2881c46dfea"),
    address: {
      building: '621',
      coord: [ -74.0058124, 40.7380446 ],
      street: 'Hudson Street',
      zipcode: '10014'
    },
    borough: 'Manhattan',
    cuisine: 'Italian',
    grades: [
      {
        date: ISODate("2014-09-16T00:00:00.000Z"),
        grade: 'A',
        score: 10
      },
      {
        date: ISODate("2013-09-17T00:00:00.000Z"),
        grade: 'A',
        score: 11
      },
      {
        date: ISODate("2012-08-17T00:00:00.000Z"),
        grade: 'A',
        score: 10
      },
      {
        date: ISODate("2012-02-09T00:00:00.000Z"),
        grade: 'A',
        score: 13
      },
      {
        date: ISODate("2011-09-22T00:00:00.000Z"),
        grade: 'C',
        score: 38
      }
    ],
    name: 'Piccolo Angolo',
    restaurant_id: '40394392'
  },
  {
    _id: ObjectId("660c16cb5857a2881c46e107"),
    address: {
      building: '69',
      coord: [ -74.00327, 40.724487 ],
      street: 'Thompson Street',
      zipcode: '10012'
    },
    borough: 'Manhattan',
    cuisine: 'French',
    grades: [
      {
        date: ISODate("2014-11-05T00:00:00.000Z"),
        grade: 'B',
        score: 14
      },
      {
        date: ISODate("2014-07-02T00:00:00.000Z"),
        grade: 'C',
        score: 28
      },
      {
        date: ISODate("2014-01-31T00:00:00.000Z"),
        grade: 'A',
        score: 10
      },
      {
        date: ISODate("2013-07-26T00:00:00.000Z"),
        grade: 'A',
        score: 12
      },
      {
        date: ISODate("2012-12-12T00:00:00.000Z"),
        grade: 'C',
        score: 38
      }
    ],
    name: 'Vin Et Fleurs',
    restaurant_id: '40400366'
  },
  {
    _id: ObjectId("660c16cb5857a2881c46e120"),
    address: {
      building: '1975',
      coord: [ -74.129932, 40.612816 ],
      street: 'Victory Boulevard',
      zipcode: '10314'
    },
    borough: 'Staten Island',
    cuisine: 'American',
    grades: [
      {
        date: ISODate("2014-11-06T00:00:00.000Z"),
        grade: 'Z',
        score: 38
      },
      {
        date: ISODate("2013-08-17T00:00:00.000Z"),
        grade: 'A',
        score: 13
      },
      {
        date: ISODate("2012-07-17T00:00:00.000Z"),
        grade: 'A',
        score: 12
      },
      {
        date: ISODate("2012-03-10T00:00:00.000Z"),
        grade: 'A',
        score: 10
      }
    ],
    name: "Legend'S Pub",
    restaurant_id: '40400556'
  },
  {
    _id: ObjectId("660c16cb5857a2881c46e136"),
    address: {
      building: '1020',
      coord: [ -73.96396419999999, 40.8032642 ],
      street: 'Amsterdam Avenue',
      zipcode: '10025'
    },
    borough: 'Manhattan',
    cuisine: 'American',
    grades: [
      {
        date: ISODate("2014-06-26T00:00:00.000Z"),
        grade: 'A',
        score: 10
      },
      {
        date: ISODate("2013-06-19T00:00:00.000Z"),
        grade: 'A',
        score: 7
      },
      {
        date: ISODate("2012-12-27T00:00:00.000Z"),
        grade: 'C',
        score: 38
      }
    ],
    name: '1020 Bar',
    restaurant_id: '40401104'
  },
  {
    _id: ObjectId("660c16cb5857a2881c46e1df"),
    address: {
      building: '125',
      coord: [ -73.9971473, 40.71819740000001 ],
      street: 'Mott Street',
      zipcode: '10013'
    },
    borough: 'Manhattan',
    cuisine: 'Bakery',
    grades: [
      {
        date: ISODate("2014-10-20T00:00:00.000Z"),
        grade: 'A',
        score: 11
      },
      {
        date: ISODate("2014-04-16T00:00:00.000Z"),
        grade: 'B',
        score: 26
      },
      {
        date: ISODate("2013-10-31T00:00:00.000Z"),
        grade: 'C',
        score: 38
      },
      {
        date: ISODate("2013-05-20T00:00:00.000Z"),
        grade: 'A',
        score: 12
      },
      {
        date: ISODate("2012-12-12T00:00:00.000Z"),
        grade: 'B',
        score: 26
      },
      {
        date: ISODate("2011-11-14T00:00:00.000Z"),
        grade: 'A',
        score: 12
      }
    ],
    name: 'Manna House',
    restaurant_id: '40424633'
  },
  {
    _id: ObjectId("660c16cb5857a2881c46e324"),
    address: {
      building: '9017',
      coord: [ -73.82020299999999, 40.6984054 ],
      street: '130 Street',
      zipcode: '11418'
    },
    borough: 'Queens',
    cuisine: 'American',
    grades: [
      {
        date: ISODate("2014-12-19T00:00:00.000Z"),
        grade: 'Z',
        score: 21
      },
      {
        date: ISODate("2014-06-26T00:00:00.000Z"),
        grade: 'A',
        score: 9
      },
      {
        date: ISODate("2013-12-26T00:00:00.000Z"),
        grade: 'A',
        score: 9
      },
      {
        date: ISODate("2013-07-26T00:00:00.000Z"),
        grade: 'A',
        score: 13
      },
      {
        date: ISODate("2012-12-20T00:00:00.000Z"),
        grade: 'B',
        score: 21
      },
      {
        date: ISODate("2012-05-21T00:00:00.000Z"),
        grade: 'B',
        score: 20
      },
      {
        date: ISODate("2012-01-05T00:00:00.000Z"),
        grade: 'C',
        score: 38
      }
    ],
    name: 'Nix Mix Coffee Shop',
    restaurant_id: '40544044'
  },
  {
    _id: ObjectId("660c16cb5857a2881c46e406"),
    address: {
      building: '44',
      coord: [ -74.00838759999999, 40.7402558 ],
      street: 'Little West   12 Street',
      zipcode: '10014'
    },
    borough: 'Manhattan',
    cuisine: 'American',
    grades: [
      {
        date: ISODate("2014-11-05T00:00:00.000Z"),
        grade: 'Z',
        score: 17
      },
      {
        date: ISODate("2014-06-17T00:00:00.000Z"),
        grade: 'A',
        score: 12
      },
      {
        date: ISODate("2013-04-26T00:00:00.000Z"),
        grade: 'A',
        score: 12
      },
      {
        date: ISODate("2012-10-02T00:00:00.000Z"),
        grade: 'A',
        score: 13
      },
      {
        date: ISODate("2012-04-30T00:00:00.000Z"),
        grade: 'C',
        score: 38
      }
    ],
    name: "Hector'S Cafe & Diner",
    restaurant_id: '40576260'
  },
  {
    _id: ObjectId("660c16cb5857a2881c46e62e"),
    address: {
      building: '240',
      coord: [ -73.9832105, 40.7642063 ],
      street: 'West   54 Street',
      zipcode: '10019'
    },
    borough: 'Manhattan',
    cuisine: 'Mexican',
    grades: [
      {
        date: ISODate("2015-01-10T00:00:00.000Z"),
        grade: 'A',
        score: 12
      },
      {
        date: ISODate("2014-07-18T00:00:00.000Z"),
        grade: 'A',
        score: 13
      },
      {
        date: ISODate("2014-02-21T00:00:00.000Z"),
        grade: 'C',
        score: 38
      },
      {
        date: ISODate("2013-05-03T00:00:00.000Z"),
        grade: 'B',
        score: 16
      },
      {
        date: ISODate("2012-08-16T00:00:00.000Z"),
        grade: 'A',
        score: 12
      },
      {
        date: ISODate("2012-02-06T00:00:00.000Z"),
        grade: 'A',
        score: 11
      }
    ],
    name: 'Iguana Restaurant',
    restaurant_id: '40676801'
  },
  {
    _id: ObjectId("660c16cb5857a2881c46e6b4"),
    address: {
      building: '4231',
      coord: [ -73.7698111, 40.7618378 ],
      street: 'Bell Boulevard',
      zipcode: '11361'
    },
    borough: 'Queens',
    cuisine: 'Thai',
    grades: [
      {
        date: ISODate("2014-11-26T00:00:00.000Z"),
        grade: 'Z',
        score: 23
      },
      {
        date: ISODate("2014-01-23T00:00:00.000Z"),
        grade: 'A',
        score: 3
      },
      {
        date: ISODate("2013-04-09T00:00:00.000Z"),
        grade: 'A',
        score: 12
      },
      {
        date: ISODate("2012-09-27T00:00:00.000Z"),
        grade: 'C',
        score: 38
      }
    ],
    name: 'Erawan Thai Cuisine',
    restaurant_id: '40704155'
  },
  {
    _id: ObjectId("660c16cb5857a2881c46e8a6"),
    address: {
      building: '1485',
      coord: [ -73.9561148, 40.7723585 ],
      street: '2 Avenue',
      zipcode: '10075'
    },
    borough: 'Manhattan',
    cuisine: 'Barbecue',
    grades: [
      {
        date: ISODate("2014-11-24T00:00:00.000Z"),
        grade: 'Z',
        score: 38
      },
      {
        date: ISODate("2014-02-20T00:00:00.000Z"),
        grade: 'A',
        score: 10
      },
      {
        date: ISODate("2013-04-24T00:00:00.000Z"),
        grade: 'A',
        score: 13
      },
      {
        date: ISODate("2012-08-28T00:00:00.000Z"),
        grade: 'A',
        score: 12
      }
    ],
    name: "Brother Jimmy'S Bbq",
    restaurant_id: '40790974'
  },
  {
    _id: ObjectId("660c16cb5857a2881c46e913"),
    address: {
      building: '330',
      coord: [ -73.98361059999999, 40.7676901 ],
      street: 'West   58 Street',
      zipcode: '10019'
    },
    borough: 'Manhattan',
    cuisine: 'Japanese',
    grades: [
      {
        date: ISODate("2014-12-10T00:00:00.000Z"),
        grade: 'A',
        score: 12
      },
      {
        date: ISODate("2014-04-28T00:00:00.000Z"),
        grade: 'A',
        score: 7
      },
      {
        date: ISODate("2013-10-17T00:00:00.000Z"),
        grade: 'C',
        score: 48
      },
      {
        date: ISODate("2013-03-28T00:00:00.000Z"),
        grade: 'C',
        score: 38
      },
      {
        date: ISODate("2012-08-06T00:00:00.000Z"),
        grade: 'C',
        score: 29
      },
      {
        date: ISODate("2012-03-20T00:00:00.000Z"),
        grade: 'A',
        score: 12
      }
    ],
    name: 'Sushi Damo',
    restaurant_id: '40812483'
  },
  {
    _id: ObjectId("660c16cb5857a2881c46ea8f"),
    address: {
      building: '104512',
      coord: [ -73.88541699999999, 40.82766 ],
      street: 'Westchester Avenue',
      zipcode: '10459'
    },
    borough: 'Bronx',
    cuisine: 'Bakery',
    grades: [
      {
        date: ISODate("2014-10-30T00:00:00.000Z"),
        grade: 'A',
        score: 12
      },
      {
        date: ISODate("2014-06-17T00:00:00.000Z"),
        grade: 'A',
        score: 8
      },
      {
        date: ISODate("2013-12-23T00:00:00.000Z"),
        grade: 'A',
        score: 7
      },
      {
        date: ISODate("2013-08-19T00:00:00.000Z"),
        grade: 'C',
        score: 38
      },
      {
        date: ISODate("2013-01-15T00:00:00.000Z"),
        grade: 'A',
        score: 6
      },
      {
        date: ISODate("2011-12-29T00:00:00.000Z"),
        grade: 'A',
        score: 7
      }
    ],
    name: 'La Nueva Giralda Bakery',
    restaurant_id: '40877421'
  },
  {
    _id: ObjectId("660c16cb5857a2881c46ead3"),
    address: {
      building: '3048',
      coord: [ -73.8442761, 40.86981919999999 ],
      street: 'Fenton Avenue',
      zipcode: '10469'
    },
    borough: 'Bronx',
    cuisine: 'Caribbean',
    grades: [
      {
        date: ISODate("2013-11-25T00:00:00.000Z"),
        grade: 'A',
        score: 7
      },
      {
        date: ISODate("2013-07-09T00:00:00.000Z"),
        grade: 'C',
        score: 38
      },
      {
        date: ISODate("2013-06-24T00:00:00.000Z"),
        grade: 'P',
        score: 5
      },
      {
        date: ISODate("2012-11-30T00:00:00.000Z"),
        grade: 'A',
        score: 13
      }
    ],
    name: 'Memories Lounge',
    restaurant_id: '40883866'
  },
  {
    _id: ObjectId("660c16cb5857a2881c46eada"),
    address: {
      building: '412',
      coord: [ -73.9171896, 40.8158252 ],
      street: 'East  149 Street',
      zipcode: '10455'
    },
    borough: 'Bronx',
    cuisine: 'Pizza',
    grades: [
      {
        date: ISODate("2014-09-10T00:00:00.000Z"),
        grade: 'A',
        score: 0
      },
      {
        date: ISODate("2014-05-05T00:00:00.000Z"),
        grade: 'B',
        score: 25
      },
      {
        date: ISODate("2013-10-28T00:00:00.000Z"),
        grade: 'A',
        score: 10
      },
      {
        date: ISODate("2013-04-08T00:00:00.000Z"),
        grade: 'A',
        score: 3
      },
      {
        date: ISODate("2012-10-16T00:00:00.000Z"),
        grade: 'A',
        score: 9
      },
      {
        date: ISODate("2012-04-10T00:00:00.000Z"),
        grade: 'C',
        score: 38
      },
      {
        date: ISODate("2011-11-03T00:00:00.000Z"),
        grade: 'B',
        score: 26
      },
      {
        date: ISODate("2011-09-28T00:00:00.000Z"),
        grade: 'P',
        score: 13
      }
    ],
    name: 'The Best Italian Pizza',
    restaurant_id: '40886422'
  },
  {
    _id: ObjectId("660c16cb5857a2881c46ec5f"),
    address: {
      building: '422',
      coord: [ -73.9938754, 40.7586513 ],
      street: 'West   42 Street',
      zipcode: '10036'
    },
    borough: 'Manhattan',
    cuisine: 'American',
    grades: [
      {
        date: ISODate("2013-12-21T00:00:00.000Z"),
        grade: 'C',
        score: 38
      },
      {
        date: ISODate("2012-07-17T00:00:00.000Z"),
        grade: 'A',
        score: 8
      }
    ],
    name: 'Little Shubert Theatre',
    restaurant_id: '40944945'
  },
  {
    _id: ObjectId("660c16cb5857a2881c46ecf6"),
    address: {
      building: '302',
      coord: [ -73.9888517, 40.6882484 ],
      street: 'Atlantic Avenue',
      zipcode: '11201'
    },
    borough: 'Brooklyn',
    cuisine: 'Soul Food',
    grades: [
      {
        date: ISODate("2014-12-04T00:00:00.000Z"),
        grade: 'B',
        score: 27
      },
      {
        date: ISODate("2014-05-27T00:00:00.000Z"),
        grade: 'C',
        score: 38
      },
      {
        date: ISODate("2013-11-18T00:00:00.000Z"),
        grade: 'A',
        score: 12
      },
      {
        date: ISODate("2012-09-13T00:00:00.000Z"),
        grade: 'A',
        score: 11
      },
      {
        date: ISODate("2012-02-29T00:00:00.000Z"),
        grade: 'B',
        score: 25
      }
    ],
    name: 'The Soul Spot',
    restaurant_id: '40962335'
  }
]
Type "it" for more
iacsd0324> db.restaurent.find({grades:{$eleMatch:{grade:'A',score:38}}})
MongoServerError: unknown operator: $eleMatch
iacsd0324> db.restaurent.find({grades:{$elemMatch:{grade:'A',score:38}}})

iacsd0324> db.restaurent.find({grades:{$elemMatch:{grade:'C',score:38}}})
[
  {
    _id: ObjectId("660c16cb5857a2881c46ddc8"),
    address: {
      building: '79',
      coord: [ -74.0018619, 40.7288849 ],
      street: 'Mac Dougal Street',
      zipcode: '10012'
    },
    borough: 'Manhattan',
    cuisine: 'Italian',
    grades: [
      {
        date: ISODate("2014-12-12T00:00:00.000Z"),
        grade: 'Z',
        score: 17
      },
      {
        date: ISODate("2014-07-08T00:00:00.000Z"),
        grade: 'C',
        score: 38
      },
      {
        date: ISODate("2013-03-25T00:00:00.000Z"),
        grade: 'A',
        score: 13
      },
      {
        date: ISODate("2012-02-29T00:00:00.000Z"),
        grade: 'A',
        score: 13
      }
    ],
    name: 'Caffe Dante',
    restaurant_id: '40373149'
  },
  {
    _id: ObjectId("660c16cb5857a2881c46de9a"),
    address: {
      building: '4415',
      coord: [ -73.8324138, 40.75341179999999 ],
      street: 'College Point Boulevard',
      zipcode: '11355'
    },
    borough: 'Queens',
    cuisine: 'American',
    grades: [
      {
        date: ISODate("2014-05-08T00:00:00.000Z"),
        grade: 'A',
        score: 12
      },
      {
        date: ISODate("2013-04-10T00:00:00.000Z"),
        grade: 'A',
        score: 12
      },
      {
        date: ISODate("2012-09-04T00:00:00.000Z"),
        grade: 'B',
        score: 17
      },
      {
        date: ISODate("2012-04-10T00:00:00.000Z"),
        grade: 'C',
        score: 38
      },
      {
        date: ISODate("2011-11-21T00:00:00.000Z"),
        grade: 'B',
        score: 15
      },
      {
        date: ISODate("2011-07-07T00:00:00.000Z"),
        grade: 'B',
        score: 23
      }
    ],
    name: 'Kanes Deli Diner',
    restaurant_id: '40384525'
  },
  {
    _id: ObjectId("660c16cb5857a2881c46df90"),
    address: {
      building: '2788',
      coord: [ -73.9673998, 40.802516 ],
      street: 'Broadway',
      zipcode: '10025'
    },
    borough: 'Manhattan',
    cuisine: 'Bagels/Pretzels',
    grades: [
      {
        date: ISODate("2014-06-28T00:00:00.000Z"),
        grade: 'A',
        score: 12
      },
      {
        date: ISODate("2013-12-20T00:00:00.000Z"),
        grade: 'A',
        score: 10
      },
      {
        date: ISODate("2013-07-08T00:00:00.000Z"),
        grade: 'A',
        score: 12
      },
      {
        date: ISODate("2013-02-20T00:00:00.000Z"),
        grade: 'A',
        score: 12
      },
      {
        date: ISODate("2013-01-22T00:00:00.000Z"),
        grade: 'P',
        score: 7
      },
      {
        date: ISODate("2012-08-21T00:00:00.000Z"),
        grade: 'C',
        score: 38
      },
      {
        date: ISODate("2011-09-15T00:00:00.000Z"),
        grade: 'A',
        score: 9
      }
    ],
    name: 'Absolute Bagels',
    restaurant_id: '40392339'
  },
  {
    _id: ObjectId("660c16cb5857a2881c46dfea"),
    address: {
      building: '621',
      coord: [ -74.0058124, 40.7380446 ],
      street: 'Hudson Street',
      zipcode: '10014'
    },
    borough: 'Manhattan',
    cuisine: 'Italian',
    grades: [
      {
        date: ISODate("2014-09-16T00:00:00.000Z"),
        grade: 'A',
        score: 10
      },
      {
        date: ISODate("2013-09-17T00:00:00.000Z"),
        grade: 'A',
        score: 11
      },
      {
        date: ISODate("2012-08-17T00:00:00.000Z"),
        grade: 'A',
        score: 10
      },
      {
        date: ISODate("2012-02-09T00:00:00.000Z"),
        grade: 'A',
        score: 13
      },
      {
        date: ISODate("2011-09-22T00:00:00.000Z"),
        grade: 'C',
        score: 38
      }
    ],
    name: 'Piccolo Angolo',
    restaurant_id: '40394392'
  },
  {
    _id: ObjectId("660c16cb5857a2881c46e107"),
    address: {
      building: '69',
      coord: [ -74.00327, 40.724487 ],
      street: 'Thompson Street',
      zipcode: '10012'
    },
    borough: 'Manhattan',
    cuisine: 'French',
    grades: [
      {
        date: ISODate("2014-11-05T00:00:00.000Z"),
        grade: 'B',
        score: 14
      },
      {
        date: ISODate("2014-07-02T00:00:00.000Z"),
        grade: 'C',
        score: 28
      },
      {
        date: ISODate("2014-01-31T00:00:00.000Z"),
        grade: 'A',
        score: 10
      },
      {
        date: ISODate("2013-07-26T00:00:00.000Z"),
        grade: 'A',
        score: 12
      },
      {
        date: ISODate("2012-12-12T00:00:00.000Z"),
        grade: 'C',
        score: 38
      }
    ],
    name: 'Vin Et Fleurs',
    restaurant_id: '40400366'
  },
  {
    _id: ObjectId("660c16cb5857a2881c46e136"),
    address: {
      building: '1020',
      coord: [ -73.96396419999999, 40.8032642 ],
      street: 'Amsterdam Avenue',
      zipcode: '10025'
    },
    borough: 'Manhattan',
    cuisine: 'American',
    grades: [
      {
        date: ISODate("2014-06-26T00:00:00.000Z"),
        grade: 'A',
        score: 10
      },
      {
        date: ISODate("2013-06-19T00:00:00.000Z"),
        grade: 'A',
        score: 7
      },
      {
        date: ISODate("2012-12-27T00:00:00.000Z"),
        grade: 'C',
        score: 38
      }
    ],
    name: '1020 Bar',
    restaurant_id: '40401104'
  },
  {
    _id: ObjectId("660c16cb5857a2881c46e151"),
    address: {
      building: '243-03',
      coord: [ -73.72977399999999, 40.674417 ],
      street: 'Merrick Boulevard',
      zipcode: '11422'
    },
    borough: 'Queens',
    cuisine: 'American',
    grades: [
      {
        date: ISODate("2014-08-25T00:00:00.000Z"),
        grade: 'B',
        score: 22
      },
      {
        date: ISODate("2013-12-30T00:00:00.000Z"),
        grade: 'B',
        score: 21
      },
      {
        date: ISODate("2013-07-10T00:00:00.000Z"),
        grade: 'B',
        score: 18
      },
      {
        date: ISODate("2013-01-14T00:00:00.000Z"),
        grade: 'B',
        score: 16
      },
      {
        date: ISODate("2012-07-31T00:00:00.000Z"),
        grade: 'C',
        score: 29
      },
      {
        date: ISODate("2012-02-15T00:00:00.000Z"),
        grade: 'C',
        score: 38
      },
      {
        date: ISODate("2011-10-12T00:00:00.000Z"),
        grade: 'B',
        score: 17
      }
    ],
    name: 'Usa Diner',
    restaurant_id: '40401543'
  },
  {
    _id: ObjectId("660c16cb5857a2881c46e1df"),
    address: {
      building: '125',
      coord: [ -73.9971473, 40.71819740000001 ],
      street: 'Mott Street',
      zipcode: '10013'
    },
    borough: 'Manhattan',
    cuisine: 'Bakery',
    grades: [
      {
        date: ISODate("2014-10-20T00:00:00.000Z"),
        grade: 'A',
        score: 11
      },
      {
        date: ISODate("2014-04-16T00:00:00.000Z"),
        grade: 'B',
        score: 26
      },
      {
        date: ISODate("2013-10-31T00:00:00.000Z"),
        grade: 'C',
        score: 38
      },
      {
        date: ISODate("2013-05-20T00:00:00.000Z"),
        grade: 'A',
        score: 12
      },
      {
        date: ISODate("2012-12-12T00:00:00.000Z"),
        grade: 'B',
        score: 26
      },
      {
        date: ISODate("2011-11-14T00:00:00.000Z"),
        grade: 'A',
        score: 12
      }
    ],
    name: 'Manna House',
    restaurant_id: '40424633'
  },
  {
    _id: ObjectId("660c16cb5857a2881c46e324"),
    address: {
      building: '9017',
      coord: [ -73.82020299999999, 40.6984054 ],
      street: '130 Street',
      zipcode: '11418'
    },
    borough: 'Queens',
    cuisine: 'American',
    grades: [
      {
        date: ISODate("2014-12-19T00:00:00.000Z"),
        grade: 'Z',
        score: 21
      },
      {
        date: ISODate("2014-06-26T00:00:00.000Z"),
        grade: 'A',
        score: 9
      },
      {
        date: ISODate("2013-12-26T00:00:00.000Z"),
        grade: 'A',
        score: 9
      },
      {
        date: ISODate("2013-07-26T00:00:00.000Z"),
        grade: 'A',
        score: 13
      },
      {
        date: ISODate("2012-12-20T00:00:00.000Z"),
        grade: 'B',
        score: 21
      },
      {
        date: ISODate("2012-05-21T00:00:00.000Z"),
        grade: 'B',
        score: 20
      },
      {
        date: ISODate("2012-01-05T00:00:00.000Z"),
        grade: 'C',
        score: 38
      }
    ],
    name: 'Nix Mix Coffee Shop',
    restaurant_id: '40544044'
  },
  {
    _id: ObjectId("660c16cb5857a2881c46e406"),
    address: {
      building: '44',
      coord: [ -74.00838759999999, 40.7402558 ],
      street: 'Little West   12 Street',
      zipcode: '10014'
    },
    borough: 'Manhattan',
    cuisine: 'American',
    grades: [
      {
        date: ISODate("2014-11-05T00:00:00.000Z"),
        grade: 'Z',
        score: 17
      },
      {
        date: ISODate("2014-06-17T00:00:00.000Z"),
        grade: 'A',
        score: 12
      },
      {
        date: ISODate("2013-04-26T00:00:00.000Z"),
        grade: 'A',
        score: 12
      },
      {
        date: ISODate("2012-10-02T00:00:00.000Z"),
        grade: 'A',
        score: 13
      },
      {
        date: ISODate("2012-04-30T00:00:00.000Z"),
        grade: 'C',
        score: 38
      }
    ],
    name: "Hector'S Cafe & Diner",
    restaurant_id: '40576260'
  },
  {
    _id: ObjectId("660c16cb5857a2881c46e62e"),
    address: {
      building: '240',
      coord: [ -73.9832105, 40.7642063 ],
      street: 'West   54 Street',
      zipcode: '10019'
    },
    borough: 'Manhattan',
    cuisine: 'Mexican',
    grades: [
      {
        date: ISODate("2015-01-10T00:00:00.000Z"),
        grade: 'A',
        score: 12
      },
      {
        date: ISODate("2014-07-18T00:00:00.000Z"),
        grade: 'A',
        score: 13
      },
      {
        date: ISODate("2014-02-21T00:00:00.000Z"),
        grade: 'C',
        score: 38
      },
      {
        date: ISODate("2013-05-03T00:00:00.000Z"),
        grade: 'B',
        score: 16
      },
      {
        date: ISODate("2012-08-16T00:00:00.000Z"),
        grade: 'A',
        score: 12
      },
      {
        date: ISODate("2012-02-06T00:00:00.000Z"),
        grade: 'A',
        score: 11
      }
    ],
    name: 'Iguana Restaurant',
    restaurant_id: '40676801'
  },
  {
    _id: ObjectId("660c16cb5857a2881c46e6b4"),
    address: {
      building: '4231',
      coord: [ -73.7698111, 40.7618378 ],
      street: 'Bell Boulevard',
      zipcode: '11361'
    },
    borough: 'Queens',
    cuisine: 'Thai',
    grades: [
      {
        date: ISODate("2014-11-26T00:00:00.000Z"),
        grade: 'Z',
        score: 23
      },
      {
        date: ISODate("2014-01-23T00:00:00.000Z"),
        grade: 'A',
        score: 3
      },
      {
        date: ISODate("2013-04-09T00:00:00.000Z"),
        grade: 'A',
        score: 12
      },
      {
        date: ISODate("2012-09-27T00:00:00.000Z"),
        grade: 'C',
        score: 38
      }
    ],
    name: 'Erawan Thai Cuisine',
    restaurant_id: '40704155'
  },
  {
    _id: ObjectId("660c16cb5857a2881c46e913"),
    address: {
      building: '330',
      coord: [ -73.98361059999999, 40.7676901 ],
      street: 'West   58 Street',
      zipcode: '10019'
    },
    borough: 'Manhattan',
    cuisine: 'Japanese',
    grades: [
      {
        date: ISODate("2014-12-10T00:00:00.000Z"),
        grade: 'A',
        score: 12
      },
      {
        date: ISODate("2014-04-28T00:00:00.000Z"),
        grade: 'A',
        score: 7
      },
      {
        date: ISODate("2013-10-17T00:00:00.000Z"),
        grade: 'C',
        score: 48
      },
      {
        date: ISODate("2013-03-28T00:00:00.000Z"),
        grade: 'C',
        score: 38
      },
      {
        date: ISODate("2012-08-06T00:00:00.000Z"),
        grade: 'C',
        score: 29
      },
      {
        date: ISODate("2012-03-20T00:00:00.000Z"),
        grade: 'A',
        score: 12
      }
    ],
    name: 'Sushi Damo',
    restaurant_id: '40812483'
  },
  {
    _id: ObjectId("660c16cb5857a2881c46ea8f"),
    address: {
      building: '104512',
      coord: [ -73.88541699999999, 40.82766 ],
      street: 'Westchester Avenue',
      zipcode: '10459'
    },
    borough: 'Bronx',
    cuisine: 'Bakery',
    grades: [
      {
        date: ISODate("2014-10-30T00:00:00.000Z"),
        grade: 'A',
        score: 12
      },
      {
        date: ISODate("2014-06-17T00:00:00.000Z"),
        grade: 'A',
        score: 8
      },
      {
        date: ISODate("2013-12-23T00:00:00.000Z"),
        grade: 'A',
        score: 7
      },
      {
        date: ISODate("2013-08-19T00:00:00.000Z"),
        grade: 'C',
        score: 38
      },
      {
        date: ISODate("2013-01-15T00:00:00.000Z"),
        grade: 'A',
        score: 6
      },
      {
        date: ISODate("2011-12-29T00:00:00.000Z"),
        grade: 'A',
        score: 7
      }
    ],
    name: 'La Nueva Giralda Bakery',
    restaurant_id: '40877421'
  },
  {
    _id: ObjectId("660c16cb5857a2881c46ead3"),
    address: {
      building: '3048',
      coord: [ -73.8442761, 40.86981919999999 ],
      street: 'Fenton Avenue',
      zipcode: '10469'
    },
    borough: 'Bronx',
    cuisine: 'Caribbean',
    grades: [
      {
        date: ISODate("2013-11-25T00:00:00.000Z"),
        grade: 'A',
        score: 7
      },
      {
        date: ISODate("2013-07-09T00:00:00.000Z"),
        grade: 'C',
        score: 38
      },
      {
        date: ISODate("2013-06-24T00:00:00.000Z"),
        grade: 'P',
        score: 5
      },
      {
        date: ISODate("2012-11-30T00:00:00.000Z"),
        grade: 'A',
        score: 13
      }
    ],
    name: 'Memories Lounge',
    restaurant_id: '40883866'
  },
  {
    _id: ObjectId("660c16cb5857a2881c46eada"),
    address: {
      building: '412',
      coord: [ -73.9171896, 40.8158252 ],
      street: 'East  149 Street',
      zipcode: '10455'
    },
    borough: 'Bronx',
    cuisine: 'Pizza',
    grades: [
      {
        date: ISODate("2014-09-10T00:00:00.000Z"),
        grade: 'A',
        score: 0
      },
      {
        date: ISODate("2014-05-05T00:00:00.000Z"),
        grade: 'B',
        score: 25
      },
      {
        date: ISODate("2013-10-28T00:00:00.000Z"),
        grade: 'A',
        score: 10
      },
      {
        date: ISODate("2013-04-08T00:00:00.000Z"),
        grade: 'A',
        score: 3
      },
      {
        date: ISODate("2012-10-16T00:00:00.000Z"),
        grade: 'A',
        score: 9
      },
      {
        date: ISODate("2012-04-10T00:00:00.000Z"),
        grade: 'C',
        score: 38
      },
      {
        date: ISODate("2011-11-03T00:00:00.000Z"),
        grade: 'B',
        score: 26
      },
      {
        date: ISODate("2011-09-28T00:00:00.000Z"),
        grade: 'P',
        score: 13
      }
    ],
    name: 'The Best Italian Pizza',
    restaurant_id: '40886422'
  },
  {
    _id: ObjectId("660c16cb5857a2881c46ec5f"),
    address: {
      building: '422',
      coord: [ -73.9938754, 40.7586513 ],
      street: 'West   42 Street',
      zipcode: '10036'
    },
    borough: 'Manhattan',
    cuisine: 'American',
    grades: [
      {
        date: ISODate("2013-12-21T00:00:00.000Z"),
        grade: 'C',
        score: 38
      },
      {
        date: ISODate("2012-07-17T00:00:00.000Z"),
        grade: 'A',
        score: 8
      }
    ],
    name: 'Little Shubert Theatre',
    restaurant_id: '40944945'
  },
  {
    _id: ObjectId("660c16cb5857a2881c46ecf6"),
    address: {
      building: '302',
      coord: [ -73.9888517, 40.6882484 ],
      street: 'Atlantic Avenue',
      zipcode: '11201'
    },
    borough: 'Brooklyn',
    cuisine: 'Soul Food',
    grades: [
      {
        date: ISODate("2014-12-04T00:00:00.000Z"),
        grade: 'B',
        score: 27
      },
      {
        date: ISODate("2014-05-27T00:00:00.000Z"),
        grade: 'C',
        score: 38
      },
      {
        date: ISODate("2013-11-18T00:00:00.000Z"),
        grade: 'A',
        score: 12
      },
      {
        date: ISODate("2012-09-13T00:00:00.000Z"),
        grade: 'A',
        score: 11
      },
      {
        date: ISODate("2012-02-29T00:00:00.000Z"),
        grade: 'B',
        score: 25
      }
    ],
    name: 'The Soul Spot',
    restaurant_id: '40962335'
  },
  {
    _id: ObjectId("660c16cb5857a2881c46ee91"),
    address: {
      building: '40-10',
      coord: [ -73.8692402, 40.7488564 ],
      street: 'Junction Boulevard',
      zipcode: '11368'
    },
    borough: 'Queens',
    cuisine: 'Mexican',
    grades: [
      {
        date: ISODate("2014-12-01T00:00:00.000Z"),
        grade: 'C',
        score: 38
      },
      {
        date: ISODate("2014-06-27T00:00:00.000Z"),
        grade: 'A',
        score: 12
      },
      {
        date: ISODate("2013-05-17T00:00:00.000Z"),
        grade: 'A',
        score: 12
      },
      {
        date: ISODate("2012-12-13T00:00:00.000Z"),
        grade: 'A',
        score: 9
      },
      {
        date: ISODate("2012-06-29T00:00:00.000Z"),
        grade: 'A',
        score: 11
      }
    ],
    name: 'Tulcingo Deli 111',
    restaurant_id: '41010172'
  },
  {
    _id: ObjectId("660c16cb5857a2881c46ee9d"),
    address: {
      building: '2707',
      coord: [ -73.968717, 40.7995038 ],
      street: 'Broadway',
      zipcode: '10025'
    },
    borough: 'Manhattan',
    cuisine: 'Japanese',
    grades: [
      {
        date: ISODate("2014-05-30T00:00:00.000Z"),
        grade: 'A',
        score: 12
      },
      {
        date: ISODate("2013-09-04T00:00:00.000Z"),
        grade: 'B',
        score: 18
      },
      {
        date: ISODate("2013-03-06T00:00:00.000Z"),
        grade: 'C',
        score: 38
      },
      {
        date: ISODate("2012-04-19T00:00:00.000Z"),
        grade: 'A',
        score: 6
      },
      {
        date: ISODate("2011-09-28T00:00:00.000Z"),
        grade: 'A',
        score: 12
      }
    ],
    name: 'Yakitori Sun-Chan',
    restaurant_id: '41011076'
  }
]
Type "it" for more
iacsd0324> db.movie.find({actor:/^[Aa]mitabh/})
[
  {
    _id: ObjectId("5aaa3334639395f86922a881"),
    name: 'sholay',
    actor: [
      'Dharamendra',
      'Amitabh',
      'Sachin Pilgaokar',
      'Dharamendra',
      'Dharamendra',
      'Mr. Khote',
      'jaya bacchan',
      'sanjiv kapoor'
    ],
    rating: 6,
    ticket_no: 550,
    price: 350,
    position: [ 2, 2 ]
  },
  {
    _id: ObjectId("5ca456072952ebdd7ae2a930"),
    name: 'paa',
    actor: [ 'Amitabh', 'vidya balan', 'Abhishek' ],
    rating: 2,
    price: 270,
    ticket_no: 210,
    rdate: ISODate("2019-01-23T00:00:00.000Z"),
    others: { director: 'R Balki', songs: 'Amit trivedi' }
  },
  {
    _id: ObjectId("5aaa3334639395f86922a882"),
    name: 'aradhana',
    actor: [ 'amitabh', 'prem', 'rajesh khanna' ],
    rating: 3,
    ticket_no: 550,
    price: 260
  }
]
iacsd0324> db.movie.find({actor:{$regex:'[Aa]mitabh'})
Uncaught:
SyntaxError: Unexpected token, expected "," (1:42)

> 1 | db.movie.find({actor:{$regex:'[Aa]mitabh'})
    |                                           ^
  2 |

iacsd0324> db.movie.find({actor:{$regex:'[Aa]mitabh'}})
[
  {
    _id: ObjectId("5aaa3334639395f86922a881"),
    name: 'sholay',
    actor: [
      'Dharamendra',
      'Amitabh',
      'Sachin Pilgaokar',
      'Dharamendra',
      'Dharamendra',
      'Mr. Khote',
      'jaya bacchan',
      'sanjiv kapoor'
    ],
    rating: 6,
    ticket_no: 550,
    price: 350,
    position: [ 2, 2 ]
  },
  {
    _id: ObjectId("5ca456072952ebdd7ae2a930"),
    name: 'paa',
    actor: [ 'Amitabh', 'vidya balan', 'Abhishek' ],
    rating: 2,
    price: 270,
    ticket_no: 210,
    rdate: ISODate("2019-01-23T00:00:00.000Z"),
    others: { director: 'R Balki', songs: 'Amit trivedi' }
  },
  {
    _id: ObjectId("5aaa3334639395f86922a882"),
    name: 'aradhana',
    actor: [ 'amitabh', 'prem', 'rajesh khanna' ],
    rating: 3,
    ticket_no: 550,
    price: 260
  }
]
iacsd0324> db.movie.find({name:/^p.*t$|i$/})
[
  {
    _id: ObjectId("5aaa31a2639395f86922a87e"),
    name: 'kahani',
    actor: [ 'aaaa', 'bbbb', 'karan', 'karri', 'vidya' ],
    ticket_no: 420,
    price: 200,
    ac7tors: [ 'bbbb' ],
    rating: 8,
    lastmodified: ISODate("2019-04-07T11:25:40.634Z")
  },
  {
    _id: ObjectId("5ca47e5b2952ebdd7ae2a931"),
    name: 'padmavat',
    rating: 4,
    price: 250,
    ticket_no: 300,
    actor: [
iacsd0324>
      'shahid kapoor',
      'ranveer singh',
      'aditi Rao',
      'aaaaa'
    ],
    cancellation: { date: Timestamp({ t: 1567175239, i: 1 }) }
  },
  {
    _id: ObjectId("5c8283789eb55675f0272933"),
    name: 'uri',
    rating: 5,
    actor: [ 'vicky kaushal', 'yami', 'Paresh Rawal' ]
  },
  {
    _id: ObjectId("5ca453ef2952ebdd7ae2a92f"),
    name: 'Kesari',
    actor: [ 'Akshay Kumar', 'Pariniti chopra' ],
    rating: 6,
    price: 350,
    ticket_no: 270,
    rdate: ISODate("2019-01-23T00:00:00.000Z")
  }
]
iacsd0324> db.movie.updateMany({},{$inc:{rating:2}})
MongoServerError: Cannot apply $inc to a value of non-numeric type. {_id: ObjectId('5d8f51ce065d3e2aa902aa22')} has the field 'rating' of non-numeric type null
iacsd0324> db.movie.updateMany({rating:{$not:{$type:'string'}}},{$inc:{rating:2}});
MongoServerError: Cannot apply $inc to a value of non-numeric type. {_id: ObjectId('5d8f51ce065d3e2aa902aa22')} has the field 'rating' of non-numeric type null
iacsd0324> db.movie.find({rating:{$not:{$type:'string'}}});
[
  {
    _id: ObjectId("5c865923d82c19b8ed996550"),
    name: 'Dil dhadakane do',
    rating: 7,
    price: 340,
    actor: "['Anil kapoor']"
  },
  {
    _id: ObjectId("5aaa31a2639395f86922a87e"),
    name: 'kahani',
    actor: [ 'aaaa', 'bbbb', 'karan', 'karri', 'vidya' ],
    ticket_no: 420,
    price: 200,
    ac7tors: [ 'bbbb' ],
    rating: 12,
    lastmodified: ISODate("2019-04-07T11:25:40.634Z")
  },
  {
    _id: ObjectId("5ca47ef82952ebdd7ae2a932"),
    name: 'newton',
    ticket_no: 690,
    actor: [ 'Rajkumar Rao', 'Pankaj Tripathi' ],
    price: 310,
    lastmodified: ISODate("2019-09-28T14:47:49.204Z"),
    rating: 4
  },
  {
    _id: ObjectId("5d6935a3470e2bef2a82cdfa"),
    name: 'mission mangal',
    price: 350,
    actor: [ 'Sonakshi', 'Vidya Balan' ],
    rating: 10
  },
  {
    _id: ObjectId("5ca47e5b2952ebdd7ae2a931"),
    name: 'padmavat',
    rating: 8,
    price: 250,
    ticket_no: 300,
    actor: [
      'Deepika',
      'shahid kapoor',
      'ranveer singh',
      'aditi Rao',
      'aaaaa'
    ],
    cancellation: { date: Timestamp({ t: 1567175239, i: 1 }) }
  },
  {
    _id: ObjectId("5d8f51ce065d3e2aa902aa22"),
    name: 'dream girl',
    actor: [ 'ayushman', 'nushrat bharucha' ],
    price: 250,
    rating: null
  },
  {
    _id: ObjectId("5d89e9adfd4adc2f84279f43"),
    name: 'chichore',
    price: 274,
    rating: 4.3,
    actor: [ 'sushant', 'shradha kapoor', 'zzz', 'harshal' ]
  },
  { _id: ObjectId("5d8f6eec620d2353221b91dd"), price: 280 },
  {
    _id: ObjectId("5bf6a38c57b2d4cc676c7a96"),
    name: 'Andhadhund',
    price: null,
    actor: [ 'Tabbu' ],
    rating: 4
  },
  {
    _id: ObjectId("5aaa3334639395f86922a881"),
    name: 'sholay',
    actor: [
      'Dharamendra',
      'Amitabh',
      'Sachin Pilgaokar',
      'Dharamendra',
      'Dharamendra',
      'Mr. Khote',
      'jaya bacchan',
      'sanjiv kapoor'
    ],
    rating: 6,
    ticket_no: 550,
    price: 350,
    position: [ 2, 2 ]
  },
  {
    _id: ObjectId("5aaa3334639395f86922a880"),
    name: 'lagaan',
    actor: [ 'amir', 'angraz' ],
    rating: 6,
    ticket_no: 410,
    price: 350,
    cancellation: {
      date: Timestamp({ t: 1554356003, i: 1 }),
      reason: 'user request'
    },
    lastModified: ISODate("2019-04-04T05:33:23.022Z")
  },
  {
    _id: ObjectId("5c8283789eb55675f0272933"),
    name: 'uri',
    rating: 5,
    actor: [ 'vicky kaushal', 'yami', 'Paresh Rawal' ]
  },
  {
    _id: ObjectId("5ca456072952ebdd7ae2a930"),
    name: 'paa',
    actor: [ 'Amitabh', 'vidya balan', 'Abhishek' ],
    rating: 2,
    price: 270,
    ticket_no: 210,
    rdate: ISODate("2019-01-23T00:00:00.000Z"),
    others: { director: 'R Balki', songs: 'Amit trivedi' }
  },
  {
    _id: ObjectId("5aaa3334639395f86922a882"),
    name: 'aradhana',
    actor: [ 'amitabh', 'prem', 'rajesh khanna' ],
    rating: 3,
    ticket_no: 550,
    price: 260
  },
  {
    _id: ObjectId("5aab6da4639395f86922a883"),
    name: 'kahani 2',
    ticket_no: 820,
    actor: [
      'vidya',  'Arjun',
      'Jonny',  'nawaz',
      'prasad', 'Shreyas',
      'Jonny',  'yash'
    ],
    rating: 5,
    price: 200
  },
  {
    _id: ObjectId("5ca453ef2952ebdd7ae2a92f"),
    name: 'Kesari',
    actor: [ 'Akshay Kumar', 'Pariniti chopra' ],
    rating: 6,
    price: 350,
    ticket_no: 270,
    rdate: ISODate("2019-01-23T00:00:00.000Z")
  },
  {
    _id: ObjectId("5bf6a36f57b2d4cc676c7a95"),
    name: 'Andhadhund',
    price: 400,
    actor: [ 'Ayushman', 'radhika' ],
    rating: 4
  },
  {
    _id: ObjectId("5aaa31ee639395f86922a87f"),
    name: '3 idiots',
    actor: [ 'Kareena Kapoor', 'amir', 'kareena', 'mahadavan', 'sharman' ],
    rating: 3,
    ticket_no: 150,
    price: 200
  },
  {
    _id: ObjectId("660c29e847e155487f7cc956"),
    name: 'titanic',
    price: 220,
    ticket_num: 456,
    release_date: ISODate("1997-03-02T00:00:00.000Z")
  }
]
iacsd0324> db.movie.find({rating:{$exists:true},rating:{$not:{$type:'string'}}});
[
  {
    _id: ObjectId("5c865923d82c19b8ed996550"),
    name: 'Dil dhadakane do',
    rating: 7,
    price: 340,
    actor: "['Anil kapoor']"
  },
  {
    _id: ObjectId("5aaa31a2639395f86922a87e"),
    name: 'kahani',
    actor: [ 'aaaa', 'bbbb', 'karan', 'karri', 'vidya' ],
    ticket_no: 420,
    price: 200,
    ac7tors: [ 'bbbb' ],
    rating: 12,
    lastmodified: ISODate("2019-04-07T11:25:40.634Z")
  },
  {
    _id: ObjectId("5ca47ef82952ebdd7ae2a932"),
    name: 'newton',
    ticket_no: 690,
    actor: [ 'Rajkumar Rao', 'Pankaj Tripathi' ],
    price: 310,
    lastmodified: ISODate("2019-09-28T14:47:49.204Z"),
    rating: 4
  },
  {
    _id: ObjectId("5d6935a3470e2bef2a82cdfa"),
    name: 'mission mangal',
    price: 350,
    actor: [ 'Sonakshi', 'Vidya Balan' ],
    rating: 10
  },
  {
    _id: ObjectId("5ca47e5b2952ebdd7ae2a931"),
    name: 'padmavat',
    rating: 8,
    price: 250,
    ticket_no: 300,
    actor: [
      'Deepika',
      'shahid kapoor',
      'ranveer singh',
      'aditi Rao',
      'aaaaa'
    ],
    cancellation: { date: Timestamp({ t: 1567175239, i: 1 }) }
  },
  {
    _id: ObjectId("5d8f51ce065d3e2aa902aa22"),
    name: 'dream girl',
    actor: [ 'ayushman', 'nushrat bharucha' ],
    price: 250,
    rating: null
  },
  {
    _id: ObjectId("5d89e9adfd4adc2f84279f43"),
    name: 'chichore',
    price: 274,
    rating: 4.3,
    actor: [ 'sushant', 'shradha kapoor', 'zzz', 'harshal' ]
  },
  { _id: ObjectId("5d8f6eec620d2353221b91dd"), price: 280 },
  {
    _id: ObjectId("5bf6a38c57b2d4cc676c7a96"),
    name: 'Andhadhund',
    price: null,
    actor: [ 'Tabbu' ],
    rating: 4
  },
  {
    _id: ObjectId("5aaa3334639395f86922a881"),
    name: 'sholay',
    actor: [
      'Dharamendra',
      'Amitabh',
      'Sachin Pilgaokar',
      'Dharamendra',
      'Dharamendra',
      'Mr. Khote',
      'jaya bacchan',
      'sanjiv kapoor'
    ],
    rating: 6,
    ticket_no: 550,
    price: 350,
    position: [ 2, 2 ]
  },
  {
    _id: ObjectId("5aaa3334639395f86922a880"),
    name: 'lagaan',
    actor: [ 'amir', 'angraz' ],
    rating: 6,
    ticket_no: 410,
    price: 350,
    cancellation: {
      date: Timestamp({ t: 1554356003, i: 1 }),
      reason: 'user request'
    },
    lastModified: ISODate("2019-04-04T05:33:23.022Z")
  },
  {
    _id: ObjectId("5c8283789eb55675f0272933"),
    name: 'uri',
    rating: 5,
    actor: [ 'vicky kaushal', 'yami', 'Paresh Rawal' ]
  },
  {
    _id: ObjectId("5ca456072952ebdd7ae2a930"),
    name: 'paa',
    actor: [ 'Amitabh', 'vidya balan', 'Abhishek' ],
    rating: 2,
    price: 270,
    ticket_no: 210,
    rdate: ISODate("2019-01-23T00:00:00.000Z"),
    others: { director: 'R Balki', songs: 'Amit trivedi' }
  },
  {
    _id: ObjectId("5aaa3334639395f86922a882"),
    name: 'aradhana',
    actor: [ 'amitabh', 'prem', 'rajesh khanna' ],
    rating: 3,
    ticket_no: 550,
    price: 260
  },
  {
    _id: ObjectId("5aab6da4639395f86922a883"),
    name: 'kahani 2',
    ticket_no: 820,
    actor: [
      'vidya',  'Arjun',
      'Jonny',  'nawaz',
      'prasad', 'Shreyas',
      'Jonny',  'yash'
    ],
    rating: 5,
    price: 200
  },
  {
    _id: ObjectId("5ca453ef2952ebdd7ae2a92f"),
    name: 'Kesari',
    actor: [ 'Akshay Kumar', 'Pariniti chopra' ],
    rating: 6,
    price: 350,
    ticket_no: 270,
    rdate: ISODate("2019-01-23T00:00:00.000Z")
  },
  {
    _id: ObjectId("5bf6a36f57b2d4cc676c7a95"),
    name: 'Andhadhund',
    price: 400,
    actor: [ 'Ayushman', 'radhika' ],
    rating: 4
  },
  {
    _id: ObjectId("5aaa31ee639395f86922a87f"),
    name: '3 idiots',
    actor: [ 'Kareena Kapoor', 'amir', 'kareena', 'mahadavan', 'sharman' ],
    rating: 3,
    ticket_no: 150,
    price: 200
  },
  {
    _id: ObjectId("660c29e847e155487f7cc956"),
    name: 'titanic',
    price: 220,
    ticket_num: 456,
    release_date: ISODate("1997-03-02T00:00:00.000Z")
  }
]
iacsd0324> db.movie.find({rating:{$exists:true}});
[
  {
    _id: ObjectId("5c865923d82c19b8ed996550"),
    name: 'Dil dhadakane do',
    rating: 7,
    price: 340,
    actor: "['Anil kapoor']"
  },
  {
    _id: ObjectId("5aaa31a2639395f86922a87e"),
    name: 'kahani',
    actor: [ 'aaaa', 'bbbb', 'karan', 'karri', 'vidya' ],
    ticket_no: 420,
    price: 200,
    ac7tors: [ 'bbbb' ],
    rating: 12,
    lastmodified: ISODate("2019-04-07T11:25:40.634Z")
  },
  {
    _id: ObjectId("5ca47ef82952ebdd7ae2a932"),
    name: 'newton',
    ticket_no: 690,
    actor: [ 'Rajkumar Rao', 'Pankaj Tripathi' ],
    price: 310,
    lastmodified: ISODate("2019-09-28T14:47:49.204Z"),
    rating: 4
  },
  {
    _id: ObjectId("5d6935a3470e2bef2a82cdfa"),
    name: 'mission mangal',
    price: 350,
    actor: [ 'Sonakshi', 'Vidya Balan' ],
    rating: 10
  },
  {
    _id: ObjectId("5ca47e5b2952ebdd7ae2a931"),
    name: 'padmavat',
    rating: 8,
    price: 250,
    ticket_no: 300,
    actor: [
      'Deepika',
      'shahid kapoor',
      'ranveer singh',
      'aditi Rao',
      'aaaaa'
    ],
    cancellation: { date: Timestamp({ t: 1567175239, i: 1 }) }
  },
  {
    _id: ObjectId("5d8f51ce065d3e2aa902aa22"),
    name: 'dream girl',
    actor: [ 'ayushman', 'nushrat bharucha' ],
    price: 250,
    rating: null
  },
  {
    _id: ObjectId("5d89e9adfd4adc2f84279f43"),
    name: 'chichore',
    price: 274,
    rating: 4.3,
    actor: [ 'sushant', 'shradha kapoor', 'zzz', 'harshal' ]
  },
  {
    _id: ObjectId("5bf6a38c57b2d4cc676c7a96"),
    name: 'Andhadhund',
    price: null,
    actor: [ 'Tabbu' ],
    rating: 4
  },
  {
    _id: ObjectId("5aaa3334639395f86922a881"),
    name: 'sholay',
    actor: [
      'Dharamendra',
      'Amitabh',
      'Sachin Pilgaokar',
      'Dharamendra',
      'Dharamendra',
      'Mr. Khote',
      'jaya bacchan',
      'sanjiv kapoor'
    ],
    rating: 6,
    ticket_no: 550,
    price: 350,
    position: [ 2, 2 ]
  },
  {
    _id: ObjectId("5aaa3334639395f86922a880"),
    name: 'lagaan',
    actor: [ 'amir', 'angraz' ],
    rating: 6,
    ticket_no: 410,
    price: 350,
    cancellation: {
      date: Timestamp({ t: 1554356003, i: 1 }),
      reason: 'user request'
    },
    lastModified: ISODate("2019-04-04T05:33:23.022Z")
  },
  {
    _id: ObjectId("5c8283789eb55675f0272933"),
    name: 'uri',
    rating: 5,
    actor: [ 'vicky kaushal', 'yami', 'Paresh Rawal' ]
  },
  {
    _id: ObjectId("5ca456072952ebdd7ae2a930"),
    name: 'paa',
    actor: [ 'Amitabh', 'vidya balan', 'Abhishek' ],
    rating: 2,
    price: 270,
    ticket_no: 210,
    rdate: ISODate("2019-01-23T00:00:00.000Z"),
    others: { director: 'R Balki', songs: 'Amit trivedi' }
  },
  {
    _id: ObjectId("5aaa3334639395f86922a882"),
    name: 'aradhana',
    actor: [ 'amitabh', 'prem', 'rajesh khanna' ],
    rating: 3,
    ticket_no: 550,
    price: 260
  },
  {
    _id: ObjectId("5aab6da4639395f86922a883"),
    name: 'kahani 2',
    ticket_no: 820,
    actor: [
      'vidya',  'Arjun',
      'Jonny',  'nawaz',
      'prasad', 'Shreyas',
      'Jonny',  'yash'
    ],
    rating: 5,
    price: 200
  },
  {
    _id: ObjectId("5ca453ef2952ebdd7ae2a92f"),
    name: 'Kesari',
    actor: [ 'Akshay Kumar', 'Pariniti chopra' ],
    rating: 6,
    price: 350,
    ticket_no: 270,
    rdate: ISODate("2019-01-23T00:00:00.000Z")
  },
  {
    _id: ObjectId("5bf6a36f57b2d4cc676c7a95"),
    name: 'Andhadhund',
    price: 400,
    actor: [ 'Ayushman', 'radhika' ],
    rating: 4
  },
  {
    _id: ObjectId("5aaa31ee639395f86922a87f"),
    name: '3 idiots',
    actor: [ 'Kareena Kapoor', 'amir', 'kareena', 'mahadavan', 'sharman' ],
    rating: 3,
    ticket_no: 150,
    price: 200
  },
  {
    _id: ObjectId("660d20bf54cf913e506e7c2d"),
    name: 'rrr',
    rating: 'three',
    price: 300
  }
]
iacsd0324> db.movie.find({rating:{$exists:true},rating:{$not:{$type:'string'}}});
[
  {
    _id: ObjectId("5c865923d82c19b8ed996550"),
    name: 'Dil dhadakane do',
    rating: 7,
    price: 340,
    actor: "['Anil kapoor']"
  },
  {
    _id: ObjectId("5aaa31a2639395f86922a87e"),
    name: 'kahani',
    actor: [ 'aaaa', 'bbbb', 'karan', 'karri', 'vidya' ],
    ticket_no: 420,
    price: 200,
    ac7tors: [ 'bbbb' ],
    rating: 12,
    lastmodified: ISODate("2019-04-07T11:25:40.634Z")
  },
  {
    _id: ObjectId("5ca47ef82952ebdd7ae2a932"),
    name: 'newton',
    ticket_no: 690,
    actor: [ 'Rajkumar Rao', 'Pankaj Tripathi' ],
    price: 310,
    lastmodified: ISODate("2019-09-28T14:47:49.204Z"),
    rating: 4
  },
  {
    _id: ObjectId("5d6935a3470e2bef2a82cdfa"),
    name: 'mission mangal',
    price: 350,
    actor: [ 'Sonakshi', 'Vidya Balan' ],
    rating: 10
  },
  {
    _id: ObjectId("5ca47e5b2952ebdd7ae2a931"),
    name: 'padmavat',
    rating: 8,
    price: 250,
    ticket_no: 300,
    actor: [
      'Deepika',
      'shahid kapoor',
      'ranveer singh',
      'aditi Rao',
      'aaaaa'
    ],
    cancellation: { date: Timestamp({ t: 1567175239, i: 1 }) }
  },
  {
    _id: ObjectId("5d8f51ce065d3e2aa902aa22"),
    name: 'dream girl',
    actor: [ 'ayushman', 'nushrat bharucha' ],
    price: 250,
    rating: null
  },
  {
    _id: ObjectId("5d89e9adfd4adc2f84279f43"),
    name: 'chichore',
    price: 274,
    rating: 4.3,
    actor: [ 'sushant', 'shradha kapoor', 'zzz', 'harshal' ]
  },
  { _id: ObjectId("5d8f6eec620d2353221b91dd"), price: 280 },
  {
    _id: ObjectId("5bf6a38c57b2d4cc676c7a96"),
    name: 'Andhadhund',
    price: null,
    actor: [ 'Tabbu' ],
    rating: 4
  },
  {
    _id: ObjectId("5aaa3334639395f86922a881"),
    name: 'sholay',
    actor: [
      'Dharamendra',
      'Amitabh',
      'Sachin Pilgaokar',
      'Dharamendra',
      'Dharamendra',
      'Mr. Khote',
      'jaya bacchan',
      'sanjiv kapoor'
    ],
    rating: 6,
    ticket_no: 550,
    price: 350,
    position: [ 2, 2 ]
  },
  {
    _id: ObjectId("5aaa3334639395f86922a880"),
    name: 'lagaan',
    actor: [ 'amir', 'angraz' ],
    rating: 6,
    ticket_no: 410,
    price: 350,
    cancellation: {
      date: Timestamp({ t: 1554356003, i: 1 }),
      reason: 'user request'
    },
    lastModified: ISODate("2019-04-04T05:33:23.022Z")
  },
  {
    _id: ObjectId("5c8283789eb55675f0272933"),
    name: 'uri',
    rating: 5,
    actor: [ 'vicky kaushal', 'yami', 'Paresh Rawal' ]
  },
  {
    _id: ObjectId("5ca456072952ebdd7ae2a930"),
    name: 'paa',
    actor: [ 'Amitabh', 'vidya balan', 'Abhishek' ],
    rating: 2,
    price: 270,
    ticket_no: 210,
    rdate: ISODate("2019-01-23T00:00:00.000Z"),
    others: { director: 'R Balki', songs: 'Amit trivedi' }
  },
  {
    _id: ObjectId("5aaa3334639395f86922a882"),
    name: 'aradhana',
    actor: [ 'amitabh', 'prem', 'rajesh khanna' ],
    rating: 3,
    ticket_no: 550,
    price: 260
  },
  {
    _id: ObjectId("5aab6da4639395f86922a883"),
    name: 'kahani 2',
    ticket_no: 820,
    actor: [
      'vidya',  'Arjun',
      'Jonny',  'nawaz',
      'prasad', 'Shreyas',
      'Jonny',  'yash'
    ],
    rating: 5,
    price: 200
  },
  {
    _id: ObjectId("5ca453ef2952ebdd7ae2a92f"),
    name: 'Kesari',
    actor: [ 'Akshay Kumar', 'Pariniti chopra' ],
    rating: 6,
    price: 350,
    ticket_no: 270,
    rdate: ISODate("2019-01-23T00:00:00.000Z")
  },
  {
    _id: ObjectId("5bf6a36f57b2d4cc676c7a95"),
    name: 'Andhadhund',
    price: 400,
    actor: [ 'Ayushman', 'radhika' ],
    rating: 4
  },
  {
    _id: ObjectId("5aaa31ee639395f86922a87f"),
    name: '3 idiots',
    actor: [ 'Kareena Kapoor', 'amir', 'kareena', 'mahadavan', 'sharman' ],
    rating: 3,
    ticket_no: 150,
    price: 200
  },
  {
    _id: ObjectId("660c29e847e155487f7cc956"),
    name: 'titanic',
    price: 220,
    ticket_num: 456,
    release_date: ISODate("1997-03-02T00:00:00.000Z")
  }
]
iacsd0324> db.movie.updateMany({rating:{$exists:true},rating:{$not:{$type:'string'}}},{$inc:{rating:2}});
MongoServerError: Cannot apply $inc to a value of non-numeric type. {_id: ObjectId('5d8f51ce065d3e2aa902aa22')} has the field 'rating' of non-numeric type null
iacsd0324> db.movie.find({_id:ObjectId('5d8f51ce065d3e2aa902aa22'});
Uncaught:
SyntaxError: Unexpected token, expected "," (1:54)

> 1 | db.movie.find({_id:ObjectId('5d8f51ce065d3e2aa902aa22'});
    |                                                       ^
  2 |

iacsd0324> db.movie.find({_id:ObjectId('5d8f51ce065d3e2aa902aa22')});
[
  {
    _id: ObjectId("5d8f51ce065d3e2aa902aa22"),
    name: 'dream girl',
    actor: [ 'ayushman', 'nushrat bharucha' ],
    price: 250,
    rating: null
  }
]
iacsd0324> db.movie.updateMany({rating:{$nin:[null],$exists:true},rating:{$not:{$type:'string'}}},{$inc:{rating:2}});
MongoServerError: Cannot apply $inc to a value of non-numeric type. {_id: ObjectId('5d8f51ce065d3e2aa902aa22')} has the field 'rating' of non-numeric type null
iacsd0324> db.movie.updateMany({},{$inc:{price:200}});
MongoServerError: Cannot apply $inc to a value of non-numeric type. {_id: ObjectId('5bf6a38c57b2d4cc676c7a96')} has the field 'price' of non-numeric type null
iacsd0324> db.movie.updateMany({price:{$nin:[null],$exists:true}},{$inc:{price:200}});
{
  acknowledged: true,
  insertedId: null,
  matchedCount: 18,
  modifiedCount: 18,
  upsertedCount: 0
}
iacsd0324> db.movie.find();
[
  {
    _id: ObjectId("5c865923d82c19b8ed996550"),
    name: 'Dil dhadakane do',
    rating: 11,
    price: 740,
    actor: "['Anil kapoor']"
  },
  {
    _id: ObjectId("5aaa31a2639395f86922a87e"),
    name: 'kahani',
    actor: [ 'aaaa', 'bbbb', 'karan', 'karri', 'vidya' ],
    ticket_no: 420,
    price: 600,
    ac7tors: [ 'bbbb' ],
    rating: 16,
    lastmodified: ISODate("2019-04-07T11:25:40.634Z")
  },
  {
    _id: ObjectId("5ca47ef82952ebdd7ae2a932"),
    name: 'newton',
    ticket_no: 690,
    actor: [ 'Rajkumar Rao', 'Pankaj Tripathi' ],
    price: 710,
    lastmodified: ISODate("2019-09-28T14:47:49.204Z"),
    rating: 8
  },
  {
    _id: ObjectId("5d6935a3470e2bef2a82cdfa"),
    name: 'mission mangal',
    price: 750,
    actor: [ 'Sonakshi', 'Vidya Balan' ],
    rating: 14
  },
  {
    _id: ObjectId("5ca47e5b2952ebdd7ae2a931"),
    name: 'padmavat',
    rating: 12,
    price: 650,
    ticket_no: 300,
    actor: [
      'Deepika',
      'shahid kapoor',
      'ranveer singh',
      'aditi Rao',
      'aaaaa'
    ],
    cancellation: { date: Timestamp({ t: 1567175239, i: 1 }) }
  },
  {
    _id: ObjectId("5d8f51ce065d3e2aa902aa22"),
    name: 'dream girl',
    actor: [ 'ayushman', 'nushrat bharucha' ],
    price: 650,
    rating: null
  },
  {
    _id: ObjectId("5d89e9adfd4adc2f84279f43"),
    name: 'chichore',
    price: 674,
    rating: 4.3,
    actor: [ 'sushant', 'shradha kapoor', 'zzz', 'harshal' ]
  },
  { _id: ObjectId("5d8f6eec620d2353221b91dd"), price: 680 },
  {
    _id: ObjectId("5bf6a38c57b2d4cc676c7a96"),
    name: 'Andhadhund',
    price: null,
    actor: [ 'Tabbu' ],
    rating: 4
  },
  {
    _id: ObjectId("5aaa3334639395f86922a881"),
    name: 'sholay',
    actor: [
      'Dharamendra',
      'Amitabh',
      'Sachin Pilgaokar',
      'Dharamendra',
      'Dharamendra',
      'Mr. Khote',
      'jaya bacchan',
      'sanjiv kapoor'
    ],
    rating: 6,
    ticket_no: 550,
    price: 550,
    position: [ 2, 2 ]
  },
  {
    _id: ObjectId("5aaa3334639395f86922a880"),
    name: 'lagaan',
    actor: [ 'amir', 'angraz' ],
    rating: 6,
    ticket_no: 410,
    price: 550,
    cancellation: {
      date: Timestamp({ t: 1554356003, i: 1 }),
      reason: 'user request'
    },
    lastModified: ISODate("2019-04-04T05:33:23.022Z")
  },
  {
    _id: ObjectId("5c8283789eb55675f0272933"),
    name: 'uri',
    rating: 5,
    actor: [ 'vicky kaushal', 'yami', 'Paresh Rawal' ]
  },
  {
    _id: ObjectId("5ca456072952ebdd7ae2a930"),
    name: 'paa',
    actor: [ 'Amitabh', 'vidya balan', 'Abhishek' ],
    rating: 2,
    price: 470,
    ticket_no: 210,
    rdate: ISODate("2019-01-23T00:00:00.000Z"),
    others: { director: 'R Balki', songs: 'Amit trivedi' }
  },
  {
    _id: ObjectId("5aaa3334639395f86922a882"),
    name: 'aradhana',
    actor: [ 'amitabh', 'prem', 'rajesh khanna' ],
    rating: 3,
    ticket_no: 550,
    price: 460
  },
  {
    _id: ObjectId("5aab6da4639395f86922a883"),
    name: 'kahani 2',
    ticket_no: 820,
    actor: [
      'vidya',  'Arjun',
      'Jonny',  'nawaz',
      'prasad', 'Shreyas',
      'Jonny',  'yash'
    ],
    rating: 5,
    price: 400
  },
  {
    _id: ObjectId("5ca453ef2952ebdd7ae2a92f"),
    name: 'Kesari',
    actor: [ 'Akshay Kumar', 'Pariniti chopra' ],
    rating: 6,
    price: 550,
    ticket_no: 270,
    rdate: ISODate("2019-01-23T00:00:00.000Z")
  },
  {
    _id: ObjectId("5bf6a36f57b2d4cc676c7a95"),
    name: 'Andhadhund',
    price: 600,
    actor: [ 'Ayushman', 'radhika' ],
    rating: 4
  },
  {
    _id: ObjectId("5aaa31ee639395f86922a87f"),
    name: '3 idiots',
    actor: [ 'Kareena Kapoor', 'amir', 'kareena', 'mahadavan', 'sharman' ],
    rating: 3,
    ticket_no: 150,
    price: 400
  },
  {
    _id: ObjectId("660c29e847e155487f7cc956"),
    name: 'titanic',
    price: 420,
    ticket_num: 456,
    release_date: ISODate("1997-03-02T00:00:00.000Z")
  },
  {
    _id: ObjectId("660d20bf54cf913e506e7c2d"),
    name: 'rrr',
    rating: 'three',
    price: 500
  }
]
Type "it" for more
iacsd0324> db.movie.updateMany({price:{$nin:[null],$exists:true}},{$inc:{price:-200}});
{
  acknowledged: true,
  insertedId: null,
  matchedCount: 18,
  modifiedCount: 18,
  upsertedCount: 0
}
iacsd0324> db.movie.find();
[
  {
    _id: ObjectId("5c865923d82c19b8ed996550"),
    name: 'Dil dhadakane do',
    rating: 11,
    price: 540,
    actor: "['Anil kapoor']"
  },
  {
    _id: ObjectId("5aaa31a2639395f86922a87e"),
    name: 'kahani',
    actor: [ 'aaaa', 'bbbb', 'karan', 'karri', 'vidya' ],
    ticket_no: 420,
    price: 400,
    ac7tors: [ 'bbbb' ],
    rating: 16,
    lastmodified: ISODate("2019-04-07T11:25:40.634Z")
  },
  {
    _id: ObjectId("5ca47ef82952ebdd7ae2a932"),
    name: 'newton',
    ticket_no: 690,
    actor: [ 'Rajkumar Rao', 'Pankaj Tripathi' ],
    price: 510,
    lastmodified: ISODate("2019-09-28T14:47:49.204Z"),
    rating: 8
  },
  {
    _id: ObjectId("5d6935a3470e2bef2a82cdfa"),
    name: 'mission mangal',
    price: 550,
    actor: [ 'Sonakshi', 'Vidya Balan' ],
    rating: 14
  },
  {
    _id: ObjectId("5ca47e5b2952ebdd7ae2a931"),
    name: 'padmavat',
    rating: 12,
    price: 450,
    ticket_no: 300,
    actor: [
      'Deepika',
      'shahid kapoor',
      'ranveer singh',
      'aditi Rao',
      'aaaaa'
    ],
    cancellation: { date: Timestamp({ t: 1567175239, i: 1 }) }
  },
  {
    _id: ObjectId("5d8f51ce065d3e2aa902aa22"),
    name: 'dream girl',
    actor: [ 'ayushman', 'nushrat bharucha' ],
    price: 450,
    rating: null
  },
  {
    _id: ObjectId("5d89e9adfd4adc2f84279f43"),
    name: 'chichore',
    price: 474,
    rating: 4.3,
    actor: [ 'sushant', 'shradha kapoor', 'zzz', 'harshal' ]
  },
  { _id: ObjectId("5d8f6eec620d2353221b91dd"), price: 480 },
  {
    _id: ObjectId("5bf6a38c57b2d4cc676c7a96"),
    name: 'Andhadhund',
    price: null,
    actor: [ 'Tabbu' ],
    rating: 4
  },
  {
    _id: ObjectId("5aaa3334639395f86922a881"),
    name: 'sholay',
    actor: [
      'Dharamendra',
      'Amitabh',
      'Sachin Pilgaokar',
      'Dharamendra',
      'Dharamendra',
      'Mr. Khote',
      'jaya bacchan',
      'sanjiv kapoor'
    ],
    rating: 6,
    ticket_no: 550,
    price: 350,
    position: [ 2, 2 ]
  },
  {
    _id: ObjectId("5aaa3334639395f86922a880"),
    name: 'lagaan',
    actor: [ 'amir', 'angraz' ],
    rating: 6,
    ticket_no: 410,
    price: 350,
    cancellation: {
      date: Timestamp({ t: 1554356003, i: 1 }),
      reason: 'user request'
    },
    lastModified: ISODate("2019-04-04T05:33:23.022Z")
  },
  {
    _id: ObjectId("5c8283789eb55675f0272933"),
    name: 'uri',
    rating: 5,
    actor: [ 'vicky kaushal', 'yami', 'Paresh Rawal' ]
  },
  {
    _id: ObjectId("5ca456072952ebdd7ae2a930"),
    name: 'paa',
    actor: [ 'Amitabh', 'vidya balan', 'Abhishek' ],
    rating: 2,
    price: 270,
    ticket_no: 210,
    rdate: ISODate("2019-01-23T00:00:00.000Z"),
    others: { director: 'R Balki', songs: 'Amit trivedi' }
  },
  {
    _id: ObjectId("5aaa3334639395f86922a882"),
    name: 'aradhana',
    actor: [ 'amitabh', 'prem', 'rajesh khanna' ],
    rating: 3,
    ticket_no: 550,
    price: 260
  },
  {
    _id: ObjectId("5aab6da4639395f86922a883"),
    name: 'kahani 2',
    ticket_no: 820,
    actor: [
      'vidya',  'Arjun',
      'Jonny',  'nawaz',
      'prasad', 'Shreyas',
      'Jonny',  'yash'
    ],
    rating: 5,
    price: 200
  },
  {
    _id: ObjectId("5ca453ef2952ebdd7ae2a92f"),
    name: 'Kesari',
    actor: [ 'Akshay Kumar', 'Pariniti chopra' ],
    rating: 6,
    price: 350,
    ticket_no: 270,
    rdate: ISODate("2019-01-23T00:00:00.000Z")
  },
  {
    _id: ObjectId("5bf6a36f57b2d4cc676c7a95"),
    name: 'Andhadhund',
    price: 400,
    actor: [ 'Ayushman', 'radhika' ],
    rating: 4
  },
  {
    _id: ObjectId("5aaa31ee639395f86922a87f"),
    name: '3 idiots',
    actor: [ 'Kareena Kapoor', 'amir', 'kareena', 'mahadavan', 'sharman' ],
    rating: 3,
    ticket_no: 150,
    price: 200
  },
  {
    _id: ObjectId("660c29e847e155487f7cc956"),
    name: 'titanic',
    price: 220,
    ticket_num: 456,
    release_date: ISODate("1997-03-02T00:00:00.000Z")
  },
  {
    _id: ObjectId("660d20bf54cf913e506e7c2d"),
    name: 'rrr',
    rating: 'three',
    price: 300
  }
]
Type "it" for more
iacsd0324> db.movie.find({name:'padmavat'})
[
  {
    _id: ObjectId("5ca47e5b2952ebdd7ae2a931"),
    name: 'padmavat',
    rating: 12,
    price: 450,
    ticket_no: 300,
    actor: [
      'Deepika',
      'shahid kapoor',
      'ranveer singh',
      'aditi Rao',
      'aaaaa'
    ],
    cancellation: { date: Timestamp({ t: 1567175239, i: 1 }) }
  }
]
iacsd0324> db.movie.updateMany({name:'padmavat'},{$set:{ticket_no:100}})
{
  acknowledged: true,
  insertedId: null,
  matchedCount: 1,
  modifiedCount: 1,
  upsertedCount: 0
}
iacsd0324> db.movie.find({name:'padmavat'})
[
  {
    _id: ObjectId("5ca47e5b2952ebdd7ae2a931"),
    name: 'padmavat',
    rating: 12,
    price: 450,
    ticket_no: 100,
    actor: [
      'Deepika',
      'shahid kapoor',
      'ranveer singh',
      'aditi Rao',
      'aaaaa'
    ],
    cancellation: { date: Timestamp({ t: 1567175239, i: 1 }) }
  }
]
iacsd0324> db.movie.updateMany({name:'padmavat'},{$set:{ticket_num:100}})
{
  acknowledged: true,
  insertedId: null,
  matchedCount: 1,
  modifiedCount: 1,
  upsertedCount: 0
}
iacsd0324> db.movie.find({name:'padmavat'})
[
  {
    _id: ObjectId("5ca47e5b2952ebdd7ae2a931"),
    name: 'padmavat',
    rating: 12,
    price: 450,
    ticket_no: 100,
    actor: [
      'Deepika',
      'shahid kapoor',
      'ranveer singh',
      'aditi Rao',
      'aaaaa'
    ],
    cancellation: { date: Timestamp({ t: 1567175239, i: 1 }) },
    ticket_num: 100
  }
]
iacsd0324> db.movie.updateMany({name:/^p/}},{$inc:{price:200},
Uncaught:
SyntaxError: Unexpected token, expected "," (1:31)

> 1 | db.movie.updateMany({name:/^p/}},{$inc:{price:200},
    |                                ^
  2 |

iacsd0324>          $set:{ticket_no:100},
Uncaught:
SyntaxError: Unexpected token (1:29)

> 1 |          $set:{ticket_no:100},
    |                              ^
  2 |

iacsd0324> db.movie.updateMany({name:/^p/},{$inc:{price:200},
...          $set:{ticket_no:100},
...              $currentDate:{'lastmodified':true}});
{
  acknowledged: true,
  insertedId: null,
  matchedCount: 2,
  modifiedCount: 2,
  upsertedCount: 0
}
iacsd0324> db.movie.find({name:/^p/})
[
  {
    _id: ObjectId("5ca47e5b2952ebdd7ae2a931"),
    name: 'padmavat',
    rating: 12,
    price: 650,
    ticket_no: 100,
    actor: [
      'Deepika',
      'shahid kapoor',
      'ranveer singh',
      'aditi Rao',
      'aaaaa'
    ],
    cancellation: { date: Timestamp({ t: 1567175239, i: 1 }) },
    ticket_num: 100,
    lastmodified: ISODate("2024-04-03T14:35:12.187Z")
  },
  {
    _id: ObjectId("5ca456072952ebdd7ae2a930"),
    name: 'paa',
    actor: [ 'Amitabh', 'vidya balan', 'Abhishek' ],
    rating: 2,
    price: 470,
    ticket_no: 100,
    rdate: ISODate("2019-01-23T00:00:00.000Z"),
    others: { director: 'R Balki', songs: 'Amit trivedi' },
    lastmodified: ISODate("2024-04-03T14:35:12.187Z")
  }
]
iacsd0324> db.movie.updateMany({ name: /^p/ }, { $inc: { price: 100 }, $set: { ticket_no: 300 }, $currentDate: { 'lastmodified': true } });
{
  acknowledged: true,
  insertedId: null,
  matchedCount: 2,
  modifiedCount: 2,
  upsertedCount: 0
}
iacsd0324> db.movie.find({name:/^p/})
[
  {
    _id: ObjectId("5ca47e5b2952ebdd7ae2a931"),
    name: 'padmavat',
    rating: 12,
    price: 750,
    ticket_no: 300,
    actor: [
      'Deepika',
      'shahid kapoor',
      'ranveer singh',
      'aditi Rao',
      'aaaaa'
    ],
    cancellation: { date: Timestamp({ t: 1567175239, i: 1 }) },
    ticket_num: 100,
    lastmodified: ISODate("2024-04-03T14:36:03.983Z")
  },
  {
    _id: ObjectId("5ca456072952ebdd7ae2a930"),
    name: 'paa',
    actor: [ 'Amitabh', 'vidya balan', 'Abhishek' ],
    rating: 2,
    price: 570,
    ticket_no: 300,
    rdate: ISODate("2019-01-23T00:00:00.000Z"),
    others: { director: 'R Balki', songs: 'Amit trivedi' },
    lastmodified: ISODate("2024-04-03T14:36:03.984Z")
  }
]
iacsd0324> db.movie.updateMany({name:/^p/},{$unset:{ticket_num:''}})
{
  acknowledged: true,
  insertedId: null,
  matchedCount: 2,
  modifiedCount: 1,
  upsertedCount: 0
}
iacsd0324> db.movie.find({name:/^p/})
[
  {
    _id: ObjectId("5ca47e5b2952ebdd7ae2a931"),
    name: 'padmavat',
    rating: 12,
    price: 750,
    ticket_no: 300,
    actor: [
      'Deepika',
      'shahid kapoor',
      'ranveer singh',
      'aditi Rao',
      'aaaaa'
    ],
    cancellation: { date: Timestamp({ t: 1567175239, i: 1 }) },
    lastmodified: ISODate("2024-04-03T14:36:03.983Z")
  },
  {
    _id: ObjectId("5ca456072952ebdd7ae2a930"),
    name: 'paa',
    actor: [ 'Amitabh', 'vidya balan', 'Abhishek' ],
    rating: 2,
    price: 570,
    ticket_no: 300,
    rdate: ISODate("2019-01-23T00:00:00.000Z"),
    others: { director: 'R Balki', songs: 'Amit trivedi' },
    lastmodified: ISODate("2024-04-03T14:36:03.984Z")
  }
]
iacsd0324> db.movie.updateMany({rating:{$nin:[null],$exists:true},rating:{$not:{$type:'string'}}},{$inc:{rating:2}});
MongoServerError: Cannot apply $inc to a value of non-numeric type. {_id: ObjectId('5d8f51ce065d3e2aa902aa22')} has the field 'rating' of non-numeric type null
iacsd0324> db.movie.find({_id: ObjectId('5d8f51ce065d3e2aa902aa22')})
[
  {
    _id: ObjectId("5d8f51ce065d3e2aa902aa22"),
    name: 'dream girl',
    actor: [ 'ayushman', 'nushrat bharucha' ],
    price: 450,
    rating: null
  }
]
iacsd0324> db.movie.updateMany({rating:{$in:[null],$exist:true}});
MongoInvalidArgumentError: Update document requires atomic operators
iacsd0324> db.movie.find({rating:{$in:[null],$exist:true}});
MongoServerError: unknown operator: $exist
iacsd0324> db.movie.find({rating:{$in:[null],$exists:true}});
[
  {
    _id: ObjectId("5d8f51ce065d3e2aa902aa22"),
    name: 'dream girl',
    actor: [ 'ayushman', 'nushrat bharucha' ],
    price: 450,
    rating: null
  }
]
iacsd0324> db.movie.find({rating:{$nin:[null],$exists:true}});
[
  {
    _id: ObjectId("5c865923d82c19b8ed996550"),
    name: 'Dil dhadakane do',
    rating: 13,
    price: 540,
    actor: "['Anil kapoor']"
  },
  {
    _id: ObjectId("5aaa31a2639395f86922a87e"),
    name: 'kahani',
    actor: [ 'aaaa', 'bbbb', 'karan', 'karri', 'vidya' ],
    ticket_no: 420,
    price: 400,
    ac7tors: [ 'bbbb' ],
    rating: 18,
    lastmodified: ISODate("2019-04-07T11:25:40.634Z")
  },
  {
    _id: ObjectId("5ca47ef82952ebdd7ae2a932"),
    name: 'newton',
    ticket_no: 690,
    actor: [ 'Rajkumar Rao', 'Pankaj Tripathi' ],
    price: 510,
    lastmodified: ISODate("2019-09-28T14:47:49.204Z"),
    rating: 10
  },
  {
    _id: ObjectId("5d6935a3470e2bef2a82cdfa"),
    name: 'mission mangal',
    price: 550,
    actor: [ 'Sonakshi', 'Vidya Balan' ],
    rating: 16
  },
  {
    _id: ObjectId("5ca47e5b2952ebdd7ae2a931"),
    name: 'padmavat',
    rating: 14,
    price: 750,
    ticket_no: 300,
    actor: [
      'Deepika',
      'shahid kapoor',
      'ranveer singh',
      'aditi Rao',
      'aaaaa'
    ],
    cancellation: { date: Timestamp({ t: 1567175239, i: 1 }) },
    lastmodified: ISODate("2024-04-03T14:36:03.983Z")
  },
  {
    _id: ObjectId("5d89e9adfd4adc2f84279f43"),
    name: 'chichore',
    price: 474,
    rating: 4.3,
    actor: [ 'sushant', 'shradha kapoor', 'zzz', 'harshal' ]
  },
  {
    _id: ObjectId("5bf6a38c57b2d4cc676c7a96"),
    name: 'Andhadhund',
    price: null,
    actor: [ 'Tabbu' ],
    rating: 4
  },
  {
    _id: ObjectId("5aaa3334639395f86922a881"),
    name: 'sholay',
    actor: [
      'Dharamendra',
      'Amitabh',
      'Sachin Pilgaokar',
      'Dharamendra',
      'Dharamendra',
      'Mr. Khote',
      'jaya bacchan',
      'sanjiv kapoor'
    ],
    rating: 6,
    ticket_no: 550,
    price: 350,
    position: [ 2, 2 ]
  },
  {
    _id: ObjectId("5aaa3334639395f86922a880"),
    name: 'lagaan',
    actor: [ 'amir', 'angraz' ],
    rating: 6,
    ticket_no: 410,
    price: 350,
    cancellation: {
      date: Timestamp({ t: 1554356003, i: 1 }),
      reason: 'user request'
    },
    lastModified: ISODate("2019-04-04T05:33:23.022Z")
  },
  {
    _id: ObjectId("5c8283789eb55675f0272933"),
    name: 'uri',
    rating: 5,
    actor: [ 'vicky kaushal', 'yami', 'Paresh Rawal' ]
  },
  {
    _id: ObjectId("5ca456072952ebdd7ae2a930"),
    name: 'paa',
    actor: [ 'Amitabh', 'vidya balan', 'Abhishek' ],
    rating: 2,
    price: 570,
    ticket_no: 300,
    rdate: ISODate("2019-01-23T00:00:00.000Z"),
    others: { director: 'R Balki', songs: 'Amit trivedi' },
    lastmodified: ISODate("2024-04-03T14:36:03.984Z")
  },
  {
    _id: ObjectId("5aaa3334639395f86922a882"),
    name: 'aradhana',
    actor: [ 'amitabh', 'prem', 'rajesh khanna' ],
    rating: 3,
    ticket_no: 550,
    price: 260
  },
  {
    _id: ObjectId("5aab6da4639395f86922a883"),
    name: 'kahani 2',
    ticket_no: 820,
    actor: [
      'vidya',  'Arjun',
      'Jonny',  'nawaz',
      'prasad', 'Shreyas',
      'Jonny',  'yash'
    ],
    rating: 5,
    price: 200
  },
  {
    _id: ObjectId("5ca453ef2952ebdd7ae2a92f"),
    name: 'Kesari',
    actor: [ 'Akshay Kumar', 'Pariniti chopra' ],
    rating: 6,
    price: 350,
    ticket_no: 270,
    rdate: ISODate("2019-01-23T00:00:00.000Z")
  },
  {
    _id: ObjectId("5bf6a36f57b2d4cc676c7a95"),
    name: 'Andhadhund',
    price: 400,
    actor: [ 'Ayushman', 'radhika' ],
    rating: 4
  },
  {
    _id: ObjectId("5aaa31ee639395f86922a87f"),
    name: '3 idiots',
    actor: [ 'Kareena Kapoor', 'amir', 'kareena', 'mahadavan', 'sharman' ],
    rating: 3,
    ticket_no: 150,
    price: 200
  },
  {
    _id: ObjectId("660d20bf54cf913e506e7c2d"),
    name: 'rrr',
    rating: 'three',
    price: 300
  }
]
iacsd0324> db.movie.find({rating:{$nin:[null],$exists:true},{rating:{$not:{$type:'string'}}}});
Uncaught:
SyntaxError: Unexpected token (1:49)

> 1 | db.movie.find({rating:{$nin:[null],$exists:true},{rating:{$not:{$type:'string'}}}});
    |                                                  ^
  2 |

iacsd0324> db.movie.find({rating:{$nin:[null],$exists:true},rating:{$not:{$type:'string'}}});
[
  {
    _id: ObjectId("5c865923d82c19b8ed996550"),
    name: 'Dil dhadakane do',
    rating: 13,
    price: 540,
    actor: "['Anil kapoor']"
  },
  {
    _id: ObjectId("5aaa31a2639395f86922a87e"),
    name: 'kahani',
    actor: [ 'aaaa', 'bbbb', 'karan', 'karri', 'vidya' ],
    ticket_no: 420,
    price: 400,
    ac7tors: [ 'bbbb' ],
    rating: 18,
    lastmodified: ISODate("2019-04-07T11:25:40.634Z")
  },
  {
    _id: ObjectId("5ca47ef82952ebdd7ae2a932"),
    name: 'newton',
    ticket_no: 690,
    actor: [ 'Rajkumar Rao', 'Pankaj Tripathi' ],
    price: 510,
    lastmodified: ISODate("2019-09-28T14:47:49.204Z"),
    rating: 10
  },
  {
    _id: ObjectId("5d6935a3470e2bef2a82cdfa"),
    name: 'mission mangal',
    price: 550,
    actor: [ 'Sonakshi', 'Vidya Balan' ],
    rating: 16
  },
  {
    _id: ObjectId("5ca47e5b2952ebdd7ae2a931"),
    name: 'padmavat',
    rating: 14,
    price: 750,
    ticket_no: 300,
    actor: [
      'Deepika',
      'shahid kapoor',
      'ranveer singh',
      'aditi Rao',
      'aaaaa'
    ],
    cancellation: { date: Timestamp({ t: 1567175239, i: 1 }) },
    lastmodified: ISODate("2024-04-03T14:36:03.983Z")
  },
  {
    _id: ObjectId("5d8f51ce065d3e2aa902aa22"),
    name: 'dream girl',
    actor: [ 'ayushman', 'nushrat bharucha' ],
    price: 450,
    rating: null
  },
  {
    _id: ObjectId("5d89e9adfd4adc2f84279f43"),
    name: 'chichore',
    price: 474,
    rating: 4.3,
    actor: [ 'sushant', 'shradha kapoor', 'zzz', 'harshal' ]
  },
  { _id: ObjectId("5d8f6eec620d2353221b91dd"), price: 480 },
  {
    _id: ObjectId("5bf6a38c57b2d4cc676c7a96"),
    name: 'Andhadhund',
    price: null,
    actor: [ 'Tabbu' ],
    rating: 4
  },
  {
    _id: ObjectId("5aaa3334639395f86922a881"),
    name: 'sholay',
    actor: [
      'Dharamendra',
      'Amitabh',
      'Sachin Pilgaokar',
      'Dharamendra',
      'Dharamendra',
      'Mr. Khote',
      'jaya bacchan',
      'sanjiv kapoor'
    ],
    rating: 6,
    ticket_no: 550,
    price: 350,
    position: [ 2, 2 ]
  },
  {
    _id: ObjectId("5aaa3334639395f86922a880"),
    name: 'lagaan',
    actor: [ 'amir', 'angraz' ],
    rating: 6,
    ticket_no: 410,
    price: 350,
    cancellation: {
      date: Timestamp({ t: 1554356003, i: 1 }),
      reason: 'user request'
    },
    lastModified: ISODate("2019-04-04T05:33:23.022Z")
  },
  {
    _id: ObjectId("5c8283789eb55675f0272933"),
    name: 'uri',
    rating: 5,
    actor: [ 'vicky kaushal', 'yami', 'Paresh Rawal' ]
  },
  {
    _id: ObjectId("5ca456072952ebdd7ae2a930"),
    name: 'paa',
    actor: [ 'Amitabh', 'vidya balan', 'Abhishek' ],
    rating: 2,
    price: 570,
    ticket_no: 300,
    rdate: ISODate("2019-01-23T00:00:00.000Z"),
    others: { director: 'R Balki', songs: 'Amit trivedi' },
    lastmodified: ISODate("2024-04-03T14:36:03.984Z")
  },
  {
    _id: ObjectId("5aaa3334639395f86922a882"),
    name: 'aradhana',
    actor: [ 'amitabh', 'prem', 'rajesh khanna' ],
    rating: 3,
    ticket_no: 550,
    price: 260
  },
  {
    _id: ObjectId("5aab6da4639395f86922a883"),
    name: 'kahani 2',
    ticket_no: 820,
    actor: [
      'vidya',  'Arjun',
      'Jonny',  'nawaz',
      'prasad', 'Shreyas',
      'Jonny',  'yash'
    ],
    rating: 5,
    price: 200
  },
  {
    _id: ObjectId("5ca453ef2952ebdd7ae2a92f"),
    name: 'Kesari',
    actor: [ 'Akshay Kumar', 'Pariniti chopra' ],
    rating: 6,
    price: 350,
    ticket_no: 270,
    rdate: ISODate("2019-01-23T00:00:00.000Z")
  },
  {
    _id: ObjectId("5bf6a36f57b2d4cc676c7a95"),
    name: 'Andhadhund',
    price: 400,
    actor: [ 'Ayushman', 'radhika' ],
    rating: 4
  },
  {
    _id: ObjectId("5aaa31ee639395f86922a87f"),
    name: '3 idiots',
    actor: [ 'Kareena Kapoor', 'amir', 'kareena', 'mahadavan', 'sharman' ],
    rating: 3,
    ticket_no: 150,
    price: 200
  },
  {
    _id: ObjectId("660c29e847e155487f7cc956"),
    name: 'titanic',
    price: 220,
    ticket_num: 456,
    release_date: ISODate("1997-03-02T00:00:00.000Z")
  }
]
iacsd0324> db.movie.updateMany({name=/^p/}},
Uncaught:
SyntaxError: Invalid shorthand property initializer. (1:25)

> 1 | db.movie.updateMany({name=/^p/}},
    |                          ^
  2 |

iacsd0324> db.movie.updateMany({name:/^p/}},
Uncaught:
SyntaxError: Unexpected token, expected "," (1:31)

> 1 | db.movie.updateMany({name:/^p/}},
    |                                ^
  2 |

iacsd0324> db.movie.updateMany({name:/^p/},{$mul:{price:1.10}});
{
  acknowledged: true,
  insertedId: null,
  matchedCount: 2,
  modifiedCount: 2,
  upsertedCount: 0
}
iacsd0324> db.movie.find({name:/^p/})
[
  {
    _id: ObjectId("5ca47e5b2952ebdd7ae2a931"),
    name: 'padmavat',
    rating: 14,
    price: 825.0000000000001,
    ticket_no: 300,
    actor: [
      'Deepika',
      'shahid kapoor',
      'ranveer singh',
      'aditi Rao',
      'aaaaa'
    ],
    cancellation: { date: Timestamp({ t: 1567175239, i: 1 }) },
    lastmodified: ISODate("2024-04-03T14:36:03.983Z")
  },
  {
    _id: ObjectId("5ca456072952ebdd7ae2a930"),
    name: 'paa',
    actor: [ 'Amitabh', 'vidya balan', 'Abhishek' ],
    rating: 2,
    price: 627,
    ticket_no: 300,
    rdate: ISODate("2019-01-23T00:00:00.000Z"),
    others: { director: 'R Balki', songs: 'Amit trivedi' },
    lastmodified: ISODate("2024-04-03T14:36:03.984Z")
  }
]
iacsd0324> db.movie.find({name:/^p/})
[
  {
    _id: ObjectId("5ca47e5b2952ebdd7ae2a931"),
    name: 'padmavat',
    rating: 14,
    price: 825.0000000000001,
    ticket_no: 300,
    actor: [
      'Deepika',
      'shahid kapoor',
      'ranveer singh',
      'aditi Rao',
      'aaaaa'
    ],
    cancellation: { date: Timestamp({ t: 1567175239, i: 1 }) },
    lastmodified: ISODate("2024-04-03T14:36:03.983Z")
  },
  {
    _id: ObjectId("5ca456072952ebdd7ae2a930"),
    name: 'paa',
    actor: [ 'Amitabh', 'vidya balan', 'Abhishek' ],
    rating: 2,
    price: 627,
    ticket_no: 300,
    rdate: ISODate("2019-01-23T00:00:00.000Z"),
    others: { director: 'R Balki', songs: 'Amit trivedi' },
    lastmodified: ISODate("2024-04-03T14:36:03.984Z")
  }
]
iacsd0324> db.movie.update({name:/^p/},{$min:{rating:3}},{multi:true})
DeprecationWarning: Collection.update() is deprecated. Use updateOne, updateMany, or bulkWrite.
{
  acknowledged: true,
  insertedId: null,
  matchedCount: 2,
  modifiedCount: 1,
  upsertedCount: 0
}
iacsd0324> db.movie.find({name:/^p/})
[
  {
    _id: ObjectId("5ca47e5b2952ebdd7ae2a931"),
    name: 'padmavat',
    rating: 3,
    price: 825.0000000000001,
    ticket_no: 300,
    actor: [
      'Deepika',
      'shahid kapoor',
      'ranveer singh',
      'aditi Rao',
      'aaaaa'
    ],
    cancellation: { date: Timestamp({ t: 1567175239, i: 1 }) },
    lastmodified: ISODate("2024-04-03T14:36:03.983Z")
  },
  {
    _id: ObjectId("5ca456072952ebdd7ae2a930"),
    name: 'paa',
    actor: [ 'Amitabh', 'vidya balan', 'Abhishek' ],
    rating: 2,
    price: 627,
    ticket_no: 300,
    rdate: ISODate("2019-01-23T00:00:00.000Z"),
    others: { director: 'R Balki', songs: 'Amit trivedi' },
    lastmodified: ISODate("2024-04-03T14:36:03.984Z")
  }
]
iacsd0324> db.movie.update({name:/^p/},{$max:{rating:3}},{multi:true})
{
  acknowledged: true,
  insertedId: null,
  matchedCount: 2,
  modifiedCount: 1,
  upsertedCount: 0
}
iacsd0324> db.movie.find({name:/^p/})
[
  {
    _id: ObjectId("5ca47e5b2952ebdd7ae2a931"),
    name: 'padmavat',
    rating: 3,
    price: 825.0000000000001,
    ticket_no: 300,
    actor: [
      'Deepika',
      'shahid kapoor',
      'ranveer singh',
      'aditi Rao',
      'aaaaa'
    ],
    cancellation: { date: Timestamp({ t: 1567175239, i: 1 }) },
    lastmodified: ISODate("2024-04-03T14:36:03.983Z")
  },
  {
    _id: ObjectId("5ca456072952ebdd7ae2a930"),
    name: 'paa',
    actor: [ 'Amitabh', 'vidya balan', 'Abhishek' ],
    rating: 3,
    price: 627,
    ticket_no: 300,
    rdate: ISODate("2019-01-23T00:00:00.000Z"),
    others: { director: 'R Balki', songs: 'Amit trivedi' },
    lastmodified: ISODate("2024-04-03T14:36:03.984Z")
  }
]
iacsd0324> db.movie.updateMany({name:/^p/},
... {$rename:{'lastmodified':'lastchange'}})
{
  acknowledged: true,
  insertedId: null,
  matchedCount: 2,
  modifiedCount: 2,
  upsertedCount: 0
}
iacsd0324> db.movie.find({name:/^p/})
[
  {
    _id: ObjectId("5ca47e5b2952ebdd7ae2a931"),
    name: 'padmavat',
    rating: 3,
    price: 825.0000000000001,
    ticket_no: 300,
    actor: [
      'Deepika',
      'shahid kapoor',
      'ranveer singh',
      'aditi Rao',
      'aaaaa'
    ],
    cancellation: { date: Timestamp({ t: 1567175239, i: 1 }) },
    lastchange: ISODate("2024-04-03T14:36:03.983Z")
  },
  {
    _id: ObjectId("5ca456072952ebdd7ae2a930"),
    name: 'paa',
    actor: [ 'Amitabh', 'vidya balan', 'Abhishek' ],
    rating: 3,
    price: 627,
    ticket_no: 300,
    rdate: ISODate("2019-01-23T00:00:00.000Z"),
    others: { director: 'R Balki', songs: 'Amit trivedi' },
    lastchange: ISODate("2024-04-03T14:36:03.984Z")
  }
]
iacsd0324> db.movie.update({name:'kashmir files'},
... {$set:{price:300},$inc:{rating:3}},
... {multi:true,upsert:true})
{
  acknowledged: true,
  insertedId: ObjectId("660d7947404a18df37e3304a"),
  matchedCount: 0,
  modifiedCount: 0,
  upsertedCount: 1
}
iacsd0324> db.movie.find({name:/^k/})
[
  {
    _id: ObjectId("5aaa31a2639395f86922a87e"),
    name: 'kahani',
    actor: [ 'aaaa', 'bbbb', 'karan', 'karri', 'vidya' ],
    ticket_no: 420,
    price: 400,
    ac7tors: [ 'bbbb' ],
    rating: 18,
    lastmodified: ISODate("2019-04-07T11:25:40.634Z")
  },
  {
    _id: ObjectId("5aab6da4639395f86922a883"),
    name: 'kahani 2',
    ticket_no: 820,
    actor: [
      'vidya',  'Arjun',
      'Jonny',  'nawaz',
      'prasad', 'Shreyas',
      'Jonny',  'yash'
    ],
    rating: 5,
    price: 200
  },
  {
    _id: ObjectId("660d7947404a18df37e3304a"),
    name: 'kashmir files',
    price: 300,
    rating: 3
  }
]
iacsd0324> db.movie.update({ name: 'kashmir files' }, { $set: { price: 350 }, $inc: { rating: 2 } }, { multi: true, upsert: true })
{
  acknowledged: true,
  insertedId: null,
  matchedCount: 1,
  modifiedCount: 1,
  upsertedCount: 0
}
iacsd0324> db.movie.update({name:'kashmir files'},{$push:{actor:'anupam kher'}})
{
  acknowledged: true,
  insertedId: null,
  matchedCount: 1,
  modifiedCount: 1,
  upsertedCount: 0
}
iacsd0324> db.movie.find({name:/^k/})
[
  {
    _id: ObjectId("5aaa31a2639395f86922a87e"),
    name: 'kahani',
    actor: [ 'aaaa', 'bbbb', 'karan', 'karri', 'vidya' ],
    ticket_no: 420,
    price: 400,
    ac7tors: [ 'bbbb' ],
    rating: 18,
    lastmodified: ISODate("2019-04-07T11:25:40.634Z")
  },
  {
    _id: ObjectId("5aab6da4639395f86922a883"),
    name: 'kahani 2',
    ticket_no: 820,
    actor: [
      'vidya',  'Arjun',
      'Jonny',  'nawaz',
      'prasad', 'Shreyas',
      'Jonny',  'yash'
    ],
    rating: 5,
    price: 200
  },
  {
    _id: ObjectId("660d7947404a18df37e3304a"),
    name: 'kashmir files',
    price: 350,
    rating: 5,
    actor: [ 'anupam kher' ]
  }
]
iacsd0324> db.movie.update({name:'kashmir files'},{$push:{actor:'chinmay'}})
{
  acknowledged: true,
  insertedId: null,
  matchedCount: 1,
  modifiedCount: 1,
  upsertedCount: 0
}
iacsd0324> db.movie.find({name:/^k/})
[
  {
    _id: ObjectId("5aaa31a2639395f86922a87e"),
    name: 'kahani',
    actor: [ 'aaaa', 'bbbb', 'karan', 'karri', 'vidya' ],
    ticket_no: 420,
    price: 400,
    ac7tors: [ 'bbbb' ],
    rating: 18,
    lastmodified: ISODate("2019-04-07T11:25:40.634Z")
  },
  {
    _id: ObjectId("5aab6da4639395f86922a883"),
    name: 'kahani 2',
    ticket_no: 820,
    actor: [
      'vidya',  'Arjun',
      'Jonny',  'nawaz',
      'prasad', 'Shreyas',
      'Jonny',  'yash'
    ],
    rating: 5,
    price: 200
  },
  {
    _id: ObjectId("660d7947404a18df37e3304a"),
    name: 'kashmir files',
    price: 350,
    rating: 5,
    actor: [ 'anupam kher', 'chinmay' ]
  }
]
iacsd0324> db.movie.update({name:'kashmir files'},{$push:{actor:{$each:['pallavi joshi','darshan']}}})
{
  acknowledged: true,
  insertedId: null,
  matchedCount: 1,
  modifiedCount: 1,
  upsertedCount: 0
}
iacsd0324> db.movie.find({name:/^k/})
[
  {
    _id: ObjectId("5aaa31a2639395f86922a87e"),
    name: 'kahani',
    actor: [ 'aaaa', 'bbbb', 'karan', 'karri', 'vidya' ],
    ticket_no: 420,
    price: 400,
    ac7tors: [ 'bbbb' ],
    rating: 18,
    lastmodified: ISODate("2019-04-07T11:25:40.634Z")
  },
  {
    _id: ObjectId("5aab6da4639395f86922a883"),
    name: 'kahani 2',
    ticket_no: 820,
    actor: [
      'vidya',  'Arjun',
      'Jonny',  'nawaz',
      'prasad', 'Shreyas',
      'Jonny',  'yash'
    ],
    rating: 5,
    price: 200
  },
  {
    _id: ObjectId("660d7947404a18df37e3304a"),
    name: 'kashmir files',
    price: 350,
    rating: 5,
    actor: [ 'anupam kher', 'chinmay', 'pallavi joshi', 'darshan' ]
  }
]
iacsd0324> db.movie.update({name:'kashmir files'},{$push:{actor:{$each:['xxx','darshan'],$position:0}}})
{
  acknowledged: true,
  insertedId: null,
  matchedCount: 1,
  modifiedCount: 1,
  upsertedCount: 0
}
iacsd0324> db.movie.find({name:/^k/})
[
  {
    _id: ObjectId("5aaa31a2639395f86922a87e"),
    name: 'kahani',
    actor: [ 'aaaa', 'bbbb', 'karan', 'karri', 'vidya' ],
    ticket_no: 420,
    price: 400,
    ac7tors: [ 'bbbb' ],
    rating: 18,
    lastmodified: ISODate("2019-04-07T11:25:40.634Z")
  },
  {
    _id: ObjectId("5aab6da4639395f86922a883"),
    name: 'kahani 2',
    ticket_no: 820,
    actor: [
      'vidya',  'Arjun',
      'Jonny',  'nawaz',
      'prasad', 'Shreyas',
      'Jonny',  'yash'
    ],
    rating: 5,
    price: 200
  },
  {
    _id: ObjectId("660d7947404a18df37e3304a"),
    name: 'kashmir files',
    price: 350,
    rating: 5,
    actor: [
      'xxx',
      'darshan',
      'anupam kher',
      'chinmay',
      'pallavi joshi',
      'darshan'
    ]
  }
]
iacsd0324> db.movie.update({name:'kashmir files'},{$push:{actor:{$each:['yyyyyy'],$position:2}}})
{
  acknowledged: true,
  insertedId: null,
  matchedCount: 1,
  modifiedCount: 1,
  upsertedCount: 0
}
iacsd0324> db.movie.find({name:/^k/})
[
  {
    _id: ObjectId("5aaa31a2639395f86922a87e"),
    name: 'kahani',
    actor: [ 'aaaa', 'bbbb', 'karan', 'karri', 'vidya' ],
    ticket_no: 420,
    price: 400,
    ac7tors: [ 'bbbb' ],
    rating: 18,
    lastmodified: ISODate("2019-04-07T11:25:40.634Z")
  },
  {
    _id: ObjectId("5aab6da4639395f86922a883"),
    name: 'kahani 2',
    ticket_no: 820,
    actor: [
      'vidya',  'Arjun',
      'Jonny',  'nawaz',
      'prasad', 'Shreyas',
      'Jonny',  'yash'
    ],
    rating: 5,
    price: 200
  },
  {
    _id: ObjectId("660d7947404a18df37e3304a"),
    name: 'kashmir files',
    price: 350,
    rating: 5,
    actor: [
      'xxx',
      'darshan',
      'yyyyyy',
      'anupam kher',
      'chinmay',
      'pallavi joshi',
      'darshan'
    ]
  }
]
iacsd0324> db.movie.update({name:'kashmir files'},
...  {$pop:{actor:-1}})
{
  acknowledged: true,
  insertedId: null,
  matchedCount: 1,
  modifiedCount: 1,
  upsertedCount: 0
}
iacsd0324> db.movie.find({name:/^k/})
[
  {
    _id: ObjectId("5aaa31a2639395f86922a87e"),
    name: 'kahani',
    actor: [ 'aaaa', 'bbbb', 'karan', 'karri', 'vidya' ],
    ticket_no: 420,
    price: 400,
    ac7tors: [ 'bbbb' ],
    rating: 18,
    lastmodified: ISODate("2019-04-07T11:25:40.634Z")
  },
  {
    _id: ObjectId("5aab6da4639395f86922a883"),
    name: 'kahani 2',
    ticket_no: 820,
    actor: [
      'vidya',  'Arjun',
      'Jonny',  'nawaz',
      'prasad', 'Shreyas',
      'Jonny',  'yash'
    ],
    rating: 5,
    price: 200
  },
  {
    _id: ObjectId("660d7947404a18df37e3304a"),
    name: 'kashmir files',
    price: 350,
    rating: 5,
    actor: [
      'darshan',
      'yyyyyy',
      'anupam kher',
      'chinmay',
      'pallavi joshi',
      'darshan'
    ]
  }
]
iacsd0324> db.movie.update({ name: 'kashmir files' }, { $pop: { actor: 1 } })
{
  acknowledged: true,
  insertedId: null,
  matchedCount: 1,
  modifiedCount: 1,
  upsertedCount: 0
}
iacsd0324> db.movie.find({name:/^k/})
[
  {
    _id: ObjectId("5aaa31a2639395f86922a87e"),
    name: 'kahani',
    actor: [ 'aaaa', 'bbbb', 'karan', 'karri', 'vidya' ],
    ticket_no: 420,
    price: 400,
    ac7tors: [ 'bbbb' ],
    rating: 18,
    lastmodified: ISODate("2019-04-07T11:25:40.634Z")
  },
  {
    _id: ObjectId("5aab6da4639395f86922a883"),
    name: 'kahani 2',
    ticket_no: 820,
    actor: [
      'vidya',  'Arjun',
      'Jonny',  'nawaz',
      'prasad', 'Shreyas',
      'Jonny',  'yash'
    ],
    rating: 5,
    price: 200
  },
  {
    _id: ObjectId("660d7947404a18df37e3304a"),
    name: 'kashmir files',
    price: 350,
    rating: 5,
    actor: [ 'darshan', 'yyyyyy', 'anupam kher', 'chinmay', 'pallavi joshi' ]
  }
]
iacsd0324>